2025-12-18 15:54:28.722 13414-13645 ReactNativeJS           com.mentra.mentra                    I  'CORE:', 'LIVE: ğŸ“¦ BLE photo transfer packet for requestId: I102062372'
2025-12-18 15:54:28.723 13414-13645 ReactNativeJS           com.mentra.mentra                    I  'CORE:', 'LIVE: ğŸ“¦ BLE photo transfer for requestId: I102062372 found: true'
2025-12-18 15:54:28.725 13414-13645 ReactNativeJS           com.mentra.mentra                    I  'CORE:', 'LIVE: ğŸ“¦ BLE photo transfer packet for requestId: photo_req_1766102062261_eozxroj'
2025-12-18 15:54:28.811 13414-13430 K900ProtocolUtils       com.mentra.mentra                    D  isK900ProtocolFormat: 35 35
2025-12-18 15:54:28.811 13414-13430 K900ProtocolUtils       com.mentra.mentra                    D  CMD_START_CODE: 35 35
2025-12-18 15:54:28.811 13414-13430 K900ProtocolUtils       com.mentra.mentra                    D  File packet extracted successfully: index=42, size=221, fileName=I102062372
2025-12-18 15:54:28.812 13414-13645 ReactNativeJS           com.mentra.mentra                    I  'CORE:', 'LIVE: ğŸ“ FILE_READ #149 (253 bytes), currentMtu=512'
2025-12-18 15:54:28.816 13414-13645 ReactNativeJS           com.mentra.mentra                    I  'CORE:', 'LIVE: ğŸ“¦ extractCompleteFilePackets: buffer has 253 bytes, first 40: 23 23 31 00 DD 00 2A 00 00 52 D0 49 31 30 32 30 36 32 33 37 32 00 00 00 00 00 00 00 00 48 F7 DE 59 1E CA 76 6A 31 95 4E '
2025-12-18 15:54:28.819 13414-13645 ReactNativeJS           com.mentra.mentra                    I  'CORE:', 'LIVE: ğŸ“¦ Header bytes 3-4: 0x00DD -> packSize BE=221, LE=56576'
2025-12-18 15:54:28.820 13414-13645 ReactNativeJS           com.mentra.mentra                    I  'CORE:', 'LIVE: ğŸ“¦ End marker check at pos 251: 73 22 F3 A0 7F [24 24] '
2025-12-18 15:54:28.821 13414-13645 ReactNativeJS           com.mentra.mentra                    I  'CORE:', 'LIVE: ğŸ“¦ âœ… Complete file packet reassembled: 253 bytes'
2025-12-18 15:54:28.823 13414-13645 ReactNativeJS           com.mentra.mentra                    I  'CORE:', 'LIVE: ğŸ“¦ âœ… Packet validated: index=42, fileName=I102062372'
2025-12-18 15:54:28.824 13414-13645 ReactNativeJS           com.mentra.mentra                    I  'CORE:', 'LIVE: ğŸ“¦ Processing file packet: I102062372 [42/95] (221 bytes)'
2025-12-18 15:54:28.825 13414-13645 ReactNativeJS           com.mentra.mentra                    I  'CORE:', 'LIVE: ğŸ“¦ BLE photo transfer packet for requestId: I102062372'
2025-12-18 15:54:28.826 13414-13645 ReactNativeJS           com.mentra.mentra                    I  'CORE:', 'LIVE: ğŸ“¦ BLE photo transfer for requestId: I102062372 found: true'
2025-12-18 15:54:28.827 13414-13645 ReactNativeJS           com.mentra.mentra                    I  'CORE:', 'LIVE: ğŸ“¦ BLE photo transfer packet for requestId: photo_req_1766102062261_eozxroj'
2025-12-18 15:54:28.894 13414-13430 K900ProtocolUtils       com.mentra.mentra                    D  isK900ProtocolFormat: 35 35
2025-12-18 15:54:28.894 13414-13430 K900ProtocolUtils       com.mentra.mentra                    D  CMD_START_CODE: 35 35
2025-12-18 15:54:28.894 13414-13430 K900ProtocolUtils       com.mentra.mentra                    D  File packet extracted successfully: index=43, size=221, fileName=I102062372
2025-12-18 15:54:28.895 13414-13645 ReactNativeJS           com.mentra.mentra                    I  'CORE:', 'LIVE: ğŸ“ FILE_READ #150 (253 bytes), currentMtu=512'
2025-12-18 15:54:28.897 13414-13645 ReactNativeJS           com.mentra.mentra                    I  'CORE:', 'LIVE: ğŸ“¦ extractCompleteFilePackets: buffer has 253 bytes, first 40: 23 23 31 00 DD 00 2B 00 00 52 D0 49 31 30 32 30 36 32 33 37 32 00 00 00 00 00 00 00 00 08 F6 E4 5F B8 52 6E 65 E8 F2 5C '
2025-12-18 15:54:28.900 13414-13645 ReactNativeJS           com.mentra.mentra                    I  'CORE:', 'LIVE: ğŸ“¦ Header bytes 3-4: 0x00DD -> packSize BE=221, LE=56576'
2025-12-18 15:54:28.903 13414-13645 ReactNativeJS           com.mentra.mentra                    I  'CORE:', 'LIVE: ğŸ“¦ End marker check at pos 251: BD FA D8 51 7F [24 24] '
2025-12-18 15:54:28.904 13414-13645 ReactNativeJS           com.mentra.mentra                    I  'CORE:', 'LIVE: ğŸ“¦ âœ… Complete file packet reassembled: 253 bytes'
2025-12-18 15:54:28.905 13414-13645 ReactNativeJS           com.mentra.mentra                    I  'CORE:', 'LIVE: ğŸ“¦ âœ… Packet validated: index=43, fileName=I102062372'
2025-12-18 15:54:28.907 13414-13645 ReactNativeJS           com.mentra.mentra                    I  'CORE:', 'LIVE: ğŸ“¦ Processing file packet: I102062372 [43/95] (221 bytes)'
2025-12-18 15:54:28.908 13414-13645 ReactNativeJS           com.mentra.mentra                    I  'CORE:', 'LIVE: ğŸ“¦ BLE photo transfer packet for requestId: I102062372'
2025-12-18 15:54:28.909 13414-13645 ReactNativeJS           com.mentra.mentra                    I  'CORE:', 'LIVE: ğŸ“¦ BLE photo transfer for requestId: I102062372 found: true'
2025-12-18 15:54:28.910 13414-13645 ReactNativeJS           com.mentra.mentra                    I  'CORE:', 'LIVE: ğŸ“¦ BLE photo transfer packet for requestId: photo_req_1766102062261_eozxroj'
2025-12-18 15:54:28.997 13414-13430 K900ProtocolUtils       com.mentra.mentra                    D  isK900ProtocolFormat: 35 35
2025-12-18 15:54:28.997 13414-13430 K900ProtocolUtils       com.mentra.mentra                    D  CMD_START_CODE: 35 35
2025-12-18 15:54:28.997 13414-13430 K900ProtocolUtils       com.mentra.mentra                    D  File packet extracted successfully: index=44, size=221, fileName=I102062372
2025-12-18 15:54:28.998 13414-13645 ReactNativeJS           com.mentra.mentra                    I  'CORE:', 'LIVE: ğŸ“ FILE_READ #151 (253 bytes), currentMtu=512'
2025-12-18 15:54:29.000 13414-13645 ReactNativeJS           com.mentra.mentra                    I  'CORE:', 'LIVE: ğŸ“¦ extractCompleteFilePackets: buffer has 253 bytes, first 40: 23 23 31 00 DD 00 2C 00 00 52 D0 49 31 30 32 30 36 32 33 37 32 00 00 00 00 00 00 00 00 49 EE B4 AD A8 B0 0F 4E 80 BF 73 '
2025-12-18 15:54:29.002 13414-13645 ReactNativeJS           com.mentra.mentra                    I  'CORE:', 'LIVE: ğŸ“¦ Header bytes 3-4: 0x00DD -> packSize BE=221, LE=56576'
2025-12-18 15:54:29.004 13414-13645 ReactNativeJS           com.mentra.mentra                    I  'CORE:', 'LIVE: ğŸ“¦ End marker check at pos 251: 9F E6 5B A8 37 [24 24] '
2025-12-18 15:54:29.006 13414-13645 ReactNativeJS           com.mentra.mentra                    I  'CORE:', 'LIVE: ğŸ“¦ âœ… Complete file packet reassembled: 253 bytes'
2025-12-18 15:54:29.008 13414-13645 ReactNativeJS           com.mentra.mentra                    I  'CORE:', 'LIVE: ğŸ“¦ âœ… Packet validated: index=44, fileName=I102062372'
2025-12-18 15:54:29.009 13414-13645 ReactNativeJS           com.mentra.mentra                    I  'CORE:', 'LIVE: ğŸ“¦ Processing file packet: I102062372 [44/95] (221 bytes)'
2025-12-18 15:54:29.010 13414-13645 ReactNativeJS           com.mentra.mentra                    I  'CORE:', 'LIVE: ğŸ“¦ BLE photo transfer packet for requestId: I102062372'
2025-12-18 15:54:29.011 13414-13645 ReactNativeJS           com.mentra.mentra                    I  'CORE:', 'LIVE: ğŸ“¦ BLE photo transfer for requestId: I102062372 found: true'
2025-12-18 15:54:29.012 13414-13645 ReactNativeJS           com.mentra.mentra                    I  'CORE:', 'LIVE: ğŸ“¦ BLE photo transfer packet for requestId: photo_req_1766102062261_eozxroj'
2025-12-18 15:54:29.095 13414-13430 K900ProtocolUtils       com.mentra.mentra                    D  isK900ProtocolFormat: 35 35
2025-12-18 15:54:29.095 13414-13430 K900ProtocolUtils       com.mentra.mentra                    D  CMD_START_CODE: 35 35
2025-12-18 15:54:29.095 13414-13430 K900ProtocolUtils       com.mentra.mentra                    D  File packet extracted successfully: index=45, size=221, fileName=I102062372
2025-12-18 15:54:29.096 13414-13645 ReactNativeJS           com.mentra.mentra                    I  'CORE:', 'LIVE: ğŸ“ FILE_READ #152 (253 bytes), currentMtu=512'
2025-12-18 15:54:29.098 13414-13645 ReactNativeJS           com.mentra.mentra                    I  'CORE:', 'LIVE: ğŸ“¦ extractCompleteFilePackets: buffer has 253 bytes, first 40: 23 23 31 00 DD 00 2D 00 00 52 D0 49 31 30 32 30 36 32 33 37 32 00 00 00 00 00 00 00 00 E9 96 94 72 DC 52 CF F3 36 98 DA '
2025-12-18 15:54:29.100 13414-13645 ReactNativeJS           com.mentra.mentra                    I  'CORE:', 'LIVE: ğŸ“¦ Header bytes 3-4: 0x00DD -> packSize BE=221, LE=56576'
2025-12-18 15:54:29.101 13414-13645 ReactNativeJS           com.mentra.mentra                    I  'CORE:', 'LIVE: ğŸ“¦ End marker check at pos 251: 76 72 64 2D AC [24 24] '
2025-12-18 15:54:29.108 13414-13645 ReactNativeJS           com.mentra.mentra                    I  'CORE:', 'LIVE: ğŸ“¦ âœ… Complete file packet reassembled: 253 bytes'
2025-12-18 15:54:29.109 13414-13645 ReactNativeJS           com.mentra.mentra                    I  'CORE:', 'LIVE: ğŸ“¦ âœ… Packet validated: index=45, fileName=I102062372'
2025-12-18 15:54:29.110 13414-13645 ReactNativeJS           com.mentra.mentra                    I  'CORE:', 'LIVE: ğŸ“¦ Processing file packet: I102062372 [45/95] (221 bytes)'
2025-12-18 15:54:29.112 13414-13645 ReactNativeJS           com.mentra.mentra                    I  'CORE:', 'LIVE: ğŸ“¦ BLE photo transfer packet for requestId: I102062372'
2025-12-18 15:54:29.113 13414-13645 ReactNativeJS           com.mentra.mentra                    I  'CORE:', 'LIVE: ğŸ“¦ BLE photo transfer for requestId: I102062372 found: true'
2025-12-18 15:54:29.114 13414-13645 ReactNativeJS           com.mentra.mentra                    I  'CORE:', 'LIVE: ğŸ“¦ BLE photo transfer packet for requestId: photo_req_1766102062261_eozxroj'
2025-12-18 15:54:29.193 13414-13430 K900ProtocolUtils       com.mentra.mentra                    D  isK900ProtocolFormat: 35 35
2025-12-18 15:54:29.193 13414-13430 K900ProtocolUtils       com.mentra.mentra                    D  CMD_START_CODE: 35 35
2025-12-18 15:54:29.193 13414-13430 K900ProtocolUtils       com.mentra.mentra                    D  File packet extracted successfully: index=46, size=221, fileName=I102062372
2025-12-18 15:54:29.194 13414-13645 ReactNativeJS           com.mentra.mentra                    I  'CORE:', 'LIVE: ğŸ“ FILE_READ #153 (253 bytes), currentMtu=512'
2025-12-18 15:54:29.196 13414-13645 ReactNativeJS           com.mentra.mentra                    I  'CORE:', 'LIVE: ğŸ“¦ extractCompleteFilePackets: buffer has 253 bytes, first 40: 23 23 31 00 DD 00 2E 00 00 52 D0 49 31 30 32 30 36 32 33 37 32 00 00 00 00 00 00 00 00 D9 D7 67 9B 4A 2A 32 6B 45 BD 98 '
2025-12-18 15:54:29.197 13414-13645 ReactNativeJS           com.mentra.mentra                    I  'CORE:', 'LIVE: ğŸ“¦ Header bytes 3-4: 0x00DD -> packSize BE=221, LE=56576'
2025-12-18 15:54:29.199 13414-13645 ReactNativeJS           com.mentra.mentra                    I  'CORE:', 'LIVE: ğŸ“¦ End marker check at pos 251: CE 61 19 1A B6 [24 24] '
2025-12-18 15:54:29.200 13414-13645 ReactNativeJS           com.mentra.mentra                    I  'CORE:', 'LIVE: ğŸ“¦ âœ… Complete file packet reassembled: 253 bytes'
2025-12-18 15:54:29.202 13414-13645 ReactNativeJS           com.mentra.mentra                    I  'CORE:', 'LIVE: ğŸ“¦ âœ… Packet validated: index=46, fileName=I102062372'
2025-12-18 15:54:29.203 13414-13645 ReactNativeJS           com.mentra.mentra                    I  'CORE:', 'LIVE: ğŸ“¦ Processing file packet: I102062372 [46/95] (221 bytes)'
2025-12-18 15:54:29.204 13414-13645 ReactNativeJS           com.mentra.mentra                    I  'CORE:', 'LIVE: ğŸ“¦ BLE photo transfer packet for requestId: I102062372'
2025-12-18 15:54:29.206 13414-13645 ReactNativeJS           com.mentra.mentra                    I  'CORE:', 'LIVE: ğŸ“¦ BLE photo transfer for requestId: I102062372 found: true'
2025-12-18 15:54:29.207 13414-13645 ReactNativeJS           com.mentra.mentra                    I  'CORE:', 'LIVE: ğŸ“¦ BLE photo transfer packet for requestId: photo_req_1766102062261_eozxroj'
2025-12-18 15:54:29.282 13414-13430 K900ProtocolUtils       com.mentra.mentra                    D  isK900ProtocolFormat: 35 35
2025-12-18 15:54:29.282 13414-13430 K900ProtocolUtils       com.mentra.mentra                    D  CMD_START_CODE: 35 35
2025-12-18 15:54:29.282 13414-13430 K900ProtocolUtils       com.mentra.mentra                    D  File packet extracted successfully: index=47, size=221, fileName=I102062372
2025-12-18 15:54:29.283 13414-13645 ReactNativeJS           com.mentra.mentra                    I  'CORE:', 'LIVE: ğŸ“ FILE_READ #154 (253 bytes), currentMtu=512'
2025-12-18 15:54:29.286 13414-13645 ReactNativeJS           com.mentra.mentra                    I  'CORE:', 'LIVE: ğŸ“¦ extractCompleteFilePackets: buffer has 253 bytes, first 40: 23 23 31 00 DD 00 2F 00 00 52 D0 49 31 30 32 30 36 32 33 37 32 00 00 00 00 00 00 00 00 C5 85 96 B6 41 32 CF FE 92 67 90 '
2025-12-18 15:54:29.287 13414-13645 ReactNativeJS           com.mentra.mentra                    I  'CORE:', 'LIVE: ğŸ“¦ Header bytes 3-4: 0x00DD -> packSize BE=221, LE=56576'
2025-12-18 15:54:29.289 13414-13645 ReactNativeJS           com.mentra.mentra                    I  'CORE:', 'LIVE: ğŸ“¦ End marker check at pos 251: B0 91 C5 3D 1D [24 24] '
2025-12-18 15:54:29.291 13414-13645 ReactNativeJS           com.mentra.mentra                    I  'CORE:', 'LIVE: ğŸ“¦ âœ… Complete file packet reassembled: 253 bytes'
2025-12-18 15:54:29.292 13414-13645 ReactNativeJS           com.mentra.mentra                    I  'CORE:', 'LIVE: ğŸ“¦ âœ… Packet validated: index=47, fileName=I102062372'
2025-12-18 15:54:29.294 13414-13645 ReactNativeJS           com.mentra.mentra                    I  'CORE:', 'LIVE: ğŸ“¦ Processing file packet: I102062372 [47/95] (221 bytes)'
2025-12-18 15:54:29.295 13414-13645 ReactNativeJS           com.mentra.mentra                    I  'CORE:', 'LIVE: ğŸ“¦ BLE photo transfer packet for requestId: I102062372'
2025-12-18 15:54:29.296 13414-13645 ReactNativeJS           com.mentra.mentra                    I  'CORE:', 'LIVE: ğŸ“¦ BLE photo transfer for requestId: I102062372 found: true'
2025-12-18 15:54:29.298 13414-13645 ReactNativeJS           com.mentra.mentra                    I  'CORE:', 'LIVE: ğŸ“¦ BLE photo transfer packet for requestId: photo_req_1766102062261_eozxroj'
2025-12-18 15:54:29.383 13414-13430 K900ProtocolUtils       com.mentra.mentra                    D  isK900ProtocolFormat: 35 35
2025-12-18 15:54:29.383 13414-13430 K900ProtocolUtils       com.mentra.mentra                    D  CMD_START_CODE: 35 35
2025-12-18 15:54:29.383 13414-13430 K900ProtocolUtils       com.mentra.mentra                    D  File packet extracted successfully: index=48, size=221, fileName=I102062372
2025-12-18 15:54:29.384 13414-13645 ReactNativeJS           com.mentra.mentra                    I  'CORE:', 'LIVE: ğŸ“ FILE_READ #155 (253 bytes), currentMtu=512'
2025-12-18 15:54:29.386 13414-13645 ReactNativeJS           com.mentra.mentra                    I  'CORE:', 'LIVE: ğŸ“¦ extractCompleteFilePackets: buffer has 253 bytes, first 40: 23 23 31 00 DD 00 30 00 00 52 D0 49 31 30 32 30 36 32 33 37 32 00 00 00 00 00 00 00 00 37 4E B7 CB 83 90 5A FE 3A F2 82 '
2025-12-18 15:54:29.388 13414-13645 ReactNativeJS           com.mentra.mentra                    I  'CORE:', 'LIVE: ğŸ“¦ Header bytes 3-4: 0x00DD -> packSize BE=221, LE=56576'
2025-12-18 15:54:29.391 13414-13645 ReactNativeJS           com.mentra.mentra                    I  'CORE:', 'LIVE: ğŸ“¦ End marker check at pos 251: 6A 11 46 22 BD [24 24] '
2025-12-18 15:54:29.392 13414-13645 ReactNativeJS           com.mentra.mentra                    I  'CORE:', 'LIVE: ğŸ“¦ âœ… Complete file packet reassembled: 253 bytes'
2025-12-18 15:54:29.394 13414-13645 ReactNativeJS           com.mentra.mentra                    I  'CORE:', 'LIVE: ğŸ“¦ âœ… Packet validated: index=48, fileName=I102062372'
2025-12-18 15:54:29.396 13414-13645 ReactNativeJS           com.mentra.mentra                    I  'CORE:', 'LIVE: ğŸ“¦ Processing file packet: I102062372 [48/95] (221 bytes)'
2025-12-18 15:54:29.397 13414-13645 ReactNativeJS           com.mentra.mentra                    I  'CORE:', 'LIVE: ğŸ“¦ BLE photo transfer packet for requestId: I102062372'
2025-12-18 15:54:29.399 13414-13645 ReactNativeJS           com.mentra.mentra                    I  'CORE:', 'LIVE: ğŸ“¦ BLE photo transfer for requestId: I102062372 found: true'
2025-12-18 15:54:29.400 13414-13645 ReactNativeJS           com.mentra.mentra                    I  'CORE:', 'LIVE: ğŸ“¦ BLE photo transfer packet for requestId: photo_req_1766102062261_eozxroj'
2025-12-18 15:54:29.473 13414-13430 K900ProtocolUtils       com.mentra.mentra                    D  isK900ProtocolFormat: 35 35
2025-12-18 15:54:29.473 13414-13430 K900ProtocolUtils       com.mentra.mentra                    D  CMD_START_CODE: 35 35
2025-12-18 15:54:29.473 13414-13430 K900ProtocolUtils       com.mentra.mentra                    D  File packet extracted successfully: index=49, size=221, fileName=I102062372
2025-12-18 15:54:29.474 13414-13645 ReactNativeJS           com.mentra.mentra                    I  'CORE:', 'LIVE: ğŸ“ FILE_READ #156 (253 bytes), currentMtu=512'
2025-12-18 15:54:29.477 13414-13645 ReactNativeJS           com.mentra.mentra                    I  'CORE:', 'LIVE: ğŸ“¦ extractCompleteFilePackets: buffer has 253 bytes, first 40: 23 23 31 00 DD 00 31 00 00 52 D0 49 31 30 32 30 36 32 33 37 32 00 00 00 00 00 00 00 00 49 31 68 ED 8C CC 1B 0B 3A A0 A1 '
2025-12-18 15:54:29.479 13414-13645 ReactNativeJS           com.mentra.mentra                    I  'CORE:', 'LIVE: ğŸ“¦ Header bytes 3-4: 0x00DD -> packSize BE=221, LE=56576'
2025-12-18 15:54:29.480 13414-13645 ReactNativeJS           com.mentra.mentra                    I  'CORE:', 'LIVE: ğŸ“¦ End marker check at pos 251: 56 C0 85 08 46 [24 24] '
2025-12-18 15:54:29.482 13414-13645 ReactNativeJS           com.mentra.mentra                    I  'CORE:', 'LIVE: ğŸ“¦ âœ… Complete file packet reassembled: 253 bytes'
2025-12-18 15:54:29.483 13414-13645 ReactNativeJS           com.mentra.mentra                    I  'CORE:', 'LIVE: ğŸ“¦ âœ… Packet validated: index=49, fileName=I102062372'
2025-12-18 15:54:29.485 13414-13645 ReactNativeJS           com.mentra.mentra                    I  'CORE:', 'LIVE: ğŸ“¦ Processing file packet: I102062372 [49/95] (221 bytes)'
2025-12-18 15:54:29.486 13414-13645 ReactNativeJS           com.mentra.mentra                    I  'CORE:', 'LIVE: ğŸ“¦ BLE photo transfer packet for requestId: I102062372'
2025-12-18 15:54:29.487 13414-13645 ReactNativeJS           com.mentra.mentra                    I  'CORE:', 'LIVE: ğŸ“¦ BLE photo transfer for requestId: I102062372 found: true'
2025-12-18 15:54:29.488 13414-13645 ReactNativeJS           com.mentra.mentra                    I  'CORE:', 'LIVE: ğŸ“¦ BLE photo transfer packet for requestId: photo_req_1766102062261_eozxroj'
2025-12-18 15:54:29.576 13414-13430 K900ProtocolUtils       com.mentra.mentra                    D  isK900ProtocolFormat: 35 35
2025-12-18 15:54:29.576 13414-13430 K900ProtocolUtils       com.mentra.mentra                    D  CMD_START_CODE: 35 35
2025-12-18 15:54:29.576 13414-13430 K900ProtocolUtils       com.mentra.mentra                    D  File packet extracted successfully: index=50, size=221, fileName=I102062372
2025-12-18 15:54:29.576 13414-13645 ReactNativeJS           com.mentra.mentra                    I  'CORE:', 'LIVE: ğŸ“ FILE_READ #157 (253 bytes), currentMtu=512'
2025-12-18 15:54:29.580 13414-13645 ReactNativeJS           com.mentra.mentra                    I  'CORE:', 'LIVE: ğŸ“¦ extractCompleteFilePackets: buffer has 253 bytes, first 40: 23 23 31 00 DD 00 32 00 00 52 D0 49 31 30 32 30 36 32 33 37 32 00 00 00 00 00 00 00 00 FC 48 4F 2C 06 21 06 77 2F 2F 01 '
2025-12-18 15:54:29.582 13414-13645 ReactNativeJS           com.mentra.mentra                    I  'CORE:', 'LIVE: ğŸ“¦ Header bytes 3-4: 0x00DD -> packSize BE=221, LE=56576'
2025-12-18 15:54:29.584 13414-13645 ReactNativeJS           com.mentra.mentra                    I  'CORE:', 'LIVE: ğŸ“¦ End marker check at pos 251: A7 BA 0D 5E 13 [24 24] '
2025-12-18 15:54:29.586 13414-13645 ReactNativeJS           com.mentra.mentra                    I  'CORE:', 'LIVE: ğŸ“¦ âœ… Complete file packet reassembled: 253 bytes'
2025-12-18 15:54:29.587 13414-13645 ReactNativeJS           com.mentra.mentra                    I  'CORE:', 'LIVE: ğŸ“¦ âœ… Packet validated: index=50, fileName=I102062372'
2025-12-18 15:54:29.589 13414-13645 ReactNativeJS           com.mentra.mentra                    I  'CORE:', 'LIVE: ğŸ“¦ Processing file packet: I102062372 [50/95] (221 bytes)'
2025-12-18 15:54:29.590 13414-13645 ReactNativeJS           com.mentra.mentra                    I  'CORE:', 'LIVE: ğŸ“¦ BLE photo transfer packet for requestId: I102062372'
2025-12-18 15:54:29.592 13414-13645 ReactNativeJS           com.mentra.mentra                    I  'CORE:', 'LIVE: ğŸ“¦ BLE photo transfer for requestId: I102062372 found: true'
2025-12-18 15:54:29.593 13414-13645 ReactNativeJS           com.mentra.mentra                    I  'CORE:', 'LIVE: ğŸ“¦ BLE photo transfer packet for requestId: photo_req_1766102062261_eozxroj'
2025-12-18 15:54:29.663 13414-13430 K900ProtocolUtils       com.mentra.mentra                    D  isK900ProtocolFormat: 35 35
2025-12-18 15:54:29.663 13414-13430 K900ProtocolUtils       com.mentra.mentra                    D  CMD_START_CODE: 35 35
2025-12-18 15:54:29.663 13414-13430 K900ProtocolUtils       com.mentra.mentra                    D  File packet extracted successfully: index=51, size=221, fileName=I102062372
2025-12-18 15:54:29.664 13414-13645 ReactNativeJS           com.mentra.mentra                    I  'CORE:', 'LIVE: ğŸ“ FILE_READ #158 (253 bytes), currentMtu=512'
2025-12-18 15:54:29.665 13414-13645 ReactNativeJS           com.mentra.mentra                    I  'CORE:', 'LIVE: ğŸ“¦ extractCompleteFilePackets: buffer has 253 bytes, first 40: 23 23 31 00 DD 00 33 00 00 52 D0 49 31 30 32 30 36 32 33 37 32 00 00 00 00 00 00 00 00 D5 5D 7A D6 CA C9 F9 C0 46 CA 37 '
2025-12-18 15:54:29.667 13414-13645 ReactNativeJS           com.mentra.mentra                    I  'CORE:', 'LIVE: ğŸ“¦ Header bytes 3-4: 0x00DD -> packSize BE=221, LE=56576'
2025-12-18 15:54:29.668 13414-13645 ReactNativeJS           com.mentra.mentra                    I  'CORE:', 'LIVE: ğŸ“¦ End marker check at pos 251: 3D 6C 41 42 B0 [24 24] '
2025-12-18 15:54:29.670 13414-13645 ReactNativeJS           com.mentra.mentra                    I  'CORE:', 'LIVE: ğŸ“¦ âœ… Complete file packet reassembled: 253 bytes'
2025-12-18 15:54:29.671 13414-13645 ReactNativeJS           com.mentra.mentra                    I  'CORE:', 'LIVE: ğŸ“¦ âœ… Packet validated: index=51, fileName=I102062372'
2025-12-18 15:54:29.673 13414-13645 ReactNativeJS           com.mentra.mentra                    I  'CORE:', 'LIVE: ğŸ“¦ Processing file packet: I102062372 [51/95] (221 bytes)'
2025-12-18 15:54:29.674 13414-13645 ReactNativeJS           com.mentra.mentra                    I  'CORE:', 'LIVE: ğŸ“¦ BLE photo transfer packet for requestId: I102062372'
2025-12-18 15:54:29.676 13414-13645 ReactNativeJS           com.mentra.mentra                    I  'CORE:', 'LIVE: ğŸ“¦ BLE photo transfer for requestId: I102062372 found: true'
2025-12-18 15:54:29.677 13414-13645 ReactNativeJS           com.mentra.mentra                    I  'CORE:', 'LIVE: ğŸ“¦ BLE photo transfer packet for requestId: photo_req_1766102062261_eozxroj'
2025-12-18 15:54:29.774 13414-13645 ReactNativeJS           com.mentra.mentra                    I  'CORE:', 'LIVE: ğŸ“ FILE_READ #159 (136 bytes), currentMtu=512'
2025-12-18 15:54:29.777 13414-13645 ReactNativeJS           com.mentra.mentra                    I  'CORE:', 'LIVE: ğŸ“¦ extractCompleteFilePackets: buffer has 136 bytes, first 40: 23 23 31 00 68 00 34 00 00 52 D0 49 31 30 32 30 36 32 33 37 32 00 00 00 00 00 00 00 00 0D 02 F4 EF 70 51 D6 32 69 F4 81 '
2025-12-18 15:54:29.778 13414-13430 K900ProtocolUtils       com.mentra.mentra                    D  isK900ProtocolFormat: 35 35
2025-12-18 15:54:29.778 13414-13430 K900ProtocolUtils       com.mentra.mentra                    D  CMD_START_CODE: 35 35
2025-12-18 15:54:29.778 13414-13430 K900ProtocolUtils       com.mentra.mentra                    D  File packet extracted successfully: index=52, size=104, fileName=I102062372
2025-12-18 15:54:29.780 13414-13645 ReactNativeJS           com.mentra.mentra                    I  'CORE:', 'LIVE: ğŸ“¦ Header bytes 3-4: 0x0068 -> packSize BE=104, LE=26624'
2025-12-18 15:54:29.780 13414-13414 FileTransferSession     com.mentra.mentra                    I  ğŸ“¦ Assembling file: headerFileSize=21200, actualFileSize=11596, totalPackets=53
2025-12-18 15:54:29.781 13414-13645 ReactNativeJS           com.mentra.mentra                    I  'CORE:', 'LIVE: ğŸ“¦ End marker check at pos 134: CC 70 A2 80 AD [24 24] '
2025-12-18 15:54:29.782 13414-13645 ReactNativeJS           com.mentra.mentra                    I  'CORE:', 'LIVE: ğŸ“¦ âœ… Complete file packet reassembled: 136 bytes'
2025-12-18 15:54:29.783 13414-13414 Live                    com.mentra.mentra                    D  âœ… Sending transfer completion confirmation for: I102062372 (success: true)
2025-12-18 15:54:29.783 13414-14664 BlePhotoUploadService   com.mentra.mentra                    D  Processing BLE photo for upload. Image size: 11596 bytes
2025-12-18 15:54:29.783 13414-14664 BlePhotoUploadService   com.mentra.mentra                    D  Detected AVIF image format
2025-12-18 15:54:29.783 13414-14664 Kumiho-Kumiho           com.mentra.mentra                    W  isSupportedFormat: Format is not supported
2025-12-18 15:54:29.784 13414-13645 ReactNativeJS           com.mentra.mentra                    I  'CORE:', 'LIVE: ğŸ“¦ âœ… Packet validated: index=52, fileName=I102062372'
2025-12-18 15:54:29.785 13414-13645 ReactNativeJS           com.mentra.mentra                    I  'CORE:', 'LIVE: ğŸ“¦ Processing file packet: I102062372 [52/203] (104 bytes)'
2025-12-18 15:54:29.786 13414-14664 MediaCodecList          com.mentra.mentra                    D  codecHandlesFormat: no format, so no extra checks
2025-12-18 15:54:29.786 13414-13645 ReactNativeJS           com.mentra.mentra                    I  'CORE:', 'LIVE: ğŸ“¦ BLE photo transfer packet for requestId: I102062372'
2025-12-18 15:54:29.787 13414-14664 MediaCodecList          com.mentra.mentra                    D  codecHandlesFormat: no format, so no extra checks
2025-12-18 15:54:29.787 13414-13645 ReactNativeJS           com.mentra.mentra                    I  'CORE:', 'LIVE: ğŸ“¦ BLE photo transfer for requestId: I102062372 found: true'
2025-12-18 15:54:29.789 13414-13645 ReactNativeJS           com.mentra.mentra                    I  'CORE:', 'LIVE: ğŸ“¦ BLE photo transfer packet for requestId: photo_req_1766102062261_eozxroj'
2025-12-18 15:54:29.790 13414-13645 ReactNativeJS           com.mentra.mentra                    I  'CORE:', 'LIVE: âœ… BLE photo transfer complete: I102062372'
2025-12-18 15:54:29.790 13414-14665 CCodec                  com.mentra.mentra                    I  state->set(ALLOCATING)
2025-12-18 15:54:29.791 13414-14666 CCodec                  com.mentra.mentra                    I  allocate(c2.android.av1-dav1d.decoder)
2025-12-18 15:54:29.791 13414-14666 CCodec                  com.mentra.mentra                    D  allocate(c2.android.av1-dav1d.decoder)
2025-12-18 15:54:29.791 13414-13645 ReactNativeJS           com.mentra.mentra                    I  'CORE:', 'LIVE: â±ï¸ Total duration (request to complete): 7408ms'
2025-12-18 15:54:29.792 13414-13645 ReactNativeJS           com.mentra.mentra                    I  'CORE:', 'LIVE: â±ï¸ Glasses compression: 680ms'
2025-12-18 15:54:29.793 13414-14666 CCodec                  com.mentra.mentra                    I  setting up 'default' as default (vendor) store
2025-12-18 15:54:29.793 13414-13645 ReactNativeJS           com.mentra.mentra                    I  'CORE:', 'LIVE: â±ï¸ BLE transfer duration: 5016ms'
2025-12-18 15:54:29.794 13414-13645 ReactNativeJS           com.mentra.mentra                    I  'CORE:', 'LIVE: ğŸ“Š Transfer rate: 4226 bytes/sec'
2025-12-18 15:54:29.796 13414-13645 ReactNativeJS           com.mentra.mentra                    I  'CORE:', 'LIVE: Processing BLE photo for upload. RequestId: photo_req_1766102062261_eozxroj'
2025-12-18 15:54:29.796 13414-14666 CCodec                  com.mentra.mentra                    I  Created component [c2.android.av1-dav1d.decoder] for [c2.android.av1-dav1d.decoder]
2025-12-18 15:54:29.796 13414-14666 CCodec                  com.mentra.mentra                    I  [c2.android.av1-dav1d.decoder] state->set(ALLOCATED)
2025-12-18 15:54:29.796 13414-14666 CCodecConfig            com.mentra.mentra                    D  read media type: video/av01
2025-12-18 15:54:29.797 13414-13645 ReactNativeJS           com.mentra.mentra                    I  'CORE:', 'LIVE: ğŸ’¾ Saved BLE photo locally: /storage/emulated/0/Android/data/com.mentra.mentra/files/MentraLive_Images/BLE_I102062372_1766102069781.avif'
2025-12-18 15:54:29.798 13414-13645 ReactNativeJS           com.mentra.mentra                    I  'CORE:', 'LIVE: ğŸ“¤ Sending JSON with esoteric message ID 3464635672486800539: {"type":"transfer_complete","fileName":"I102062372","success":true,"timestamp":1766102069783,"mId":3464635672486800539}'
2025-12-18 15:54:29.799 13414-14666 ReflectedParamUpdater   com.mentra.mentra                    D  extent() != 1 for single value type: algo.buffers.max-count.values
2025-12-18 15:54:29.799 13414-13645 ReactNativeJS           com.mentra.mentra                    I  'CORE:', 'LIVE: ğŸ“‹ Tracking message 3464635672486800539 for ACK (timeout: 2000ms)'
2025-12-18 15:54:29.799 13414-14666 ReflectedParamUpdater   com.mentra.mentra                    D  extent() != 1 for single value type: output.subscribed-indices.values
2025-12-18 15:54:29.799 13414-14666 ReflectedParamUpdater   com.mentra.mentra                    D  extent() != 1 for single value type: input.buffers.allocator-ids.values
2025-12-18 15:54:29.799 13414-14666 ReflectedParamUpdater   com.mentra.mentra                    D  extent() != 1 for single value type: output.buffers.allocator-ids.values
2025-12-18 15:54:29.799 13414-14666 ReflectedParamUpdater   com.mentra.mentra                    D  extent() != 1 for single value type: algo.buffers.allocator-ids.values
2025-12-18 15:54:29.799 13414-14666 ReflectedParamUpdater   com.mentra.mentra                    D  extent() != 1 for single value type: output.buffers.pool-ids.values
2025-12-18 15:54:29.800 13414-14666 ReflectedParamUpdater   com.mentra.mentra                    D  extent() != 1 for single value type: algo.buffers.pool-ids.values
2025-12-18 15:54:29.800 13414-13645 ReactNativeJS           com.mentra.mentra                    I  'CORE:', 'LIVE: Sending data to glasses: {"type":"transfer_complete","fileName":"I102062372","success":true,"timestamp":1766102069783,"mId":3464635672486800539}'
2025-12-18 15:54:29.801 13414-14666 ReflectedParamUpdater   com.mentra.mentra                    D  ignored struct field coded.color-format.locations
2025-12-18 15:54:29.801 13414-13645 ReactNativeJS           com.mentra.mentra                    I  'CORE:', 'LIVE: ğŸ“‹ Added 154 to send queue - New queue size: 1'
2025-12-18 15:54:29.802 13414-13645 ReactNativeJS           com.mentra.mentra                    I  'CORE:', 'LIVE: ğŸ“¤ Sending queued data - Queue size: 0, Time since last send: 7404ms'
2025-12-18 15:54:29.803 13414-14666 CCodecConfig            com.mentra.mentra                    D  ignoring local param raw.size (0xd2001800) as it is already supported
2025-12-18 15:54:29.803 13414-14666 CCodecConfig            com.mentra.mentra                    D  ignoring local param default.color (0x5200180b) as it is already supported
2025-12-18 15:54:29.803 13414-14666 CCodecConfig            com.mentra.mentra                    D  ignoring local param raw.hdr-static-info (0xd200180a) as it is already supported
2025-12-18 15:54:29.803 13414-14666 CCodec                  com.mentra.mentra                    I  [c2.android.av1-dav1d.decoder] config->initialize() : 0
2025-12-18 15:54:29.803 13414-14666 CCodecConfig            com.mentra.mentra                    I  query failed after returning 16 values (BAD_INDEX)
2025-12-18 15:54:29.804 13414-14666 CCodecConfig            com.mentra.mentra                    D  c2 config diff is Dict {
                                                                                                      c2::u32 algo.low-latency.value = 0
                                                                                                      c2::u32 coded.pl.level = 36865
                                                                                                      c2::u32 coded.pl.profile = 36864
                                                                                                      c2::u32 coded.vui.color.matrix = 0
                                                                                                      c2::u32 coded.vui.color.primaries = 0
                                                                                                      c2::u32 coded.vui.color.range = 2
                                                                                                      c2::u32 coded.vui.color.transfer = 0
                                                                                                      c2::u32 default.color.matrix = 0
                                                                                                      c2::u32 default.color.primaries = 0
                                                                                                      c2::u32 default.color.range = 0
                                                                                                      c2::u32 default.color.transfer = 0
                                                                                                      c2::u32 input.buffers.max-size.value = 2097152
                                                                                                      c2::u32 input.delay.value = 0
                                                                                                      Buffer input.hdr10-plus-info.value = {
                                                                                                      }
                                                                                                      string input.media-type.value = "video/av01"
                                                                                                      c2::u32 output.delay.value = 4
                                                                                                      Buffer output.hdr10-plus-info.value = {
                                                                                                      }
                                                                                                      string output.media-type.value = "video/raw"
                                                                                                      c2::u32 raw.color.matrix = 0
                                                                                                      c2::u32 raw.color.primaries = 0
                                                                                                      c2::u32 raw.color.range = 2
                                                                                                      c2::u32 raw.color.transfer = 0
                                                                                                      c2::float raw.hdr-static-info.mastering.blue.x = 0
                                                                                                      c2::float raw.hdr-static-info.mastering.blue.y = 0
                                                                                                      c2::float raw.hdr-static-info.mastering.green.x = 0
                                                                                                      c2::floa
2025-12-18 15:54:29.804 13414-14666 ColorUtils              com.mentra.mentra                    W  expected specified color aspects (2:0:0:0)
2025-12-18 15:54:29.804 13414-14666 CCodec                  com.mentra.mentra                    I  [c2.android.av1-dav1d.decoder] config->queryConfiguration()
2025-12-18 15:54:29.804 13414-14666 CCodec                  com.mentra.mentra                    I  [c2.android.av1-dav1d.decoder] mCallback->onComponentAllocated() IN
2025-12-18 15:54:29.804 13414-14666 CCodec                  com.mentra.mentra                    I  [c2.android.av1-dav1d.decoder] mCallback->onComponentAllocated() OUT
2025-12-18 15:54:29.805 13414-14664 MediaCodec              com.mentra.mentra                    E  Media Quality Service not found.
2025-12-18 15:54:29.805 13414-14666 CCodec                  com.mentra.mentra                    D  [c2.android.av1-dav1d.decoder] buffers are bound to CCodec for this session
2025-12-18 15:54:29.805 13414-14666 CCodec                  com.mentra.mentra                    I  Client requested ByteBuffer mode
2025-12-18 15:54:29.805 13414-14666 CCodec                  com.mentra.mentra                    I  appPid(13414) width(640) height(360)
2025-12-18 15:54:29.806 13414-14666 CCodecConfig            com.mentra.mentra                    D  no c2 equivalents for color-format
2025-12-18 15:54:29.806 13414-14666 CCodecConfig            com.mentra.mentra                    D  no c2 equivalents for importance
2025-12-18 15:54:29.806 13414-14666 CCodecConfig            com.mentra.mentra                    D  no c2 equivalents for flags
2025-12-18 15:54:29.806 13414-14666 CCodecConfig            com.mentra.mentra                    D  c2 config diff is   c2::u32 algo.low-latency.value = 1
                                                                                                      c2::u32 raw.size.height = 360
                                                                                                      c2::u32 raw.size.width = 640
2025-12-18 15:54:29.806 13414-14666 ColorUtils              com.mentra.mentra                    W  expected specified color aspects (2:0:0:0)
2025-12-18 15:54:29.807 13414-14666 Codec2Client            com.mentra.mentra                    W  query -- param skipped: index = 1107298332.
2025-12-18 15:54:29.807 13414-14666 CCodec                  com.mentra.mentra                    D  client requested max input size 11101, which is smaller than what component recommended (2097152); overriding with component recommendation.
2025-12-18 15:54:29.807 13414-14666 CCodec                  com.mentra.mentra                    W  This behavior is subject to change. It is recommended that app developers double check whether the requested max input size is in reasonable range.
2025-12-18 15:54:29.807 13414-14666 CCodec                  com.mentra.mentra                    D  encoding statistics level = 0
2025-12-18 15:54:29.807 13414-14666 CCodec                  com.mentra.mentra                    D  setup formats input: AMessage(what = 0x00000000) = {
                                                                                                      int32_t height = 360
                                                                                                      int32_t level = 2
                                                                                                      int32_t max-input-size = 2097152
                                                                                                      string mime = "video/av01"
                                                                                                      int32_t profile = 1
                                                                                                      int32_t width = 640
                                                                                                      Rect crop(0, 0, 639, 359)
                                                                                                    }
2025-12-18 15:54:29.807 13414-14666 CCodec                  com.mentra.mentra                    D  setup formats output: AMessage(what = 0x00000000) = {
                                                                                                      int32_t android._color-format = 2135033992
                                                                                                      int32_t android._video-scaling = 1
                                                                                                      int32_t android._dataspace = 268435456
                                                                                                      int32_t color-standard = 0
                                                                                                      int32_t color-range = 2
                                                                                                      int32_t color-transfer = 0
                                                                                                      int32_t sar-height = 1
                                                                                                      int32_t rotation-degrees = 0
                                                                                                      Buffer hdr-static-info = {
                                                                                                        00000000:  00 00 00 00 00 00 00 00  00 00 00 00 00 00 00 00  ................
                                                                                                        00000010:  00 00 00 00 00 00 00 00  00                       .........
                                                                                                      }
                                                                                                      int32_t sar-width = 1
                                                                                                      Rect crop(0, 0, 639, 359)
                                                                                                      int32_t width = 640
                                                                                                      Buffer hdr10-plus-info = {
                                                                                                      }
                                                                                                      int32_t height = 360
                                                                                                      int32_t max-height = 240
                                                                                                      int32_t max-width = 320
                                                                                                      string mime = "video/raw"
                                                                                                      int32_t color-format = 2135033992
                                                                                                    }
2025-12-18 15:54:29.807 13414-14666 CCodecConfig            com.mentra.mentra                    I  query failed after returning 16 values (BAD_INDEX)
2025-12-18 15:54:29.807 13414-14666 CCodecConfig            com.mentra.mentra                    D  c2 config diff is   c2::u32 output.delay.value = 1
                                                                                                      c2::u32 raw.max-size.height = 360
                                                                                                      c2::u32 raw.max-size.width = 640
2025-12-18 15:54:29.807 13414-14666 ColorUtils              com.mentra.mentra                    W  expected specified color aspects (2:0:0:0)
2025-12-18 15:54:29.807 13414-14666 m.mentra.mentra         com.mentra.mentra                    E  Failed to query component interface for required system resources: 6
2025-12-18 15:54:29.809 13414-14665 CCodec                  com.mentra.mentra                    I  [c2.android.av1-dav1d.decoder] state->set(STARTING)
2025-12-18 15:54:29.813 13414-14666 Codec2Client            com.mentra.mentra                    W  query -- param skipped: index = 1342179345.
2025-12-18 15:54:29.813 13414-14666 Codec2Client            com.mentra.mentra                    W  query -- param skipped: index = 2415921170.
2025-12-18 15:54:29.813 13414-14666 Codec2Client            com.mentra.mentra                    W  query -- param skipped: index = 1610614798.
2025-12-18 15:54:29.814 13414-14666 CCodecBufferChannel     com.mentra.mentra                    D  [c2.android.av1-dav1d.decoder#677] Created input block pool with allocatorID 16 => poolID 19 - OK (0)
2025-12-18 15:54:29.815 13414-14502 BufferPoolAccessor2.0   com.mentra.mentra                    D  bufferpool2 0xb40000722c9138c8 : 0(0 size) total buffers - 0(0 size) used buffers - 0/5 (recycle/alloc) - 2/4 (fetch/transfer)
2025-12-18 15:54:29.815 13414-14502 BufferPoolAccessor2.0   com.mentra.mentra                    D  Destruction - bufferpool2 0xb40000722c9138c8 cached: 0/0M, 0/0% in use; allocs: 5, 0% recycled; transfers: 4, 50% unfetched
2025-12-18 15:54:29.815 13414-14502 BufferPoolAccessor2.0   com.mentra.mentra                    D  bufferpool2 0xb40000722c87fd68 : 0(0 size) total buffers - 0(0 size) used buffers - 0/5 (recycle/alloc) - 2/4 (fetch/transfer)
2025-12-18 15:54:29.815 13414-14502 BufferPoolAccessor2.0   com.mentra.mentra                    D  Destruction - bufferpool2 0xb40000722c87fd68 cached: 0/0M, 0/0% in use; allocs: 5, 0% recycled; transfers: 4, 50% unfetched
2025-12-18 15:54:29.815 13414-14666 CCodecBufferChannel     com.mentra.mentra                    I  [c2.android.av1-dav1d.decoder#677] Created output block pool with allocatorID 17 => poolID 29 - OK
2025-12-18 15:54:29.816 13414-14666 CCodecBufferChannel     com.mentra.mentra                    D  [c2.android.av1-dav1d.decoder#677] Configured output block pool ids 29 => OK
2025-12-18 15:54:29.816 13414-14666 CCodec                  com.mentra.mentra                    I  [c2.android.av1-dav1d.decoder] state->set(RUNNING)
2025-12-18 15:54:29.817 13414-14666 CCodecBufferChannel     com.mentra.mentra                    I  [c2.android.av1-dav1d.decoder#677] 4 initial input buffers available
2025-12-18 15:54:29.832 13414-14666 CCodecConfig            com.mentra.mentra                    D  c2 config diff is   c2::u32 raw.color.matrix = 3
                                                                                                      c2::u32 raw.color.primaries = 1
                                                                                                      c2::u32 raw.color.range = 1
                                                                                                      c2::u32 raw.color.transfer = 2
                                                                                                      c2::u32 raw.crop.height = 360
                                                                                                      c2::u32 raw.crop.left = 0
                                                                                                      c2::u32 raw.crop.top = 0
                                                                                                      c2::u32 raw.crop.width = 640
2025-12-18 15:54:29.832 13414-14666 CCodecBuffers           com.mentra.mentra                    D  [c2.android.av1-dav1d.decoder#677:2D-BB-Output] popFromStashAndRegister: at 0us, output format changed to AMessage(what = 0x00000000) = {
                                                                                                      int32_t android._color-format = 2135033992
                                                                                                      int32_t android._video-scaling = 1
                                                                                                      int32_t android._dataspace = 142737408
                                                                                                      int32_t color-standard = 86
                                                                                                      int32_t color-range = 1
                                                                                                      int32_t color-transfer = 2
                                                                                                      int32_t sar-height = 1
                                                                                                      int32_t rotation-degrees = 0
                                                                                                      Buffer hdr-static-info = {
                                                                                                        00000000:  00 00 00 00 00 00 00 00  00 00 00 00 00 00 00 00  ................
                                                                                                        00000010:  00 00 00 00 00 00 00 00  00                       .........
                                                                                                      }
