2025-12-17 23:43:39.592  3972-4009  CommandProtocolDetector com.mentra.asg_client                D  ğŸ” Protocol detected: ProtocolDetectionResult{type=K900 Protocol, commandType='k900_cs_flts', messageId=-1, valid=true}
2025-12-17 23:43:39.592  3972-4009  CommandProcessor        com.mentra.asg_client                I  ğŸ¯ Processing K900 protocol command
2025-12-17 23:43:39.593  3972-4009  K900CommandHandler      com.mentra.asg_client                D  ğŸ“¦ Received K900 command: cs_flts
2025-12-17 23:43:39.593  3972-4009  K900CommandHandler      com.mentra.asg_client                D  ğŸ“¦ File transfer ACK: state=1, index=44
2025-12-17 23:43:39.593  3972-4009  AsgClientServiceManager com.mentra.asg_client                D  ğŸ“¶ getBluetoothManager() called - returning: valid
2025-12-17 23:43:39.593  3972-4009  K900BluetoothManager    com.mentra.asg_client                D  ğŸ“Š File transfer ACK: state=1, index=44 (0-based: 43), ACK received after 19ms, consecutiveFailures=0, currentPacketIndex=43
2025-12-17 23:43:39.595  3972-4009  CommandProcessor        com.mentra.asg_client                W  âš ï¸ No command data extracted - processing complete{"C":"cs_flts","B":{"type":49,"state":1,"index":44}}
2025-12-17 23:43:39.595  3972-4009  AsgClientServiceV2      com.mentra.asg_client                D  âœ… Data processing delegated successfully
2025-12-17 23:43:39.670  3972-4278  K900BluetoothManager    com.mentra.asg_client                D  ğŸ“Š Sent file packet 44/52 (221 bytes) - UART send took 0ms, total method time: 1ms
2025-12-17 23:43:39.682  3972-4009  ComManager              com.mentra.asg_client                D  UART read: 59 bytes
2025-12-17 23:43:39.682  3972-4009  K900MessageParser       com.mentra.asg_client                D  Removed 59 bytes from buffer, 0 remaining
2025-12-17 23:43:39.683  3972-4009  BaseBluetoothManager    com.mentra.asg_client                D  Bluetooth data received: 52 bytes
2025-12-17 23:43:39.683  3972-4009  AsgClientServiceV2      com.mentra.asg_client                D  ğŸ“¥ Bluetooth onDataReceived() called
2025-12-17 23:43:39.683  3972-4009  AsgClientServiceV2      com.mentra.asg_client                I  ğŸ“¥ Received 52 bytes from Bluetooth
2025-12-17 23:43:39.683  3972-4009  AsgClientServiceV2      com.mentra.asg_client                D  ğŸ“‹ Data preview: {"C":"cs_flts","B":{"type":49,"state":1,"index":45}}
2025-12-17 23:43:39.684  3972-4009  AsgClientServiceV2      com.mentra.asg_client                D  ğŸ”„ Delegating data processing to CommandProcessor
2025-12-17 23:43:39.684  3972-4009  JsonParser              com.mentra.asg_client                D  âœ… Successfully parsed direct JSON JSON: {"C":"cs_flts","B":{"type":49,"state":1,"index":45}}...
2025-12-17 23:43:39.685  3972-4009  CommandProcessor        com.mentra.asg_client                D  ğŸ“Š processJsonCommand() started{"C":"cs_flts","B":{"type":49,"state":1,"index":45}}
2025-12-17 23:43:39.687  3972-4009  CommandProtocolDetector com.mentra.asg_client                D  ğŸ“¦ Detected K900 protocol format: cs_flts
2025-12-17 23:43:39.688  3972-4009  CommandProtocolDetector com.mentra.asg_client                D  ğŸ” Protocol detected: ProtocolDetectionResult{type=K900 Protocol, commandType='k900_cs_flts', messageId=-1, valid=true}
2025-12-17 23:43:39.688  3972-4009  CommandProcessor        com.mentra.asg_client                I  ğŸ¯ Processing K900 protocol command
2025-12-17 23:43:39.689  3972-4009  K900CommandHandler      com.mentra.asg_client                D  ğŸ“¦ Received K900 command: cs_flts
2025-12-17 23:43:39.689  3972-4009  K900CommandHandler      com.mentra.asg_client                D  ğŸ“¦ File transfer ACK: state=1, index=45
2025-12-17 23:43:39.689  3972-4009  AsgClientServiceManager com.mentra.asg_client                D  ğŸ“¶ getBluetoothManager() called - returning: valid
2025-12-17 23:43:39.690  3972-4009  K900BluetoothManager    com.mentra.asg_client                D  ğŸ“Š File transfer ACK: state=1, index=45 (0-based: 44), ACK received after 20ms, consecutiveFailures=0, currentPacketIndex=44
2025-12-17 23:43:39.691  3972-4009  CommandProcessor        com.mentra.asg_client                W  âš ï¸ No command data extracted - processing complete{"C":"cs_flts","B":{"type":49,"state":1,"index":45}}
2025-12-17 23:43:39.692  3972-4009  AsgClientServiceV2      com.mentra.asg_client                D  âœ… Data processing delegated successfully
2025-12-17 23:43:39.767  3972-4278  K900BluetoothManager    com.mentra.asg_client                D  ğŸ“Š Sent file packet 45/52 (221 bytes) - UART send took 0ms, total method time: 1ms
2025-12-17 23:43:39.778  3972-4009  ComManager              com.mentra.asg_client                D  UART read: 59 bytes
2025-12-17 23:43:39.779  3972-4009  K900MessageParser       com.mentra.asg_client                D  Removed 59 bytes from buffer, 0 remaining
2025-12-17 23:43:39.779  3972-4009  BaseBluetoothManager    com.mentra.asg_client                D  Bluetooth data received: 52 bytes
2025-12-17 23:43:39.779  3972-4009  AsgClientServiceV2      com.mentra.asg_client                D  ğŸ“¥ Bluetooth onDataReceived() called
2025-12-17 23:43:39.780  3972-4009  AsgClientServiceV2      com.mentra.asg_client                I  ğŸ“¥ Received 52 bytes from Bluetooth
2025-12-17 23:43:39.780  3972-4009  AsgClientServiceV2      com.mentra.asg_client                D  ğŸ“‹ Data preview: {"C":"cs_flts","B":{"type":49,"state":1,"index":46}}
2025-12-17 23:43:39.780  3972-4009  AsgClientServiceV2      com.mentra.asg_client                D  ğŸ”„ Delegating data processing to CommandProcessor
2025-12-17 23:43:39.781  3972-4009  JsonParser              com.mentra.asg_client                D  âœ… Successfully parsed direct JSON JSON: {"C":"cs_flts","B":{"type":49,"state":1,"index":46}}...
2025-12-17 23:43:39.782  3972-4009  CommandProcessor        com.mentra.asg_client                D  ğŸ“Š processJsonCommand() started{"C":"cs_flts","B":{"type":49,"state":1,"index":46}}
2025-12-17 23:43:39.783  3972-4009  CommandProtocolDetector com.mentra.asg_client                D  ğŸ“¦ Detected K900 protocol format: cs_flts
2025-12-17 23:43:39.784  3972-4009  CommandProtocolDetector com.mentra.asg_client                D  ğŸ” Protocol detected: ProtocolDetectionResult{type=K900 Protocol, commandType='k900_cs_flts', messageId=-1, valid=true}
2025-12-17 23:43:39.785  3972-4009  CommandProcessor        com.mentra.asg_client                I  ğŸ¯ Processing K900 protocol command
2025-12-17 23:43:39.785  3972-4009  K900CommandHandler      com.mentra.asg_client                D  ğŸ“¦ Received K900 command: cs_flts
2025-12-17 23:43:39.786  3972-4009  K900CommandHandler      com.mentra.asg_client                D  ğŸ“¦ File transfer ACK: state=1, index=46
2025-12-17 23:43:39.786  3972-4009  AsgClientServiceManager com.mentra.asg_client                D  ğŸ“¶ getBluetoothManager() called - returning: valid
2025-12-17 23:43:39.786  3972-4009  K900BluetoothManager    com.mentra.asg_client                D  ğŸ“Š File transfer ACK: state=1, index=46 (0-based: 45), ACK received after 20ms, consecutiveFailures=0, currentPacketIndex=45
2025-12-17 23:43:39.788  3972-4009  CommandProcessor        com.mentra.asg_client                W  âš ï¸ No command data extracted - processing complete{"C":"cs_flts","B":{"type":49,"state":1,"index":46}}
2025-12-17 23:43:39.788  3972-4009  AsgClientServiceV2      com.mentra.asg_client                D  âœ… Data processing delegated successfully
2025-12-17 23:43:39.863  3972-4278  K900BluetoothManager    com.mentra.asg_client                D  ğŸ“Š Sent file packet 46/52 (221 bytes) - UART send took 0ms, total method time: 0ms
2025-12-17 23:43:39.875  3972-4009  ComManager              com.mentra.asg_client                D  UART read: 59 bytes
2025-12-17 23:43:39.875  3972-4009  K900MessageParser       com.mentra.asg_client                D  Removed 59 bytes from buffer, 0 remaining
2025-12-17 23:43:39.876  3972-4009  BaseBluetoothManager    com.mentra.asg_client                D  Bluetooth data received: 52 bytes
2025-12-17 23:43:39.876  3972-4009  AsgClientServiceV2      com.mentra.asg_client                D  ğŸ“¥ Bluetooth onDataReceived() called
2025-12-17 23:43:39.876  3972-4009  AsgClientServiceV2      com.mentra.asg_client                I  ğŸ“¥ Received 52 bytes from Bluetooth
2025-12-17 23:43:39.877  3972-4009  AsgClientServiceV2      com.mentra.asg_client                D  ğŸ“‹ Data preview: {"C":"cs_flts","B":{"type":49,"state":1,"index":47}}
2025-12-17 23:43:39.877  3972-4009  AsgClientServiceV2      com.mentra.asg_client                D  ğŸ”„ Delegating data processing to CommandProcessor
2025-12-17 23:43:39.878  3972-4009  JsonParser              com.mentra.asg_client                D  âœ… Successfully parsed direct JSON JSON: {"C":"cs_flts","B":{"type":49,"state":1,"index":47}}...
2025-12-17 23:43:39.878  3972-4009  CommandProcessor        com.mentra.asg_client                D  ğŸ“Š processJsonCommand() started{"C":"cs_flts","B":{"type":49,"state":1,"index":47}}
2025-12-17 23:43:39.880  3972-4009  CommandProtocolDetector com.mentra.asg_client                D  ğŸ“¦ Detected K900 protocol format: cs_flts
2025-12-17 23:43:39.881  3972-4009  CommandProtocolDetector com.mentra.asg_client                D  ğŸ” Protocol detected: ProtocolDetectionResult{type=K900 Protocol, commandType='k900_cs_flts', messageId=-1, valid=true}
2025-12-17 23:43:39.881  3972-4009  CommandProcessor        com.mentra.asg_client                I  ğŸ¯ Processing K900 protocol command
2025-12-17 23:43:39.882  3972-4009  K900CommandHandler      com.mentra.asg_client                D  ğŸ“¦ Received K900 command: cs_flts
2025-12-17 23:43:39.882  3972-4009  K900CommandHandler      com.mentra.asg_client                D  ğŸ“¦ File transfer ACK: state=1, index=47
2025-12-17 23:43:39.883  3972-4009  AsgClientServiceManager com.mentra.asg_client                D  ğŸ“¶ getBluetoothManager() called - returning: valid
2025-12-17 23:43:39.883  3972-4009  K900BluetoothManager    com.mentra.asg_client                D  ğŸ“Š File transfer ACK: state=1, index=47 (0-based: 46), ACK received after 20ms, consecutiveFailures=0, currentPacketIndex=46
2025-12-17 23:43:39.884  3972-4009  CommandProcessor        com.mentra.asg_client                W  âš ï¸ No command data extracted - processing complete{"C":"cs_flts","B":{"type":49,"state":1,"index":47}}
2025-12-17 23:43:39.885  3972-4009  AsgClientServiceV2      com.mentra.asg_client                D  âœ… Data processing delegated successfully
2025-12-17 23:43:39.960  3972-4278  K900BluetoothManager    com.mentra.asg_client                D  ğŸ“Š Sent file packet 47/52 (221 bytes) - UART send took 0ms, total method time: 1ms
2025-12-17 23:43:39.971  3972-4009  ComManager              com.mentra.asg_client                D  UART read: 59 bytes
2025-12-17 23:43:39.972  3972-4009  K900MessageParser       com.mentra.asg_client                D  Removed 59 bytes from buffer, 0 remaining
2025-12-17 23:43:39.972  3972-4009  BaseBluetoothManager    com.mentra.asg_client                D  Bluetooth data received: 52 bytes
2025-12-17 23:43:39.972  3972-4009  AsgClientServiceV2      com.mentra.asg_client                D  ğŸ“¥ Bluetooth onDataReceived() called
2025-12-17 23:43:39.972  3972-4009  AsgClientServiceV2      com.mentra.asg_client                I  ğŸ“¥ Received 52 bytes from Bluetooth
2025-12-17 23:43:39.973  3972-4009  AsgClientServiceV2      com.mentra.asg_client                D  ğŸ“‹ Data preview: {"C":"cs_flts","B":{"type":49,"state":1,"index":48}}
2025-12-17 23:43:39.973  3972-4009  AsgClientServiceV2      com.mentra.asg_client                D  ğŸ”„ Delegating data processing to CommandProcessor
2025-12-17 23:43:39.974  3972-4009  JsonParser              com.mentra.asg_client                D  âœ… Successfully parsed direct JSON JSON: {"C":"cs_flts","B":{"type":49,"state":1,"index":48}}...
2025-12-17 23:43:39.974  3972-4009  CommandProcessor        com.mentra.asg_client                D  ğŸ“Š processJsonCommand() started{"C":"cs_flts","B":{"type":49,"state":1,"index":48}}
2025-12-17 23:43:39.976  3972-4009  CommandProtocolDetector com.mentra.asg_client                D  ğŸ“¦ Detected K900 protocol format: cs_flts
2025-12-17 23:43:39.978  3972-4009  CommandProtocolDetector com.mentra.asg_client                D  ğŸ” Protocol detected: ProtocolDetectionResult{type=K900 Protocol, commandType='k900_cs_flts', messageId=-1, valid=true}
2025-12-17 23:43:39.978  3972-4009  CommandProcessor        com.mentra.asg_client                I  ğŸ¯ Processing K900 protocol command
2025-12-17 23:43:39.978  3972-4009  K900CommandHandler      com.mentra.asg_client                D  ğŸ“¦ Received K900 command: cs_flts
2025-12-17 23:43:39.979  3972-4009  K900CommandHandler      com.mentra.asg_client                D  ğŸ“¦ File transfer ACK: state=1, index=48
2025-12-17 23:43:39.979  3972-4009  AsgClientServiceManager com.mentra.asg_client                D  ğŸ“¶ getBluetoothManager() called - returning: valid
2025-12-17 23:43:39.979  3972-4009  K900BluetoothManager    com.mentra.asg_client                D  ğŸ“Š File transfer ACK: state=1, index=48 (0-based: 47), ACK received after 20ms, consecutiveFailures=0, currentPacketIndex=47
2025-12-17 23:43:39.980  3972-4009  CommandProcessor        com.mentra.asg_client                W  âš ï¸ No command data extracted - processing complete{"C":"cs_flts","B":{"type":49,"state":1,"index":48}}
2025-12-17 23:43:39.981  3972-4009  AsgClientServiceV2      com.mentra.asg_client                D  âœ… Data processing delegated successfully
2025-12-17 23:43:40.056  3972-4278  K900BluetoothManager    com.mentra.asg_client                D  ğŸ“Š Sent file packet 48/52 (221 bytes) - UART send took 1ms, total method time: 1ms
2025-12-17 23:43:40.067  3972-4009  ComManager              com.mentra.asg_client                D  UART read: 59 bytes
2025-12-17 23:43:40.067  3972-4009  K900MessageParser       com.mentra.asg_client                D  Removed 59 bytes from buffer, 0 remaining
2025-12-17 23:43:40.068  3972-4009  BaseBluetoothManager    com.mentra.asg_client                D  Bluetooth data received: 52 bytes
2025-12-17 23:43:40.068  3972-4009  AsgClientServiceV2      com.mentra.asg_client                D  ğŸ“¥ Bluetooth onDataReceived() called
2025-12-17 23:43:40.068  3972-4009  AsgClientServiceV2      com.mentra.asg_client                I  ğŸ“¥ Received 52 bytes from Bluetooth
2025-12-17 23:43:40.069  3972-4009  AsgClientServiceV2      com.mentra.asg_client                D  ğŸ“‹ Data preview: {"C":"cs_flts","B":{"type":49,"state":1,"index":49}}
2025-12-17 23:43:40.069  3972-4009  AsgClientServiceV2      com.mentra.asg_client                D  ğŸ”„ Delegating data processing to CommandProcessor
2025-12-17 23:43:40.070  3972-4009  JsonParser              com.mentra.asg_client                D  âœ… Successfully parsed direct JSON JSON: {"C":"cs_flts","B":{"type":49,"state":1,"index":49}}...
2025-12-17 23:43:40.070  3972-4009  CommandProcessor        com.mentra.asg_client                D  ğŸ“Š processJsonCommand() started{"C":"cs_flts","B":{"type":49,"state":1,"index":49}}
2025-12-17 23:43:40.072  3972-4009  CommandProtocolDetector com.mentra.asg_client                D  ğŸ“¦ Detected K900 protocol format: cs_flts
2025-12-17 23:43:40.073  3972-4009  CommandProtocolDetector com.mentra.asg_client                D  ğŸ” Protocol detected: ProtocolDetectionResult{type=K900 Protocol, commandType='k900_cs_flts', messageId=-1, valid=true}
2025-12-17 23:43:40.074  3972-4009  CommandProcessor        com.mentra.asg_client                I  ğŸ¯ Processing K900 protocol command
2025-12-17 23:43:40.074  3972-4009  K900CommandHandler      com.mentra.asg_client                D  ğŸ“¦ Received K900 command: cs_flts
2025-12-17 23:43:40.075  3972-4009  K900CommandHandler      com.mentra.asg_client                D  ğŸ“¦ File transfer ACK: state=1, index=49
2025-12-17 23:43:40.075  3972-4009  AsgClientServiceManager com.mentra.asg_client                D  ğŸ“¶ getBluetoothManager() called - returning: valid
2025-12-17 23:43:40.075  3972-4009  K900BluetoothManager    com.mentra.asg_client                D  ğŸ“Š File transfer ACK: state=1, index=49 (0-based: 48), ACK received after 19ms, consecutiveFailures=0, currentPacketIndex=48
2025-12-17 23:43:40.076  3972-4009  CommandProcessor        com.mentra.asg_client                W  âš ï¸ No command data extracted - processing complete{"C":"cs_flts","B":{"type":49,"state":1,"index":49}}
2025-12-17 23:43:40.077  3972-4009  AsgClientServiceV2      com.mentra.asg_client                D  âœ… Data processing delegated successfully
2025-12-17 23:43:40.152  3972-4278  K900BluetoothManager    com.mentra.asg_client                D  ğŸ“Š Sent file packet 49/52 (221 bytes) - UART send took 1ms, total method time: 1ms
2025-12-17 23:43:40.163  3972-4009  ComManager              com.mentra.asg_client                D  UART read: 59 bytes
2025-12-17 23:43:40.164  3972-4009  K900MessageParser       com.mentra.asg_client                D  Removed 59 bytes from buffer, 0 remaining
2025-12-17 23:43:40.164  3972-4009  BaseBluetoothManager    com.mentra.asg_client                D  Bluetooth data received: 52 bytes
2025-12-17 23:43:40.164  3972-4009  AsgClientServiceV2      com.mentra.asg_client                D  ğŸ“¥ Bluetooth onDataReceived() called
2025-12-17 23:43:40.165  3972-4009  AsgClientServiceV2      com.mentra.asg_client                I  ğŸ“¥ Received 52 bytes from Bluetooth
2025-12-17 23:43:40.165  3972-4009  AsgClientServiceV2      com.mentra.asg_client                D  ğŸ“‹ Data preview: {"C":"cs_flts","B":{"type":49,"state":1,"index":50}}
2025-12-17 23:43:40.165  3972-4009  AsgClientServiceV2      com.mentra.asg_client                D  ğŸ”„ Delegating data processing to CommandProcessor
2025-12-17 23:43:40.166  3972-4009  JsonParser              com.mentra.asg_client                D  âœ… Successfully parsed direct JSON JSON: {"C":"cs_flts","B":{"type":49,"state":1,"index":50}}...
2025-12-17 23:43:40.167  3972-4009  CommandProcessor        com.mentra.asg_client                D  ğŸ“Š processJsonCommand() started{"C":"cs_flts","B":{"type":49,"state":1,"index":50}}
2025-12-17 23:43:40.168  3972-4009  CommandProtocolDetector com.mentra.asg_client                D  ğŸ“¦ Detected K900 protocol format: cs_flts
2025-12-17 23:43:40.170  3972-4009  CommandProtocolDetector com.mentra.asg_client                D  ğŸ” Protocol detected: ProtocolDetectionResult{type=K900 Protocol, commandType='k900_cs_flts', messageId=-1, valid=true}
2025-12-17 23:43:40.170  3972-4009  CommandProcessor        com.mentra.asg_client                I  ğŸ¯ Processing K900 protocol command
2025-12-17 23:43:40.171  3972-4009  K900CommandHandler      com.mentra.asg_client                D  ğŸ“¦ Received K900 command: cs_flts
2025-12-17 23:43:40.171  3972-4009  K900CommandHandler      com.mentra.asg_client                D  ğŸ“¦ File transfer ACK: state=1, index=50
2025-12-17 23:43:40.171  3972-4009  AsgClientServiceManager com.mentra.asg_client                D  ğŸ“¶ getBluetoothManager() called - returning: valid
2025-12-17 23:43:40.171  3972-4009  K900BluetoothManager    com.mentra.asg_client                D  ğŸ“Š File transfer ACK: state=1, index=50 (0-based: 49), ACK received after 19ms, consecutiveFailures=0, currentPacketIndex=49
2025-12-17 23:43:40.172  3972-4009  CommandProcessor        com.mentra.asg_client                W  âš ï¸ No command data extracted - processing complete{"C":"cs_flts","B":{"type":49,"state":1,"index":50}}
2025-12-17 23:43:40.173  3972-4009  AsgClientServiceV2      com.mentra.asg_client                D  âœ… Data processing delegated successfully
2025-12-17 23:43:40.248  3972-4278  K900BluetoothManager    com.mentra.asg_client                D  ğŸ“Š Sent file packet 50/52 (221 bytes) - UART send took 0ms, total method time: 1ms
2025-12-17 23:43:40.259  3972-4009  ComManager              com.mentra.asg_client                D  UART read: 59 bytes
2025-12-17 23:43:40.260  3972-4009  K900MessageParser       com.mentra.asg_client                D  Removed 59 bytes from buffer, 0 remaining
2025-12-17 23:43:40.260  3972-4009  BaseBluetoothManager    com.mentra.asg_client                D  Bluetooth data received: 52 bytes
2025-12-17 23:43:40.260  3972-4009  AsgClientServiceV2      com.mentra.asg_client                D  ğŸ“¥ Bluetooth onDataReceived() called
2025-12-17 23:43:40.261  3972-4009  AsgClientServiceV2      com.mentra.asg_client                I  ğŸ“¥ Received 52 bytes from Bluetooth
2025-12-17 23:43:40.261  3972-4009  AsgClientServiceV2      com.mentra.asg_client                D  ğŸ“‹ Data preview: {"C":"cs_flts","B":{"type":49,"state":1,"index":51}}
2025-12-17 23:43:40.261  3972-4009  AsgClientServiceV2      com.mentra.asg_client                D  ğŸ”„ Delegating data processing to CommandProcessor
2025-12-17 23:43:40.262  3972-4009  JsonParser              com.mentra.asg_client                D  âœ… Successfully parsed direct JSON JSON: {"C":"cs_flts","B":{"type":49,"state":1,"index":51}}...
2025-12-17 23:43:40.263  3972-4009  CommandProcessor        com.mentra.asg_client                D  ğŸ“Š processJsonCommand() started{"C":"cs_flts","B":{"type":49,"state":1,"index":51}}
2025-12-17 23:43:40.264  3972-4009  CommandProtocolDetector com.mentra.asg_client                D  ğŸ“¦ Detected K900 protocol format: cs_flts
2025-12-17 23:43:40.265  3972-4009  CommandProtocolDetector com.mentra.asg_client                D  ğŸ” Protocol detected: ProtocolDetectionResult{type=K900 Protocol, commandType='k900_cs_flts', messageId=-1, valid=true}
2025-12-17 23:43:40.266  3972-4009  CommandProcessor        com.mentra.asg_client                I  ğŸ¯ Processing K900 protocol command
2025-12-17 23:43:40.266  3972-4009  K900CommandHandler      com.mentra.asg_client                D  ğŸ“¦ Received K900 command: cs_flts
2025-12-17 23:43:40.266  3972-4009  K900CommandHandler      com.mentra.asg_client                D  ğŸ“¦ File transfer ACK: state=1, index=51
2025-12-17 23:43:40.267  3972-4009  AsgClientServiceManager com.mentra.asg_client                D  ğŸ“¶ getBluetoothManager() called - returning: valid
2025-12-17 23:43:40.267  3972-4009  K900BluetoothManager    com.mentra.asg_client                D  ğŸ“Š File transfer ACK: state=1, index=51 (0-based: 50), ACK received after 19ms, consecutiveFailures=0, currentPacketIndex=50
2025-12-17 23:43:40.268  3972-4009  CommandProcessor        com.mentra.asg_client                W  âš ï¸ No command data extracted - processing complete{"C":"cs_flts","B":{"type":49,"state":1,"index":51}}
2025-12-17 23:43:40.269  3972-4009  AsgClientServiceV2      com.mentra.asg_client                D  âœ… Data processing delegated successfully
2025-12-17 23:43:40.344  3972-4278  K900BluetoothManager    com.mentra.asg_client                D  ğŸ“Š Sent file packet 51/52 (221 bytes) - UART send took 0ms, total method time: 0ms
2025-12-17 23:43:40.356  3972-4009  ComManager              com.mentra.asg_client                D  UART read: 59 bytes
2025-12-17 23:43:40.357  3972-4009  K900MessageParser       com.mentra.asg_client                D  Removed 59 bytes from buffer, 0 remaining
2025-12-17 23:43:40.357  3972-4009  BaseBluetoothManager    com.mentra.asg_client                D  Bluetooth data received: 52 bytes
2025-12-17 23:43:40.357  3972-4009  AsgClientServiceV2      com.mentra.asg_client                D  ğŸ“¥ Bluetooth onDataReceived() called
2025-12-17 23:43:40.358  3972-4009  AsgClientServiceV2      com.mentra.asg_client                I  ğŸ“¥ Received 52 bytes from Bluetooth
2025-12-17 23:43:40.358  3972-4009  AsgClientServiceV2      com.mentra.asg_client                D  ğŸ“‹ Data preview: {"C":"cs_flts","B":{"type":49,"state":1,"index":52}}
2025-12-17 23:43:40.358  3972-4009  AsgClientServiceV2      com.mentra.asg_client                D  ğŸ”„ Delegating data processing to CommandProcessor
2025-12-17 23:43:40.359  3972-4009  JsonParser              com.mentra.asg_client                D  âœ… Successfully parsed direct JSON JSON: {"C":"cs_flts","B":{"type":49,"state":1,"index":52}}...
2025-12-17 23:43:40.360  3972-4009  CommandProcessor        com.mentra.asg_client                D  ğŸ“Š processJsonCommand() started{"C":"cs_flts","B":{"type":49,"state":1,"index":52}}
2025-12-17 23:43:40.361  3972-4009  CommandProtocolDetector com.mentra.asg_client                D  ğŸ“¦ Detected K900 protocol format: cs_flts
2025-12-17 23:43:40.362  3972-4009  CommandProtocolDetector com.mentra.asg_client                D  ğŸ” Protocol detected: ProtocolDetectionResult{type=K900 Protocol, commandType='k900_cs_flts', messageId=-1, valid=true}
2025-12-17 23:43:40.362  3972-4009  CommandProcessor        com.mentra.asg_client                I  ğŸ¯ Processing K900 protocol command
2025-12-17 23:43:40.363  3972-4009  K900CommandHandler      com.mentra.asg_client                D  ğŸ“¦ Received K900 command: cs_flts
2025-12-17 23:43:40.363  3972-4009  K900CommandHandler      com.mentra.asg_client                D  ğŸ“¦ File transfer ACK: state=1, index=52
2025-12-17 23:43:40.363  3972-4009  AsgClientServiceManager com.mentra.asg_client                D  ğŸ“¶ getBluetoothManager() called - returning: valid
2025-12-17 23:43:40.364  3972-4009  K900BluetoothManager    com.mentra.asg_client                D  ğŸ“Š File transfer ACK: state=1, index=52 (0-based: 51), ACK received after 21ms, consecutiveFailures=0, currentPacketIndex=51
2025-12-17 23:43:40.365  3972-4009  CommandProcessor        com.mentra.asg_client                W  âš ï¸ No command data extracted - processing complete{"C":"cs_flts","B":{"type":49,"state":1,"index":52}}
2025-12-17 23:43:40.365  3972-4009  AsgClientServiceV2      com.mentra.asg_client                D  âœ… Data processing delegated successfully
2025-12-17 23:43:40.440  3972-4278  K900BluetoothManager    com.mentra.asg_client                D  ğŸ“Š Sent file packet 52/52 (104 bytes) - UART send took 0ms, total method time: 0ms
2025-12-17 23:43:40.446  3972-4009  ComManager              com.mentra.asg_client                D  UART read: 59 bytes
2025-12-17 23:43:40.447  3972-4009  K900MessageParser       com.mentra.asg_client                D  Removed 59 bytes from buffer, 0 remaining
2025-12-17 23:43:40.447  3972-4009  BaseBluetoothManager    com.mentra.asg_client                D  Bluetooth data received: 52 bytes
2025-12-17 23:43:40.448  3972-4009  AsgClientServiceV2      com.mentra.asg_client                D  ğŸ“¥ Bluetooth onDataReceived() called
2025-12-17 23:43:40.448  3972-4009  AsgClientServiceV2      com.mentra.asg_client                I  ğŸ“¥ Received 52 bytes from Bluetooth
2025-12-17 23:43:40.448  3972-4009  AsgClientServiceV2      com.mentra.asg_client                D  ğŸ“‹ Data preview: {"C":"cs_flts","B":{"type":49,"state":1,"index":53}}
2025-12-17 23:43:40.448  3972-4009  AsgClientServiceV2      com.mentra.asg_client                D  ğŸ”„ Delegating data processing to CommandProcessor
2025-12-17 23:43:40.449  3972-4009  JsonParser              com.mentra.asg_client                D  âœ… Successfully parsed direct JSON JSON: {"C":"cs_flts","B":{"type":49,"state":1,"index":53}}...
2025-12-17 23:43:40.450  3972-4009  CommandProcessor        com.mentra.asg_client                D  ğŸ“Š processJsonCommand() started{"C":"cs_flts","B":{"type":49,"state":1,"index":53}}
2025-12-17 23:43:40.451  3972-4009  CommandProtocolDetector com.mentra.asg_client                D  ğŸ“¦ Detected K900 protocol format: cs_flts
2025-12-17 23:43:40.452  3972-4009  CommandProtocolDetector com.mentra.asg_client                D  ğŸ” Protocol detected: ProtocolDetectionResult{type=K900 Protocol, commandType='k900_cs_flts', messageId=-1, valid=true}
2025-12-17 23:43:40.453  3972-4009  CommandProcessor        com.mentra.asg_client                I  ğŸ¯ Processing K900 protocol command
2025-12-17 23:43:40.453  3972-4009  K900CommandHandler      com.mentra.asg_client                D  ğŸ“¦ Received K900 command: cs_flts
2025-12-17 23:43:40.453  3972-4009  K900CommandHandler      com.mentra.asg_client                D  ğŸ“¦ File transfer ACK: state=1, index=53
2025-12-17 23:43:40.454  3972-4009  AsgClientServiceManager com.mentra.asg_client                D  ğŸ“¶ getBluetoothManager() called - returning: valid
2025-12-17 23:43:40.454  3972-4009  K900BluetoothManager    com.mentra.asg_client                D  ğŸ“Š File transfer ACK: state=1, index=53 (0-based: 52), ACK received after 14ms, consecutiveFailures=0, currentPacketIndex=52
2025-12-17 23:43:40.455  3972-4009  CommandProcessor        com.mentra.asg_client                W  âš ï¸ No command data extracted - processing complete{"C":"cs_flts","B":{"type":49,"state":1,"index":53}}
2025-12-17 23:43:40.455  3972-4009  AsgClientServiceV2      com.mentra.asg_client                D  âœ… Data processing delegated successfully
2025-12-17 23:43:40.510  3972-4009  ComManager              com.mentra.asg_client                D  UART read: 154 bytes
2025-12-17 23:43:40.510  3972-4009  K900MessageParser       com.mentra.asg_client                D  Removed 154 bytes from buffer, 0 remaining
2025-12-17 23:43:40.511  3972-4009  K900ProtocolUtils       com.mentra.asg_client                D  extractPayloadFromK900: Extracted length=147, message length=154, expected total=154
2025-12-17 23:43:40.511  3972-4009  BaseBluetoothManager    com.mentra.asg_client                D  Bluetooth data received: 147 bytes
2025-12-17 23:43:40.511  3972-4009  AsgClientServiceV2      com.mentra.asg_client                D  ğŸ“¥ Bluetooth onDataReceived() called
2025-12-17 23:43:40.511  3972-4009  AsgClientServiceV2      com.mentra.asg_client                I  ğŸ“¥ Received 147 bytes from Bluetooth
2025-12-17 23:43:40.512  3972-4009  AsgClientServiceV2      com.mentra.asg_client                D  ğŸ“‹ Data preview: {"C":"{\"type\":\"transfer_complete\",\"fileName\":\"I102062372\",\"success\":true,\"timestamp\":176...
2025-12-17 23:43:40.512  3972-4009  AsgClientServiceV2      com.mentra.asg_client                D  ğŸ”„ Delegating data processing to CommandProcessor
2025-12-17 23:43:40.513  3972-4009  JsonParser              com.mentra.asg_client                D  âœ… Successfully parsed direct JSON JSON: {"C":"{\"type\":\"transfer_complete\",\"fileName\":\"I102062372\",\"success\":true,\"timestamp\":176...
2025-12-17 23:43:40.514  3972-4009  CommandProcessor        com.mentra.asg_client                D  ğŸ“Š processJsonCommand() started{"C":"{\"type\":\"transfer_complete\",\"fileName\":\"I102062372\",\"success\":true,\"timestamp\":1766102069783,\"mId\":3464635672486800539}","W":1}
2025-12-17 23:43:40.515  3972-4009  CommandProtocolDetector com.mentra.asg_client                D  ğŸ“¦ Detected JSON command with C field format
2025-12-17 23:43:40.516  3972-4009  CommandProtocolDetector com.mentra.asg_client                D  ğŸ” Protocol detected: ProtocolDetectionResult{type=JSON Command, commandType='transfer_complete', messageId=3464635672486800539, valid=true}
2025-12-17 23:43:40.517  3972-4009  CommandProcessor        com.mentra.asg_client                I  ğŸ“‹ Processing standard JSON command
2025-12-17 23:43:40.517  3972-4009  CommandProcessor        com.mentra.asg_client                D  ğŸ“Š Command data extracted - Type: transfer_complete, MessageID: 3464635672486800539, Data: {"type":"transfer_complete","fileName":"I102062372","success":true,"timestamp":1766102069783,"mId":3464635672486800539}
2025-12-17 23:43:40.518  3972-4009  CommandProcessor        com.mentra.asg_client                D  ğŸ“¤ sendAcknowledgment() called
2025-12-17 23:43:40.518  3972-4009  CommandProcessor        com.mentra.asg_client                D  ğŸ“¨ Sending ACK for message ID: 3464635672486800539
2025-12-17 23:43:40.519  3972-4009  CommunicationManager    com.mentra.asg_client                D  âœ… =========================================
2025-12-17 23:43:40.519  3972-4009  CommunicationManager    com.mentra.asg_client                D  âœ… SEND ACK RESPONSE
2025-12-17 23:43:40.519  3972-4009  CommunicationManager    com.mentra.asg_client                D  âœ… =========================================
2025-12-17 23:43:40.519  3972-4009  CommunicationManager    com.mentra.asg_client                D  âœ… Message ID: 3464635672486800539
2025-12-17 23:43:40.519  3972-4009  AsgClientServiceManager com.mentra.asg_client                D  ğŸ“¶ getBluetoothManager() called - returning: valid
2025-12-17 23:43:40.520  3972-4009  AsgClientServiceManager com.mentra.asg_client                D  ğŸ“¶ getBluetoothManager() called - returning: valid
2025-12-17 23:43:40.520  3972-4009  CommunicationManager    com.mentra.asg_client                D  âœ… âœ… Service manager and Bluetooth manager available
2025-12-17 23:43:40.521  3972-4009  CommunicationManager    com.mentra.asg_client                D  âœ… ğŸ“¤ Sending ACK response: {"type":"msg_ack","mId":3464635672486800539,"timestamp":1766043820520}
2025-12-17 23:43:40.521  3972-4009  AsgClientServiceManager com.mentra.asg_client                D  ğŸ“¶ getBluetoothManager() called - returning: valid
2025-12-17 23:43:40.521  3972-4009  K900BluetoothManager    com.mentra.asg_client                D  ğŸ“¡ =========================================
2025-12-17 23:43:40.521  3972-4009  K900BluetoothManager    com.mentra.asg_client                D  ğŸ“¡ K900 BLUETOOTH SEND DATA
2025-12-17 23:43:40.522  3972-4009  K900BluetoothManager    com.mentra.asg_client                D  ğŸ“¡ =========================================
2025-12-17 23:43:40.522  3972-4009  K900BluetoothManager    com.mentra.asg_client                D  ğŸ“¡ Data length: 70 bytes
2025-12-17 23:43:40.522  3972-4009  K900BluetoothManager    com.mentra.asg_client                D  ğŸ“¡ ğŸ” Checking if data is already in K900 protocol format...
2025-12-17 23:43:40.522  3972-4009  K900BluetoothManager    com.mentra.asg_client                D  ğŸ“¡ ğŸ“ Data not in protocol format, processing...
2025-12-17 23:43:40.522  3972-4009  K900BluetoothManager    com.mentra.asg_client                D  ğŸ“¡ ğŸ“„ Original data as string: {"type":"msg_ack","mId":3464635672486800539,"timestamp":1766043820520}...
2025-12-17 23:43:40.523  3972-4009  K900BluetoothManager    com.mentra.asg_client                D  ğŸ“¡ ğŸ”§ JSON data detected, applying C-wrapping and protocol formatting...
2025-12-17 23:43:40.523  3972-4009  K900BluetoothManager    com.mentra.asg_client                D  ğŸ“¡ ğŸ“¦ JSON DATA BEFORE C-WRAPPING: {"type":"msg_ack","mId":3464635672486800539,"timestamp":1766043820520}
2025-12-17 23:43:40.524  3972-4009  K900ProtocolUtils       com.mentra.asg_client                E  ğŸ”„ Formatting message: {"type":"msg_ack","mId":3464635672486800539,"timestamp":1766043820520}
2025-12-17 23:43:40.524  3972-4009  K900ProtocolUtils       com.mentra.asg_client                E  ğŸ”„ After C-wrapping: {"C":"{\"type\":\"msg_ack\",\"mId\":3464635672486800539,\"timestamp\":1766043820520}","V":1,"B":{}}
2025-12-17 23:43:40.530  3972-4278  K900BluetoothManager    com.mentra.asg_client                D  ğŸ“¤ All packets sent and ACKed by MCU: I102062372
2025-12-17 23:43:40.530  3972-4278  K900BluetoothManager    com.mentra.asg_client                D  â±ï¸ Transfer took: 4942ms for 11596 bytes
2025-12-17 23:43:40.530  3972-4278  K900BluetoothManager    com.mentra.asg_client                D  ğŸ“Š Transfer rate: 2346 bytes/sec
2025-12-17 23:43:40.530  3972-4278  K900BluetoothManager    com.mentra.asg_client                D  â³ Waiting for phone confirmation before cleanup...
2025-12-17 23:43:40.532  3972-4009  K900BluetoothManager    com.mentra.asg_client                D  ğŸ“¡ ğŸ“¦ AFTER C-WRAPPING & PROTOCOL FORMATTING (first 50 bytes): 23 23 30 00 63 7B 22 43 22 3A 22 7B 5C 22 74 79 70 65 5C 22 3A 5C 22 6D 73 67 5F 61 63 6B 5C 22 2C 5C 22 6D 49 64 5C 22 3A 33 34 36 34 36 33 35 36 37 
2025-12-17 23:43:40.533  3972-4009  K900BluetoothManager    com.mentra.asg_client                D  ğŸ“¡ ğŸ“¦ Total formatted length: 106 bytes
2025-12-17 23:43:40.533  3972-4009  K900BluetoothManager    com.mentra.asg_client                D  ğŸ“¡ ğŸ“¤ Sending 106 bytes via K900 serial
2025-12-17 23:43:40.533  3972-4009  ComManager              com.mentra.asg_client                D  >>> sending 106 bytes
2025-12-17 23:43:40.533  3972-4009  K900BluetoothManager    com.mentra.asg_client                D  ğŸ“¡ âœ… Data sent successfully via serial port
2025-12-17 23:43:40.536  3972-4278  K900BluetoothManager    com.mentra.asg_client                D  â±ï¸ Scheduled phone confirmation timeout: 5000ms
2025-12-17 23:43:40.538  3972-4009  CommunicationManager    com.mentra.asg_client                D  âœ… âœ… ACK response sent successfully
2025-12-17 23:43:40.538  3972-4009  CommandProcessor        com.mentra.asg_client                D  âœ… ACK sent successfully for message ID: 3464635672486800539
2025-12-17 23:43:40.538  3972-4009  CommandProcessor        com.mentra.asg_client                D  ğŸ›£ï¸ routeCommand() started
2025-12-17 23:43:40.539  3972-4009  CommandProcessor        com.mentra.asg_client                I  ğŸ¯ Routing command type: transfer_complete
2025-12-17 23:43:40.539  3972-4009  CommandProcessor        com.mentra.asg_client                D  ğŸ” Looking up handler for command type: transfer_complete
2025-12-17 23:43:40.539  3972-4009  CommandProcessor        com.mentra.asg_client                D  âœ… Found modern handler: TransferCompleteCommandHandler
2025-12-17 23:43:40.539  3972-4009  TransferCompleteHandler com.mentra.asg_client                D  ğŸ“± Received transfer_complete from phone
2025-12-17 23:43:40.540  3972-4009  TransferCompleteHandler com.mentra.asg_client                D  ğŸ“± fileName: I102062372
2025-12-17 23:43:40.540  3972-4009  TransferCompleteHandler com.mentra.asg_client                D  ğŸ“± success: true
2025-12-17 23:43:40.540  3972-4009  AsgClientServiceManager com.mentra.asg_client                D  ğŸ“¶ getBluetoothManager() called - returning: valid
2025-12-17 23:43:40.540  3972-4009  AsgClientServiceManager com.mentra.asg_client                D  ğŸ“¶ getBluetoothManager() called - returning: valid
2025-12-17 23:43:40.541  3972-4009  K900BluetoothManager    com.mentra.asg_client                D  â±ï¸ Cancelled phone confirmation timeout
2025-12-17 23:43:40.541  3972-4009  K900BluetoothManager    com.mentra.asg_client                D  âœ… Phone confirmed success - cleaning up
2025-12-17 23:43:40.547  3972-4009  K900BluetoothManager    com.mentra.asg_client                D  ğŸ—‘ï¸ Deleted file after confirmed success: /storage/emulated/0/Android/data/com.mentra.asg_client/files/com.mentra.asg_client.camera/I102062372
2025-12-17 23:43:40.547  3972-4009  ComManager              com.mentra.asg_client                D  Fast mode disabled
2025-12-17 23:43:40.547  3972-4009  TransferCompleteHandler com.mentra.asg_client                D  âœ… Forwarded transfer_complete to K900BluetoothManager
2025-12-17 23:43:40.547  3972-4009  CommandProcessor        com.mentra.asg_client                I  âœ… Command handled successfully by modern handler: transfer_complete
2025-12-17 23:43:40.548  3972-4009  AsgClientServiceV2      com.mentra.asg_client                D  âœ… Data processing delegated successfully
2025-12-17 23:43:50.144  3972-3972  PhoneWindow             com.mentra.asg_client                V  DecorView setVisiblity: visibility = 4, Parent = android.view.ViewRootImpl@5323dcc, this = DecorView@d00a815[MainActivity]

phone logs:

2025-12-18 15:54:22.234 13414-13430 K900ProtocolUtils       com.mentra.mentra                    D  Processing received bytes for JSON extraction
2025-12-18 15:54:22.234 13414-13430 K900ProtocolUtils       com.mentra.mentra                    D  isK900ProtocolFormat: 35 35
2025-12-18 15:54:22.234 13414-13430 K900ProtocolUtils       com.mentra.mentra                    D  CMD_START_CODE: 35 35
2025-12-18 15:54:22.234 13414-13430 K900ProtocolUtils       com.mentra.mentra                    D  Command type: 0x30, Payload length: 124
2025-12-18 15:54:22.234 13414-13430 K900ProtocolUtils       com.mentra.mentra                    D  Extracted payload: {"C":"{\"type\":\"button_press\",\"buttonId\":\"camera\",\"pressType\":\"short\",\"timestamp\":1766043812901}","V":1,"B":{}}
2025-12-18 15:54:22.235 13414-13430 K900ProtocolUtils       com.mentra.mentra                    D  Detected C-wrapped format, inner content: {"type":"button_press","buttonId":"camera","pressType":"short","timestamp":1766043812901}
2025-12-18 15:54:22.237 13414-13645 ReactNativeJS           com.mentra.mentra                    I  'CORE:', 'LIVE: Received data on RX characteristic'
2025-12-18 15:54:22.243 13414-13645 ReactNativeJS           com.mentra.mentra                    I  'CORE:', 'LIVE: Thread-63: ğŸ” DETECTED K900 PROTOCOL FORMAT (## prefix)'
2025-12-18 15:54:22.248 13414-13645 ReactNativeJS           com.mentra.mentra                    I  'CORE:', 'LIVE: Got some JSON from glasses: {"type":"button_press","buttonId":"camera","pressType":"short","timestamp":1766043812901}'
2025-12-18 15:54:22.252 13414-13645 ReactNativeJS           com.mentra.mentra                    I  'CORE:', 'LIVE: Received button press - buttonId: camera, pressType: short'
2025-12-18 15:54:22.256 13414-13645 ReactNativeJS           com.mentra.mentra                    I  'ğŸ”˜ BUTTON_PRESS event received:', { buttonId: 'camera',
                                                                                                      pressType: 'short',
                                                                                                      type: 'button_press',
                                                                                                      timestamp: 1766102062237 }
2025-12-18 15:54:22.259 13414-13645 ReactNativeJS           com.mentra.mentra                    I  'ğŸ”˜ BUTTON_PRESS event in ButtonActionProvider:', { buttonId: 'camera',
                                                                                                      pressType: 'short',
                                                                                                      timestamp: 1766102062237 }
2025-12-18 15:54:22.261 13414-13645 ReactNativeJS           com.mentra.mentra                    I  'ğŸ”˜ Foreground app is running - button event already sent to server for app:', 'Camera Photo Example'
2025-12-18 15:54:22.348 13414-13645 ReactNativeJS           com.mentra.mentra                    I  SOCKET: msg: display_event
2025-12-18 15:54:22.366 13414-13645 ReactNativeJS           com.mentra.mentra                    I  SOCKET: msg: photo_request
2025-12-18 15:54:22.370 13414-13645 ReactNativeJS           com.mentra.mentra                    I  Received photo_request, requestId: photo_req_1766102062261_eozxroj, appId: com.mentra.camera-photo-example, webhookUrl: https://camera-photo-app-9921-4a24a192-tnxxmfdp.onporter.run/photo-upload, size: medium authToken:  compress: none
2025-12-18 15:54:22.374 13414-13645 ReactNativeJS           com.mentra.mentra                    I  'CORE:', 'MAN: Updating view state 0 with text_wall'
2025-12-18 15:54:22.377 13414-13645 ReactNativeJS           com.mentra.mentra                    I  'CORE:', 'MAN: sendCurrentState(): false'
2025-12-18 15:54:22.379 13414-13645 ReactNativeJS           com.mentra.mentra                    I  'CORE:', 'MAN: parsing layoutType: text_wall'
2025-12-18 15:54:22.380 13414-13645 ReactNativeJS           com.mentra.mentra                    I  'CORE:', 'LIVE: [STUB] Device has no display. Text wall would show: Button pressed, about to take photo'
2025-12-18 15:54:22.381 13414-13645 ReactNativeJS           com.mentra.mentra                    I  'CORE:', 'MAN: onPhotoRequest: photo_req_1766102062261_eozxroj, com.mentra.camera-photo-example, medium, compress=none'
2025-12-18 15:54:22.382 13414-13645 ReactNativeJS           com.mentra.mentra                    I  'CORE:', 'LIVE: Requesting photo: photo_req_1766102062261_eozxroj for app: com.mentra.camera-photo-example with size: medium, webhookUrl: https://camera-photo-app-9921-4a24a192-tnxxmfdp.onporter.run/photo-upload, authToken: none, compress=none'
2025-12-18 15:54:22.384 13414-13645 ReactNativeJS           com.mentra.mentra                    I  'CORE:', 'LIVE: Using auto transfer mode with BLE fallback ID: I102062372'
2025-12-18 15:54:22.385 13414-13645 ReactNativeJS           com.mentra.mentra                    I  'CORE:', 'LIVE: ğŸ“¤ Sending JSON with esoteric message ID 6426430775512200326: {"type":"take_photo","requestId":"photo_req_1766102062261_eozxroj","appId":"com.mentra.camera-photo-example","webhookUrl":"https:\\/\\/camera-photo-app-9921-4a24a192-tnxxmfdp.onporter.run\\/photo-upload","size":"medium","compress":"none","bleImgId":"I102062372","transferMethod":"auto","mId":6426430775512200326}'
2025-12-18 15:54:22.386 13414-13645 ReactNativeJS           com.mentra.mentra                    I  'CORE:', 'LIVE: ğŸ“‹ Tracking message 6426430775512200326 for ACK (timeout: 2000ms)'
2025-12-18 15:54:22.387 13414-13645 ReactNativeJS           com.mentra.mentra                    I  'CORE:', 'LIVE: Sending data to glasses: {"type":"take_photo","requestId":"photo_req_1766102062261_eozxroj","appId":"com.mentra.camera-photo-example","webhookUrl":"https:\\/\\/camera-photo-app-9921-4a24a192-tnxxmfdp.onporter.run\\/photo-upload","size":"medium","compress":"none","bleImgId":"I102062372","transferMethod":"auto","mId":6426430775512200326}'
2025-12-18 15:54:22.388 13414-13645 ReactNativeJS           com.mentra.mentra                    I  'CORE:', 'LIVE: ğŸ“‹ Added 370 to send queue - New queue size: 1'
2025-12-18 15:54:22.393 13414-13645 ReactNativeJS           com.mentra.mentra                    I  'CORE:', 'LIVE: ğŸ“¤ Sending queued data - Queue size: 0, Time since last send: 9221ms'
2025-12-18 15:54:22.472 13414-13430 K900ProtocolUtils       com.mentra.mentra                    D  Processing received bytes for JSON extraction
2025-12-18 15:54:22.473 13414-13430 K900ProtocolUtils       com.mentra.mentra                    D  isK900ProtocolFormat: 35 35
2025-12-18 15:54:22.473 13414-13430 K900ProtocolUtils       com.mentra.mentra                    D  CMD_START_CODE: 35 35
2025-12-18 15:54:22.473 13414-13430 K900ProtocolUtils       com.mentra.mentra                    D  Command type: 0x30, Payload length: 99
2025-12-18 15:54:22.473 13414-13430 K900ProtocolUtils       com.mentra.mentra                    D  Extracted payload: {"C":"{\"type\":\"msg_ack\",\"mId\":6426430775512200326,\"timestamp\":1766043813137}","V":1,"B":{}}
2025-12-18 15:54:22.473 13414-13430 K900ProtocolUtils       com.mentra.mentra                    D  Detected C-wrapped format, inner content: {"type":"msg_ack","mId":6426430775512200326,"timestamp":1766043813137}
2025-12-18 15:54:22.476 13414-13645 ReactNativeJS           com.mentra.mentra                    I  'CORE:', 'LIVE: Received data on RX characteristic'
2025-12-18 15:54:22.479 13414-13645 ReactNativeJS           com.mentra.mentra                    I  'CORE:', 'LIVE: Thread-63: ğŸ” DETECTED K900 PROTOCOL FORMAT (## prefix)'
2025-12-18 15:54:22.482 13414-13645 ReactNativeJS           com.mentra.mentra                    I  'CORE:', 'LIVE: Got some JSON from glasses: {"type":"msg_ack","mId":6426430775512200326,"timestamp":1766043813137}'
2025-12-18 15:54:22.484 13414-13645 ReactNativeJS           com.mentra.mentra                    I  'CORE:', 'LIVE: âœ… Received ACK for message 6426430775512200326 (attempts: 0)'
2025-12-18 15:54:22.599 13414-13430 K900ProtocolUtils       com.mentra.mentra                    D  Processing received bytes for JSON extraction
2025-12-18 15:54:22.599 13414-13430 K900ProtocolUtils       com.mentra.mentra                    D  isK900ProtocolFormat: 35 35
2025-12-18 15:54:22.599 13414-13430 K900ProtocolUtils       com.mentra.mentra                    D  CMD_START_CODE: 35 35
2025-12-18 15:54:22.599 13414-13645 ReactNativeJS           com.mentra.mentra                    I  'CORE:', 'LIVE: Received data on RX characteristic'
2025-12-18 15:54:22.599 13414-13430 K900ProtocolUtils       com.mentra.mentra                    D  Command type: 0x30, Payload length: 82
2025-12-18 15:54:22.599 13414-13430 K900ProtocolUtils       com.mentra.mentra                    D  Extracted payload: {"C":"cs_ledon","V":1,"B":"{\"led\":4,\"ontime\":2200,\"offtime\":0,\"count\":1}"}
2025-12-18 15:54:22.600 13414-13430 K900ProtocolUtils       com.mentra.mentra                    D  Detected C-wrapped format, inner content: cs_ledon
2025-12-18 15:54:22.601 13414-13430 K900ProtocolUtils       com.mentra.mentra                    D  Inner content is not JSON, returning outer JSON object
2025-12-18 15:54:22.602 13414-13645 ReactNativeJS           com.mentra.mentra                    I  'CORE:', 'LIVE: Thread-63: ğŸ” DETECTED K900 PROTOCOL FORMAT (## prefix)'
2025-12-18 15:54:22.604 13414-13430 Live                    com.mentra.mentra                    D  Unknown K900 command: cs_ledon
2025-12-18 15:54:22.604 13414-13430 Live                    com.mentra.mentra                    D  Command is not a C-wrapped JSON message, passing to data observable
2025-12-18 15:54:22.605 13414-13645 ReactNativeJS           com.mentra.mentra                    I  'CORE:', 'LIVE: Got some JSON from glasses: {"C":"cs_ledon","V":1,"B":"{\\"led\\":4,\\"ontime\\":2200,\\"offtime\\":0,\\"count\\":1}"}'
2025-12-18 15:54:22.607 13414-13645 ReactNativeJS           com.mentra.mentra                    I  'CORE:', 'LIVE: Processing K900 command: cs_ledon'
2025-12-18 15:54:24.760 13414-13430 K900ProtocolUtils       com.mentra.mentra                    D  Processing received bytes for JSON extraction
