2025-12-17 23:43:38.096  3972-4009  AsgClientServiceV2      com.mentra.asg_client                D  ğŸ”„ Delegating data processing to CommandProcessor
2025-12-17 23:43:38.096  3972-4009  JsonParser              com.mentra.asg_client                D  âœ… Successfully parsed direct JSON JSON: {"C":"cs_flts","B":{"type":49,"state":1,"index":28}}...
2025-12-17 23:43:38.097  3972-4009  CommandProcessor        com.mentra.asg_client                D  ğŸ“Š processJsonCommand() started{"C":"cs_flts","B":{"type":49,"state":1,"index":28}}
2025-12-17 23:43:38.097  3972-4009  CommandProtocolDetector com.mentra.asg_client                D  ğŸ“¦ Detected K900 protocol format: cs_flts
2025-12-17 23:43:38.098  3972-4009  CommandProtocolDetector com.mentra.asg_client                D  ğŸ” Protocol detected: ProtocolDetectionResult{type=K900 Protocol, commandType='k900_cs_flts', messageId=-1, valid=true}
2025-12-17 23:43:38.098  3972-4009  CommandProcessor        com.mentra.asg_client                I  ğŸ¯ Processing K900 protocol command
2025-12-17 23:43:38.098  3972-4009  K900CommandHandler      com.mentra.asg_client                D  ğŸ“¦ Received K900 command: cs_flts
2025-12-17 23:43:38.099  3972-4009  K900CommandHandler      com.mentra.asg_client                D  ğŸ“¦ File transfer ACK: state=1, index=28
2025-12-17 23:43:38.099  3972-4009  AsgClientServiceManager com.mentra.asg_client                D  ğŸ“¶ getBluetoothManager() called - returning: valid
2025-12-17 23:43:38.099  3972-4009  K900BluetoothManager    com.mentra.asg_client                D  ğŸ“Š File transfer ACK: state=1, index=28 (0-based: 27), ACK received after 13ms, consecutiveFailures=0, currentPacketIndex=27
2025-12-17 23:43:38.099  3972-4009  CommandProcessor        com.mentra.asg_client                W  âš ï¸ No command data extracted - processing complete{"C":"cs_flts","B":{"type":49,"state":1,"index":28}}
2025-12-17 23:43:38.099  3972-4009  AsgClientServiceV2      com.mentra.asg_client                D  âœ… Data processing delegated successfully
2025-12-17 23:43:38.175  3972-4278  K900BluetoothManager    com.mentra.asg_client                D  ğŸ“Š Sent file packet 28/52 (221 bytes) - UART send took 0ms, total method time: 0ms
2025-12-17 23:43:38.183  3972-4009  ComManager              com.mentra.asg_client                D  UART read: 59 bytes
2025-12-17 23:43:38.184  3972-4009  K900MessageParser       com.mentra.asg_client                D  Removed 59 bytes from buffer, 0 remaining
2025-12-17 23:43:38.184  3972-4009  BaseBluetoothManager    com.mentra.asg_client                D  Bluetooth data received: 52 bytes
2025-12-17 23:43:38.184  3972-4009  AsgClientServiceV2      com.mentra.asg_client                D  ğŸ“¥ Bluetooth onDataReceived() called
2025-12-17 23:43:38.184  3972-4009  AsgClientServiceV2      com.mentra.asg_client                I  ğŸ“¥ Received 52 bytes from Bluetooth
2025-12-17 23:43:38.184  3972-4009  AsgClientServiceV2      com.mentra.asg_client                D  ğŸ“‹ Data preview: {"C":"cs_flts","B":{"type":49,"state":1,"index":29}}
2025-12-17 23:43:38.185  3972-4009  AsgClientServiceV2      com.mentra.asg_client                D  ğŸ”„ Delegating data processing to CommandProcessor
2025-12-17 23:43:38.185  3972-4009  JsonParser              com.mentra.asg_client                D  âœ… Successfully parsed direct JSON JSON: {"C":"cs_flts","B":{"type":49,"state":1,"index":29}}...
2025-12-17 23:43:38.185  3972-4009  CommandProcessor        com.mentra.asg_client                D  ğŸ“Š processJsonCommand() started{"C":"cs_flts","B":{"type":49,"state":1,"index":29}}
2025-12-17 23:43:38.187  3972-4009  CommandProtocolDetector com.mentra.asg_client                D  ğŸ“¦ Detected K900 protocol format: cs_flts
2025-12-17 23:43:38.187  3972-4009  CommandProtocolDetector com.mentra.asg_client                D  ğŸ” Protocol detected: ProtocolDetectionResult{type=K900 Protocol, commandType='k900_cs_flts', messageId=-1, valid=true}
2025-12-17 23:43:38.188  3972-4009  CommandProcessor        com.mentra.asg_client                I  ğŸ¯ Processing K900 protocol command
2025-12-17 23:43:38.188  3972-4009  K900CommandHandler      com.mentra.asg_client                D  ğŸ“¦ Received K900 command: cs_flts
2025-12-17 23:43:38.188  3972-4009  K900CommandHandler      com.mentra.asg_client                D  ğŸ“¦ File transfer ACK: state=1, index=29
2025-12-17 23:43:38.188  3972-4009  AsgClientServiceManager com.mentra.asg_client                D  ğŸ“¶ getBluetoothManager() called - returning: valid
2025-12-17 23:43:38.188  3972-4009  K900BluetoothManager    com.mentra.asg_client                D  ğŸ“Š File transfer ACK: state=1, index=29 (0-based: 28), ACK received after 14ms, consecutiveFailures=0, currentPacketIndex=28
2025-12-17 23:43:38.189  3972-4009  CommandProcessor        com.mentra.asg_client                W  âš ï¸ No command data extracted - processing complete{"C":"cs_flts","B":{"type":49,"state":1,"index":29}}
2025-12-17 23:43:38.189  3972-4009  AsgClientServiceV2      com.mentra.asg_client                D  âœ… Data processing delegated successfully
2025-12-17 23:43:38.264  3972-4278  K900BluetoothManager    com.mentra.asg_client                D  ğŸ“Š Sent file packet 29/52 (221 bytes) - UART send took 0ms, total method time: 0ms
2025-12-17 23:43:38.273  3972-4009  ComManager              com.mentra.asg_client                D  UART read: 59 bytes
2025-12-17 23:43:38.273  3972-4009  K900MessageParser       com.mentra.asg_client                D  Removed 59 bytes from buffer, 0 remaining
2025-12-17 23:43:38.274  3972-4009  BaseBluetoothManager    com.mentra.asg_client                D  Bluetooth data received: 52 bytes
2025-12-17 23:43:38.274  3972-4009  AsgClientServiceV2      com.mentra.asg_client                D  ğŸ“¥ Bluetooth onDataReceived() called
2025-12-17 23:43:38.274  3972-4009  AsgClientServiceV2      com.mentra.asg_client                I  ğŸ“¥ Received 52 bytes from Bluetooth
2025-12-17 23:43:38.274  3972-4009  AsgClientServiceV2      com.mentra.asg_client                D  ğŸ“‹ Data preview: {"C":"cs_flts","B":{"type":49,"state":1,"index":30}}
2025-12-17 23:43:38.274  3972-4009  AsgClientServiceV2      com.mentra.asg_client                D  ğŸ”„ Delegating data processing to CommandProcessor
2025-12-17 23:43:38.275  3972-4009  JsonParser              com.mentra.asg_client                D  âœ… Successfully parsed direct JSON JSON: {"C":"cs_flts","B":{"type":49,"state":1,"index":30}}...
2025-12-17 23:43:38.275  3972-4009  CommandProcessor        com.mentra.asg_client                D  ğŸ“Š processJsonCommand() started{"C":"cs_flts","B":{"type":49,"state":1,"index":30}}
2025-12-17 23:43:38.276  3972-4009  CommandProtocolDetector com.mentra.asg_client                D  ğŸ“¦ Detected K900 protocol format: cs_flts
2025-12-17 23:43:38.276  3972-4009  CommandProtocolDetector com.mentra.asg_client                D  ğŸ” Protocol detected: ProtocolDetectionResult{type=K900 Protocol, commandType='k900_cs_flts', messageId=-1, valid=true}
2025-12-17 23:43:38.277  3972-4009  CommandProcessor        com.mentra.asg_client                I  ğŸ¯ Processing K900 protocol command
2025-12-17 23:43:38.277  3972-4009  K900CommandHandler      com.mentra.asg_client                D  ğŸ“¦ Received K900 command: cs_flts
2025-12-17 23:43:38.277  3972-4009  K900CommandHandler      com.mentra.asg_client                D  ğŸ“¦ File transfer ACK: state=1, index=30
2025-12-17 23:43:38.277  3972-4009  AsgClientServiceManager com.mentra.asg_client                D  ğŸ“¶ getBluetoothManager() called - returning: valid
2025-12-17 23:43:38.277  3972-4009  K900BluetoothManager    com.mentra.asg_client                D  ğŸ“Š File transfer ACK: state=1, index=30 (0-based: 29), ACK received after 13ms, consecutiveFailures=0, currentPacketIndex=29
2025-12-17 23:43:38.278  3972-4009  CommandProcessor        com.mentra.asg_client                W  âš ï¸ No command data extracted - processing complete{"C":"cs_flts","B":{"type":49,"state":1,"index":30}}
2025-12-17 23:43:38.278  3972-4009  AsgClientServiceV2      com.mentra.asg_client                D  âœ… Data processing delegated successfully
2025-12-17 23:43:38.353  3972-4278  K900BluetoothManager    com.mentra.asg_client                D  ğŸ“Š Sent file packet 30/52 (221 bytes) - UART send took 0ms, total method time: 0ms
2025-12-17 23:43:38.361  3972-4009  ComManager              com.mentra.asg_client                D  UART read: 59 bytes
2025-12-17 23:43:38.362  3972-4009  K900MessageParser       com.mentra.asg_client                D  Removed 59 bytes from buffer, 0 remaining
2025-12-17 23:43:38.362  3972-4009  BaseBluetoothManager    com.mentra.asg_client                D  Bluetooth data received: 52 bytes
2025-12-17 23:43:38.362  3972-4009  AsgClientServiceV2      com.mentra.asg_client                D  ğŸ“¥ Bluetooth onDataReceived() called
2025-12-17 23:43:38.362  3972-4009  AsgClientServiceV2      com.mentra.asg_client                I  ğŸ“¥ Received 52 bytes from Bluetooth
2025-12-17 23:43:38.362  3972-4009  AsgClientServiceV2      com.mentra.asg_client                D  ğŸ“‹ Data preview: {"C":"cs_flts","B":{"type":49,"state":1,"index":31}}
2025-12-17 23:43:38.362  3972-4009  AsgClientServiceV2      com.mentra.asg_client                D  ğŸ”„ Delegating data processing to CommandProcessor
2025-12-17 23:43:38.363  3972-4009  JsonParser              com.mentra.asg_client                D  âœ… Successfully parsed direct JSON JSON: {"C":"cs_flts","B":{"type":49,"state":1,"index":31}}...
2025-12-17 23:43:38.363  3972-4009  CommandProcessor        com.mentra.asg_client                D  ğŸ“Š processJsonCommand() started{"C":"cs_flts","B":{"type":49,"state":1,"index":31}}
2025-12-17 23:43:38.364  3972-4009  CommandProtocolDetector com.mentra.asg_client                D  ğŸ“¦ Detected K900 protocol format: cs_flts
2025-12-17 23:43:38.365  3972-4009  CommandProtocolDetector com.mentra.asg_client                D  ğŸ” Protocol detected: ProtocolDetectionResult{type=K900 Protocol, commandType='k900_cs_flts', messageId=-1, valid=true}
2025-12-17 23:43:38.365  3972-4009  CommandProcessor        com.mentra.asg_client                I  ğŸ¯ Processing K900 protocol command
2025-12-17 23:43:38.365  3972-4009  K900CommandHandler      com.mentra.asg_client                D  ğŸ“¦ Received K900 command: cs_flts
2025-12-17 23:43:38.365  3972-4009  K900CommandHandler      com.mentra.asg_client                D  ğŸ“¦ File transfer ACK: state=1, index=31
2025-12-17 23:43:38.365  3972-4009  AsgClientServiceManager com.mentra.asg_client                D  ğŸ“¶ getBluetoothManager() called - returning: valid
2025-12-17 23:43:38.365  3972-4009  K900BluetoothManager    com.mentra.asg_client                D  ğŸ“Š File transfer ACK: state=1, index=31 (0-based: 30), ACK received after 12ms, consecutiveFailures=0, currentPacketIndex=30
2025-12-17 23:43:38.366  3972-4009  CommandProcessor        com.mentra.asg_client                W  âš ï¸ No command data extracted - processing complete{"C":"cs_flts","B":{"type":49,"state":1,"index":31}}
2025-12-17 23:43:38.366  3972-4009  AsgClientServiceV2      com.mentra.asg_client                D  âœ… Data processing delegated successfully
2025-12-17 23:43:38.441  3972-4278  K900BluetoothManager    com.mentra.asg_client                D  ğŸ“Š Sent file packet 31/52 (221 bytes) - UART send took 0ms, total method time: 0ms
2025-12-17 23:43:38.450  3972-4009  ComManager              com.mentra.asg_client                D  UART read: 59 bytes
2025-12-17 23:43:38.450  3972-4009  K900MessageParser       com.mentra.asg_client                D  Removed 59 bytes from buffer, 0 remaining
2025-12-17 23:43:38.450  3972-4009  BaseBluetoothManager    com.mentra.asg_client                D  Bluetooth data received: 52 bytes
2025-12-17 23:43:38.450  3972-4009  AsgClientServiceV2      com.mentra.asg_client                D  ğŸ“¥ Bluetooth onDataReceived() called
2025-12-17 23:43:38.450  3972-4009  AsgClientServiceV2      com.mentra.asg_client                I  ğŸ“¥ Received 52 bytes from Bluetooth
2025-12-17 23:43:38.451  3972-4009  AsgClientServiceV2      com.mentra.asg_client                D  ğŸ“‹ Data preview: {"C":"cs_flts","B":{"type":49,"state":1,"index":32}}
2025-12-17 23:43:38.451  3972-4009  AsgClientServiceV2      com.mentra.asg_client                D  ğŸ”„ Delegating data processing to CommandProcessor
2025-12-17 23:43:38.451  3972-4009  JsonParser              com.mentra.asg_client                D  âœ… Successfully parsed direct JSON JSON: {"C":"cs_flts","B":{"type":49,"state":1,"index":32}}...
2025-12-17 23:43:38.451  3972-4009  CommandProcessor        com.mentra.asg_client                D  ğŸ“Š processJsonCommand() started{"C":"cs_flts","B":{"type":49,"state":1,"index":32}}
2025-12-17 23:43:38.452  3972-4009  CommandProtocolDetector com.mentra.asg_client                D  ğŸ“¦ Detected K900 protocol format: cs_flts
2025-12-17 23:43:38.453  3972-4009  CommandProtocolDetector com.mentra.asg_client                D  ğŸ” Protocol detected: ProtocolDetectionResult{type=K900 Protocol, commandType='k900_cs_flts', messageId=-1, valid=true}
2025-12-17 23:43:38.453  3972-4009  CommandProcessor        com.mentra.asg_client                I  ğŸ¯ Processing K900 protocol command
2025-12-17 23:43:38.453  3972-4009  K900CommandHandler      com.mentra.asg_client                D  ğŸ“¦ Received K900 command: cs_flts
2025-12-17 23:43:38.453  3972-4009  K900CommandHandler      com.mentra.asg_client                D  ğŸ“¦ File transfer ACK: state=1, index=32
2025-12-17 23:43:38.453  3972-4009  AsgClientServiceManager com.mentra.asg_client                D  ğŸ“¶ getBluetoothManager() called - returning: valid
2025-12-17 23:43:38.453  3972-4009  K900BluetoothManager    com.mentra.asg_client                D  ğŸ“Š File transfer ACK: state=1, index=32 (0-based: 31), ACK received after 12ms, consecutiveFailures=0, currentPacketIndex=31
2025-12-17 23:43:38.454  3972-4009  CommandProcessor        com.mentra.asg_client                W  âš ï¸ No command data extracted - processing complete{"C":"cs_flts","B":{"type":49,"state":1,"index":32}}
2025-12-17 23:43:38.454  3972-4009  AsgClientServiceV2      com.mentra.asg_client                D  âœ… Data processing delegated successfully
2025-12-17 23:43:38.529  3972-4278  K900BluetoothManager    com.mentra.asg_client                D  ğŸ“Š Sent file packet 32/52 (221 bytes) - UART send took 0ms, total method time: 0ms
2025-12-17 23:43:38.540  3972-4009  ComManager              com.mentra.asg_client                D  UART read: 59 bytes
2025-12-17 23:43:38.540  3972-4009  K900MessageParser       com.mentra.asg_client                D  Removed 59 bytes from buffer, 0 remaining
2025-12-17 23:43:38.540  3972-4009  BaseBluetoothManager    com.mentra.asg_client                D  Bluetooth data received: 52 bytes
2025-12-17 23:43:38.541  3972-4009  AsgClientServiceV2      com.mentra.asg_client                D  ğŸ“¥ Bluetooth onDataReceived() called
2025-12-17 23:43:38.541  3972-4009  AsgClientServiceV2      com.mentra.asg_client                I  ğŸ“¥ Received 52 bytes from Bluetooth
2025-12-17 23:43:38.541  3972-4009  AsgClientServiceV2      com.mentra.asg_client                D  ğŸ“‹ Data preview: {"C":"cs_flts","B":{"type":49,"state":1,"index":33}}
2025-12-17 23:43:38.541  3972-4009  AsgClientServiceV2      com.mentra.asg_client                D  ğŸ”„ Delegating data processing to CommandProcessor
2025-12-17 23:43:38.541  3972-4009  JsonParser              com.mentra.asg_client                D  âœ… Successfully parsed direct JSON JSON: {"C":"cs_flts","B":{"type":49,"state":1,"index":33}}...
2025-12-17 23:43:38.542  3972-4009  CommandProcessor        com.mentra.asg_client                D  ğŸ“Š processJsonCommand() started{"C":"cs_flts","B":{"type":49,"state":1,"index":33}}
2025-12-17 23:43:38.543  3972-4009  CommandProtocolDetector com.mentra.asg_client                D  ğŸ“¦ Detected K900 protocol format: cs_flts
2025-12-17 23:43:38.543  3972-4009  CommandProtocolDetector com.mentra.asg_client                D  ğŸ” Protocol detected: ProtocolDetectionResult{type=K900 Protocol, commandType='k900_cs_flts', messageId=-1, valid=true}
2025-12-17 23:43:38.543  3972-4009  CommandProcessor        com.mentra.asg_client                I  ğŸ¯ Processing K900 protocol command
2025-12-17 23:43:38.544  3972-4009  K900CommandHandler      com.mentra.asg_client                D  ğŸ“¦ Received K900 command: cs_flts
2025-12-17 23:43:38.544  3972-4009  K900CommandHandler      com.mentra.asg_client                D  ğŸ“¦ File transfer ACK: state=1, index=33
2025-12-17 23:43:38.544  3972-4009  AsgClientServiceManager com.mentra.asg_client                D  ğŸ“¶ getBluetoothManager() called - returning: valid
2025-12-17 23:43:38.544  3972-4009  K900BluetoothManager    com.mentra.asg_client                D  ğŸ“Š File transfer ACK: state=1, index=33 (0-based: 32), ACK received after 15ms, consecutiveFailures=0, currentPacketIndex=32
2025-12-17 23:43:38.545  3972-4009  CommandProcessor        com.mentra.asg_client                W  âš ï¸ No command data extracted - processing complete{"C":"cs_flts","B":{"type":49,"state":1,"index":33}}
2025-12-17 23:43:38.545  3972-4009  AsgClientServiceV2      com.mentra.asg_client                D  âœ… Data processing delegated successfully
2025-12-17 23:43:38.620  3972-4278  K900BluetoothManager    com.mentra.asg_client                D  ğŸ“Š Sent file packet 33/52 (221 bytes) - UART send took 0ms, total method time: 0ms
2025-12-17 23:43:38.629  3972-4009  ComManager              com.mentra.asg_client                D  UART read: 59 bytes
2025-12-17 23:43:38.629  3972-4009  K900MessageParser       com.mentra.asg_client                D  Removed 59 bytes from buffer, 0 remaining
2025-12-17 23:43:38.630  3972-4009  BaseBluetoothManager    com.mentra.asg_client                D  Bluetooth data received: 52 bytes
2025-12-17 23:43:38.630  3972-4009  AsgClientServiceV2      com.mentra.asg_client                D  ğŸ“¥ Bluetooth onDataReceived() called
2025-12-17 23:43:38.630  3972-4009  AsgClientServiceV2      com.mentra.asg_client                I  ğŸ“¥ Received 52 bytes from Bluetooth
2025-12-17 23:43:38.630  3972-4009  AsgClientServiceV2      com.mentra.asg_client                D  ğŸ“‹ Data preview: {"C":"cs_flts","B":{"type":49,"state":1,"index":34}}
2025-12-17 23:43:38.630  3972-4009  AsgClientServiceV2      com.mentra.asg_client                D  ğŸ”„ Delegating data processing to CommandProcessor
2025-12-17 23:43:38.630  3972-4009  JsonParser              com.mentra.asg_client                D  âœ… Successfully parsed direct JSON JSON: {"C":"cs_flts","B":{"type":49,"state":1,"index":34}}...
2025-12-17 23:43:38.631  3972-4009  CommandProcessor        com.mentra.asg_client                D  ğŸ“Š processJsonCommand() started{"C":"cs_flts","B":{"type":49,"state":1,"index":34}}
2025-12-17 23:43:38.631  3972-4009  CommandProtocolDetector com.mentra.asg_client                D  ğŸ“¦ Detected K900 protocol format: cs_flts
2025-12-17 23:43:38.632  3972-4009  CommandProtocolDetector com.mentra.asg_client                D  ğŸ” Protocol detected: ProtocolDetectionResult{type=K900 Protocol, commandType='k900_cs_flts', messageId=-1, valid=true}
2025-12-17 23:43:38.632  3972-4009  CommandProcessor        com.mentra.asg_client                I  ğŸ¯ Processing K900 protocol command
2025-12-17 23:43:38.632  3972-4009  K900CommandHandler      com.mentra.asg_client                D  ğŸ“¦ Received K900 command: cs_flts
2025-12-17 23:43:38.633  3972-4009  K900CommandHandler      com.mentra.asg_client                D  ğŸ“¦ File transfer ACK: state=1, index=34
2025-12-17 23:43:38.633  3972-4009  AsgClientServiceManager com.mentra.asg_client                D  ğŸ“¶ getBluetoothManager() called - returning: valid
2025-12-17 23:43:38.633  3972-4009  K900BluetoothManager    com.mentra.asg_client                D  ğŸ“Š File transfer ACK: state=1, index=34 (0-based: 33), ACK received after 13ms, consecutiveFailures=0, currentPacketIndex=33
2025-12-17 23:43:38.633  3972-4009  CommandProcessor        com.mentra.asg_client                W  âš ï¸ No command data extracted - processing complete{"C":"cs_flts","B":{"type":49,"state":1,"index":34}}
2025-12-17 23:43:38.634  3972-4009  AsgClientServiceV2      com.mentra.asg_client                D  âœ… Data processing delegated successfully
2025-12-17 23:43:38.709  3972-4278  K900BluetoothManager    com.mentra.asg_client                D  ğŸ“Š Sent file packet 34/52 (221 bytes) - UART send took 0ms, total method time: 0ms
2025-12-17 23:43:38.719  3972-4009  ComManager              com.mentra.asg_client                D  UART read: 59 bytes
2025-12-17 23:43:38.720  3972-4009  K900MessageParser       com.mentra.asg_client                D  Removed 59 bytes from buffer, 0 remaining
2025-12-17 23:43:38.720  3972-4009  BaseBluetoothManager    com.mentra.asg_client                D  Bluetooth data received: 52 bytes
2025-12-17 23:43:38.720  3972-4009  AsgClientServiceV2      com.mentra.asg_client                D  ğŸ“¥ Bluetooth onDataReceived() called
2025-12-17 23:43:38.720  3972-4009  AsgClientServiceV2      com.mentra.asg_client                I  ğŸ“¥ Received 52 bytes from Bluetooth
2025-12-17 23:43:38.721  3972-4009  AsgClientServiceV2      com.mentra.asg_client                D  ğŸ“‹ Data preview: {"C":"cs_flts","B":{"type":49,"state":1,"index":35}}
2025-12-17 23:43:38.721  3972-4009  AsgClientServiceV2      com.mentra.asg_client                D  ğŸ”„ Delegating data processing to CommandProcessor
2025-12-17 23:43:38.721  3972-4009  JsonParser              com.mentra.asg_client                D  âœ… Successfully parsed direct JSON JSON: {"C":"cs_flts","B":{"type":49,"state":1,"index":35}}...
2025-12-17 23:43:38.722  3972-4009  CommandProcessor        com.mentra.asg_client                D  ğŸ“Š processJsonCommand() started{"C":"cs_flts","B":{"type":49,"state":1,"index":35}}
2025-12-17 23:43:38.723  3972-4009  CommandProtocolDetector com.mentra.asg_client                D  ğŸ“¦ Detected K900 protocol format: cs_flts
2025-12-17 23:43:38.725  3972-4009  CommandProtocolDetector com.mentra.asg_client                D  ğŸ” Protocol detected: ProtocolDetectionResult{type=K900 Protocol, commandType='k900_cs_flts', messageId=-1, valid=true}
2025-12-17 23:43:38.725  3972-4009  CommandProcessor        com.mentra.asg_client                I  ğŸ¯ Processing K900 protocol command
2025-12-17 23:43:38.725  3972-4009  K900CommandHandler      com.mentra.asg_client                D  ğŸ“¦ Received K900 command: cs_flts
2025-12-17 23:43:38.726  3972-4009  K900CommandHandler      com.mentra.asg_client                D  ğŸ“¦ File transfer ACK: state=1, index=35
2025-12-17 23:43:38.726  3972-4009  AsgClientServiceManager com.mentra.asg_client                D  ğŸ“¶ getBluetoothManager() called - returning: valid
2025-12-17 23:43:38.726  3972-4009  K900BluetoothManager    com.mentra.asg_client                D  ğŸ“Š File transfer ACK: state=1, index=35 (0-based: 34), ACK received after 17ms, consecutiveFailures=0, currentPacketIndex=34
2025-12-17 23:43:38.727  3972-4009  CommandProcessor        com.mentra.asg_client                W  âš ï¸ No command data extracted - processing complete{"C":"cs_flts","B":{"type":49,"state":1,"index":35}}
2025-12-17 23:43:38.728  3972-4009  AsgClientServiceV2      com.mentra.asg_client                D  âœ… Data processing delegated successfully
2025-12-17 23:43:38.803  3972-4278  K900BluetoothManager    com.mentra.asg_client                D  ğŸ“Š Sent file packet 35/52 (221 bytes) - UART send took 1ms, total method time: 1ms
2025-12-17 23:43:38.815  3972-4009  ComManager              com.mentra.asg_client                D  UART read: 59 bytes
2025-12-17 23:43:38.815  3972-4009  K900MessageParser       com.mentra.asg_client                D  Removed 59 bytes from buffer, 0 remaining
2025-12-17 23:43:38.816  3972-4009  BaseBluetoothManager    com.mentra.asg_client                D  Bluetooth data received: 52 bytes
2025-12-17 23:43:38.816  3972-4009  AsgClientServiceV2      com.mentra.asg_client                D  ğŸ“¥ Bluetooth onDataReceived() called
2025-12-17 23:43:38.816  3972-4009  AsgClientServiceV2      com.mentra.asg_client                I  ğŸ“¥ Received 52 bytes from Bluetooth
2025-12-17 23:43:38.817  3972-4009  AsgClientServiceV2      com.mentra.asg_client                D  ğŸ“‹ Data preview: {"C":"cs_flts","B":{"type":49,"state":1,"index":36}}
2025-12-17 23:43:38.817  3972-4009  AsgClientServiceV2      com.mentra.asg_client                D  ğŸ”„ Delegating data processing to CommandProcessor
2025-12-17 23:43:38.818  3972-4009  JsonParser              com.mentra.asg_client                D  âœ… Successfully parsed direct JSON JSON: {"C":"cs_flts","B":{"type":49,"state":1,"index":36}}...
2025-12-17 23:43:38.819  3972-4009  CommandProcessor        com.mentra.asg_client                D  ğŸ“Š processJsonCommand() started{"C":"cs_flts","B":{"type":49,"state":1,"index":36}}
2025-12-17 23:43:38.820  3972-4009  CommandProtocolDetector com.mentra.asg_client                D  ğŸ“¦ Detected K900 protocol format: cs_flts
2025-12-17 23:43:38.821  3972-4009  CommandProtocolDetector com.mentra.asg_client                D  ğŸ” Protocol detected: ProtocolDetectionResult{type=K900 Protocol, commandType='k900_cs_flts', messageId=-1, valid=true}
2025-12-17 23:43:38.822  3972-4009  CommandProcessor        com.mentra.asg_client                I  ğŸ¯ Processing K900 protocol command
2025-12-17 23:43:38.822  3972-4009  K900CommandHandler      com.mentra.asg_client                D  ğŸ“¦ Received K900 command: cs_flts
2025-12-17 23:43:38.823  3972-4009  K900CommandHandler      com.mentra.asg_client                D  ğŸ“¦ File transfer ACK: state=1, index=36
2025-12-17 23:43:38.823  3972-4009  AsgClientServiceManager com.mentra.asg_client                D  ğŸ“¶ getBluetoothManager() called - returning: valid
2025-12-17 23:43:38.823  3972-4009  K900BluetoothManager    com.mentra.asg_client                D  ğŸ“Š File transfer ACK: state=1, index=36 (0-based: 35), ACK received after 20ms, consecutiveFailures=0, currentPacketIndex=35
2025-12-17 23:43:38.825  3972-4009  CommandProcessor        com.mentra.asg_client                W  âš ï¸ No command data extracted - processing complete{"C":"cs_flts","B":{"type":49,"state":1,"index":36}}
2025-12-17 23:43:38.825  3972-4009  AsgClientServiceV2      com.mentra.asg_client                D  âœ… Data processing delegated successfully
2025-12-17 23:43:38.900  3972-4278  K900BluetoothManager    com.mentra.asg_client                D  ğŸ“Š Sent file packet 36/52 (221 bytes) - UART send took 1ms, total method time: 1ms
2025-12-17 23:43:38.912  3972-4009  ComManager              com.mentra.asg_client                D  UART read: 59 bytes
2025-12-17 23:43:38.912  3972-4009  K900MessageParser       com.mentra.asg_client                D  Removed 59 bytes from buffer, 0 remaining
2025-12-17 23:43:38.912  3972-4009  BaseBluetoothManager    com.mentra.asg_client                D  Bluetooth data received: 52 bytes
2025-12-17 23:43:38.913  3972-4009  AsgClientServiceV2      com.mentra.asg_client                D  ğŸ“¥ Bluetooth onDataReceived() called
2025-12-17 23:43:38.913  3972-4009  AsgClientServiceV2      com.mentra.asg_client                I  ğŸ“¥ Received 52 bytes from Bluetooth
2025-12-17 23:43:38.913  3972-4009  AsgClientServiceV2      com.mentra.asg_client                D  ğŸ“‹ Data preview: {"C":"cs_flts","B":{"type":49,"state":1,"index":37}}
2025-12-17 23:43:38.913  3972-4009  AsgClientServiceV2      com.mentra.asg_client                D  ğŸ”„ Delegating data processing to CommandProcessor
2025-12-17 23:43:38.914  3972-4009  JsonParser              com.mentra.asg_client                D  âœ… Successfully parsed direct JSON JSON: {"C":"cs_flts","B":{"type":49,"state":1,"index":37}}...
2025-12-17 23:43:38.915  3972-4009  CommandProcessor        com.mentra.asg_client                D  ğŸ“Š processJsonCommand() started{"C":"cs_flts","B":{"type":49,"state":1,"index":37}}
2025-12-17 23:43:38.916  3972-4009  CommandProtocolDetector com.mentra.asg_client                D  ğŸ“¦ Detected K900 protocol format: cs_flts
2025-12-17 23:43:38.918  3972-4009  CommandProtocolDetector com.mentra.asg_client                D  ğŸ” Protocol detected: ProtocolDetectionResult{type=K900 Protocol, commandType='k900_cs_flts', messageId=-1, valid=true}
2025-12-17 23:43:38.918  3972-4009  CommandProcessor        com.mentra.asg_client                I  ğŸ¯ Processing K900 protocol command
2025-12-17 23:43:38.918  3972-4009  K900CommandHandler      com.mentra.asg_client                D  ğŸ“¦ Received K900 command: cs_flts
2025-12-17 23:43:38.919  3972-4009  K900CommandHandler      com.mentra.asg_client                D  ğŸ“¦ File transfer ACK: state=1, index=37
2025-12-17 23:43:38.919  3972-4009  AsgClientServiceManager com.mentra.asg_client                D  ğŸ“¶ getBluetoothManager() called - returning: valid
2025-12-17 23:43:38.919  3972-4009  K900BluetoothManager    com.mentra.asg_client                D  ğŸ“Š File transfer ACK: state=1, index=37 (0-based: 36), ACK received after 19ms, consecutiveFailures=0, currentPacketIndex=36
2025-12-17 23:43:38.920  3972-4009  CommandProcessor        com.mentra.asg_client                W  âš ï¸ No command data extracted - processing complete{"C":"cs_flts","B":{"type":49,"state":1,"index":37}}
2025-12-17 23:43:38.921  3972-4009  AsgClientServiceV2      com.mentra.asg_client                D  âœ… Data processing delegated successfully
2025-12-17 23:43:38.996  3972-4278  K900BluetoothManager    com.mentra.asg_client                D  ğŸ“Š Sent file packet 37/52 (221 bytes) - UART send took 0ms, total method time: 0ms
2025-12-17 23:43:39.007  3972-4009  ComManager              com.mentra.asg_client                D  UART read: 59 bytes
2025-12-17 23:43:39.008  3972-4009  K900MessageParser       com.mentra.asg_client                D  Removed 59 bytes from buffer, 0 remaining
2025-12-17 23:43:39.009  3972-4009  BaseBluetoothManager    com.mentra.asg_client                D  Bluetooth data received: 52 bytes
2025-12-17 23:43:39.009  3972-4009  AsgClientServiceV2      com.mentra.asg_client                D  ğŸ“¥ Bluetooth onDataReceived() called
2025-12-17 23:43:39.009  3972-4009  AsgClientServiceV2      com.mentra.asg_client                I  ğŸ“¥ Received 52 bytes from Bluetooth
2025-12-17 23:43:39.009  3972-4009  AsgClientServiceV2      com.mentra.asg_client                D  ğŸ“‹ Data preview: {"C":"cs_flts","B":{"type":49,"state":1,"index":38}}
2025-12-17 23:43:39.009  3972-4009  AsgClientServiceV2      com.mentra.asg_client                D  ğŸ”„ Delegating data processing to CommandProcessor
2025-12-17 23:43:39.010  3972-4009  JsonParser              com.mentra.asg_client                D  âœ… Successfully parsed direct JSON JSON: {"C":"cs_flts","B":{"type":49,"state":1,"index":38}}...
2025-12-17 23:43:39.011  3972-4009  CommandProcessor        com.mentra.asg_client                D  ğŸ“Š processJsonCommand() started{"C":"cs_flts","B":{"type":49,"state":1,"index":38}}
2025-12-17 23:43:39.012  3972-4009  CommandProtocolDetector com.mentra.asg_client                D  ğŸ“¦ Detected K900 protocol format: cs_flts
2025-12-17 23:43:39.014  3972-4009  CommandProtocolDetector com.mentra.asg_client                D  ğŸ” Protocol detected: ProtocolDetectionResult{type=K900 Protocol, commandType='k900_cs_flts', messageId=-1, valid=true}
2025-12-17 23:43:39.014  3972-4009  CommandProcessor        com.mentra.asg_client                I  ğŸ¯ Processing K900 protocol command
2025-12-17 23:43:39.014  3972-4009  K900CommandHandler      com.mentra.asg_client                D  ğŸ“¦ Received K900 command: cs_flts
2025-12-17 23:43:39.015  3972-4009  K900CommandHandler      com.mentra.asg_client                D  ğŸ“¦ File transfer ACK: state=1, index=38
2025-12-17 23:43:39.015  3972-4009  AsgClientServiceManager com.mentra.asg_client                D  ğŸ“¶ getBluetoothManager() called - returning: valid
2025-12-17 23:43:39.015  3972-4009  K900BluetoothManager    com.mentra.asg_client                D  ğŸ“Š File transfer ACK: state=1, index=38 (0-based: 37), ACK received after 20ms, consecutiveFailures=0, currentPacketIndex=37
2025-12-17 23:43:39.016  3972-4009  CommandProcessor        com.mentra.asg_client                W  âš ï¸ No command data extracted - processing complete{"C":"cs_flts","B":{"type":49,"state":1,"index":38}}
2025-12-17 23:43:39.017  3972-4009  AsgClientServiceV2      com.mentra.asg_client                D  âœ… Data processing delegated successfully
2025-12-17 23:43:39.092  3972-4278  K900BluetoothManager    com.mentra.asg_client                D  ğŸ“Š Sent file packet 38/52 (221 bytes) - UART send took 1ms, total method time: 1ms
2025-12-17 23:43:39.103  3972-4009  ComManager              com.mentra.asg_client                D  UART read: 59 bytes
2025-12-17 23:43:39.104  3972-4009  K900MessageParser       com.mentra.asg_client                D  Removed 59 bytes from buffer, 0 remaining
2025-12-17 23:43:39.104  3972-4009  BaseBluetoothManager    com.mentra.asg_client                D  Bluetooth data received: 52 bytes
2025-12-17 23:43:39.104  3972-4009  AsgClientServiceV2      com.mentra.asg_client                D  ğŸ“¥ Bluetooth onDataReceived() called
2025-12-17 23:43:39.105  3972-4009  AsgClientServiceV2      com.mentra.asg_client                I  ğŸ“¥ Received 52 bytes from Bluetooth
2025-12-17 23:43:39.105  3972-4009  AsgClientServiceV2      com.mentra.asg_client                D  ğŸ“‹ Data preview: {"C":"cs_flts","B":{"type":49,"state":1,"index":39}}
2025-12-17 23:43:39.105  3972-4009  AsgClientServiceV2      com.mentra.asg_client                D  ğŸ”„ Delegating data processing to CommandProcessor
2025-12-17 23:43:39.106  3972-4009  JsonParser              com.mentra.asg_client                D  âœ… Successfully parsed direct JSON JSON: {"C":"cs_flts","B":{"type":49,"state":1,"index":39}}...
2025-12-17 23:43:39.107  3972-4009  CommandProcessor        com.mentra.asg_client                D  ğŸ“Š processJsonCommand() started{"C":"cs_flts","B":{"type":49,"state":1,"index":39}}
2025-12-17 23:43:39.108  3972-4009  CommandProtocolDetector com.mentra.asg_client                D  ğŸ“¦ Detected K900 protocol format: cs_flts
2025-12-17 23:43:39.109  3972-4009  CommandProtocolDetector com.mentra.asg_client                D  ğŸ” Protocol detected: ProtocolDetectionResult{type=K900 Protocol, commandType='k900_cs_flts', messageId=-1, valid=true}
2025-12-17 23:43:39.110  3972-4009  CommandProcessor        com.mentra.asg_client                I  ğŸ¯ Processing K900 protocol command
2025-12-17 23:43:39.110  3972-4009  K900CommandHandler      com.mentra.asg_client                D  ğŸ“¦ Received K900 command: cs_flts
2025-12-17 23:43:39.111  3972-4009  K900CommandHandler      com.mentra.asg_client                D  ğŸ“¦ File transfer ACK: state=1, index=39
2025-12-17 23:43:39.111  3972-4009  AsgClientServiceManager com.mentra.asg_client                D  ğŸ“¶ getBluetoothManager() called - returning: valid
2025-12-17 23:43:39.111  3972-4009  K900BluetoothManager    com.mentra.asg_client                D  ğŸ“Š File transfer ACK: state=1, index=39 (0-based: 38), ACK received after 19ms, consecutiveFailures=0, currentPacketIndex=38
2025-12-17 23:43:39.113  3972-4009  CommandProcessor        com.mentra.asg_client                W  âš ï¸ No command data extracted - processing complete{"C":"cs_flts","B":{"type":49,"state":1,"index":39}}
2025-12-17 23:43:39.113  3972-4009  AsgClientServiceV2      com.mentra.asg_client                D  âœ… Data processing delegated successfully
2025-12-17 23:43:39.188  3972-4278  K900BluetoothManager    com.mentra.asg_client                D  ğŸ“Š Sent file packet 39/52 (221 bytes) - UART send took 0ms, total method time: 0ms
2025-12-17 23:43:39.200  3972-4009  ComManager              com.mentra.asg_client                D  UART read: 59 bytes
2025-12-17 23:43:39.200  3972-4009  K900MessageParser       com.mentra.asg_client                D  Removed 59 bytes from buffer, 0 remaining
2025-12-17 23:43:39.201  3972-4009  BaseBluetoothManager    com.mentra.asg_client                D  Bluetooth data received: 52 bytes
2025-12-17 23:43:39.201  3972-4009  AsgClientServiceV2      com.mentra.asg_client                D  ğŸ“¥ Bluetooth onDataReceived() called
2025-12-17 23:43:39.201  3972-4009  AsgClientServiceV2      com.mentra.asg_client                I  ğŸ“¥ Received 52 bytes from Bluetooth
2025-12-17 23:43:39.202  3972-4009  AsgClientServiceV2      com.mentra.asg_client                D  ğŸ“‹ Data preview: {"C":"cs_flts","B":{"type":49,"state":1,"index":40}}
2025-12-17 23:43:39.202  3972-4009  AsgClientServiceV2      com.mentra.asg_client                D  ğŸ”„ Delegating data processing to CommandProcessor
2025-12-17 23:43:39.203  3972-4009  JsonParser              com.mentra.asg_client                D  âœ… Successfully parsed direct JSON JSON: {"C":"cs_flts","B":{"type":49,"state":1,"index":40}}...
2025-12-17 23:43:39.203  3972-4009  CommandProcessor        com.mentra.asg_client                D  ğŸ“Š processJsonCommand() started{"C":"cs_flts","B":{"type":49,"state":1,"index":40}}
2025-12-17 23:43:39.205  3972-4009  CommandProtocolDetector com.mentra.asg_client                D  ğŸ“¦ Detected K900 protocol format: cs_flts
2025-12-17 23:43:39.206  3972-4009  CommandProtocolDetector com.mentra.asg_client                D  ğŸ” Protocol detected: ProtocolDetectionResult{type=K900 Protocol, commandType='k900_cs_flts', messageId=-1, valid=true}
2025-12-17 23:43:39.207  3972-4009  CommandProcessor        com.mentra.asg_client                I  ğŸ¯ Processing K900 protocol command
2025-12-17 23:43:39.207  3972-4009  K900CommandHandler      com.mentra.asg_client                D  ğŸ“¦ Received K900 command: cs_flts
2025-12-17 23:43:39.207  3972-4009  K900CommandHandler      com.mentra.asg_client                D  ğŸ“¦ File transfer ACK: state=1, index=40
2025-12-17 23:43:39.208  3972-4009  AsgClientServiceManager com.mentra.asg_client                D  ğŸ“¶ getBluetoothManager() called - returning: valid
2025-12-17 23:43:39.208  3972-4009  K900BluetoothManager    com.mentra.asg_client                D  ğŸ“Š File transfer ACK: state=1, index=40 (0-based: 39), ACK received after 20ms, consecutiveFailures=0, currentPacketIndex=39
2025-12-17 23:43:39.209  3972-4009  CommandProcessor        com.mentra.asg_client                W  âš ï¸ No command data extracted - processing complete{"C":"cs_flts","B":{"type":49,"state":1,"index":40}}
2025-12-17 23:43:39.209  3972-4009  AsgClientServiceV2      com.mentra.asg_client                D  âœ… Data processing delegated successfully
2025-12-17 23:43:39.284  3972-4278  K900BluetoothManager    com.mentra.asg_client                D  ğŸ“Š Sent file packet 40/52 (221 bytes) - UART send took 0ms, total method time: 0ms
2025-12-17 23:43:39.296  3972-4009  ComManager              com.mentra.asg_client                D  UART read: 59 bytes
2025-12-17 23:43:39.297  3972-4009  K900MessageParser       com.mentra.asg_client                D  Removed 59 bytes from buffer, 0 remaining
2025-12-17 23:43:39.297  3972-4009  BaseBluetoothManager    com.mentra.asg_client                D  Bluetooth data received: 52 bytes
2025-12-17 23:43:39.297  3972-4009  AsgClientServiceV2      com.mentra.asg_client                D  ğŸ“¥ Bluetooth onDataReceived() called
2025-12-17 23:43:39.298  3972-4009  AsgClientServiceV2      com.mentra.asg_client                I  ğŸ“¥ Received 52 bytes from Bluetooth
2025-12-17 23:43:39.298  3972-4009  AsgClientServiceV2      com.mentra.asg_client                D  ğŸ“‹ Data preview: {"C":"cs_flts","B":{"type":49,"state":1,"index":41}}
2025-12-17 23:43:39.299  3972-4009  AsgClientServiceV2      com.mentra.asg_client                D  ğŸ”„ Delegating data processing to CommandProcessor
2025-12-17 23:43:39.299  3972-4009  JsonParser              com.mentra.asg_client                D  âœ… Successfully parsed direct JSON JSON: {"C":"cs_flts","B":{"type":49,"state":1,"index":41}}...
2025-12-17 23:43:39.300  3972-4009  CommandProcessor        com.mentra.asg_client                D  ğŸ“Š processJsonCommand() started{"C":"cs_flts","B":{"type":49,"state":1,"index":41}}
2025-12-17 23:43:39.302  3972-4009  CommandProtocolDetector com.mentra.asg_client                D  ğŸ“¦ Detected K900 protocol format: cs_flts
2025-12-17 23:43:39.303  3972-4009  CommandProtocolDetector com.mentra.asg_client                D  ğŸ” Protocol detected: ProtocolDetectionResult{type=K900 Protocol, commandType='k900_cs_flts', messageId=-1, valid=true}
2025-12-17 23:43:39.304  3972-4009  CommandProcessor        com.mentra.asg_client                I  ğŸ¯ Processing K900 protocol command
2025-12-17 23:43:39.304  3972-4009  K900CommandHandler      com.mentra.asg_client                D  ğŸ“¦ Received K900 command: cs_flts
2025-12-17 23:43:39.304  3972-4009  K900CommandHandler      com.mentra.asg_client                D  ğŸ“¦ File transfer ACK: state=1, index=41
2025-12-17 23:43:39.305  3972-4009  AsgClientServiceManager com.mentra.asg_client                D  ğŸ“¶ getBluetoothManager() called - returning: valid
2025-12-17 23:43:39.305  3972-4009  K900BluetoothManager    com.mentra.asg_client                D  ğŸ“Š File transfer ACK: state=1, index=41 (0-based: 40), ACK received after 21ms, consecutiveFailures=0, currentPacketIndex=40
2025-12-17 23:43:39.306  3972-4009  CommandProcessor        com.mentra.asg_client                W  âš ï¸ No command data extracted - processing complete{"C":"cs_flts","B":{"type":49,"state":1,"index":41}}
2025-12-17 23:43:39.307  3972-4009  AsgClientServiceV2      com.mentra.asg_client                D  âœ… Data processing delegated successfully
2025-12-17 23:43:39.382  3972-4278  K900BluetoothManager    com.mentra.asg_client                D  ğŸ“Š Sent file packet 41/52 (221 bytes) - UART send took 0ms, total method time: 0ms
2025-12-17 23:43:39.394  3972-4009  ComManager              com.mentra.asg_client                D  UART read: 59 bytes
2025-12-17 23:43:39.394  3972-4009  K900MessageParser       com.mentra.asg_client                D  Removed 59 bytes from buffer, 0 remaining
2025-12-17 23:43:39.395  3972-4009  BaseBluetoothManager    com.mentra.asg_client                D  Bluetooth data received: 52 bytes
2025-12-17 23:43:39.395  3972-4009  AsgClientServiceV2      com.mentra.asg_client                D  ğŸ“¥ Bluetooth onDataReceived() called
2025-12-17 23:43:39.395  3972-4009  AsgClientServiceV2      com.mentra.asg_client                I  ğŸ“¥ Received 52 bytes from Bluetooth
2025-12-17 23:43:39.396  3972-4009  AsgClientServiceV2      com.mentra.asg_client                D  ğŸ“‹ Data preview: {"C":"cs_flts","B":{"type":49,"state":1,"index":42}}
2025-12-17 23:43:39.396  3972-4009  AsgClientServiceV2      com.mentra.asg_client                D  ğŸ”„ Delegating data processing to CommandProcessor
2025-12-17 23:43:39.397  3972-4009  JsonParser              com.mentra.asg_client                D  âœ… Successfully parsed direct JSON JSON: {"C":"cs_flts","B":{"type":49,"state":1,"index":42}}...
2025-12-17 23:43:39.397  3972-4009  CommandProcessor        com.mentra.asg_client                D  ğŸ“Š processJsonCommand() started{"C":"cs_flts","B":{"type":49,"state":1,"index":42}}
2025-12-17 23:43:39.399  3972-4009  CommandProtocolDetector com.mentra.asg_client                D  ğŸ“¦ Detected K900 protocol format: cs_flts
2025-12-17 23:43:39.400  3972-4009  CommandProtocolDetector com.mentra.asg_client                D  ğŸ” Protocol detected: ProtocolDetectionResult{type=K900 Protocol, commandType='k900_cs_flts', messageId=-1, valid=true}
2025-12-17 23:43:39.401  3972-4009  CommandProcessor        com.mentra.asg_client                I  ğŸ¯ Processing K900 protocol command
2025-12-17 23:43:39.401  3972-4009  K900CommandHandler      com.mentra.asg_client                D  ğŸ“¦ Received K900 command: cs_flts
2025-12-17 23:43:39.401  3972-4009  K900CommandHandler      com.mentra.asg_client                D  ğŸ“¦ File transfer ACK: state=1, index=42
2025-12-17 23:43:39.402  3972-4009  AsgClientServiceManager com.mentra.asg_client                D  ğŸ“¶ getBluetoothManager() called - returning: valid
2025-12-17 23:43:39.402  3972-4009  K900BluetoothManager    com.mentra.asg_client                D  ğŸ“Š File transfer ACK: state=1, index=42 (0-based: 41), ACK received after 21ms, consecutiveFailures=0, currentPacketIndex=41
2025-12-17 23:43:39.403  3972-4009  CommandProcessor        com.mentra.asg_client                W  âš ï¸ No command data extracted - processing complete{"C":"cs_flts","B":{"type":49,"state":1,"index":42}}
2025-12-17 23:43:39.403  3972-4009  AsgClientServiceV2      com.mentra.asg_client                D  âœ… Data processing delegated successfully
2025-12-17 23:43:39.479  3972-4278  K900BluetoothManager    com.mentra.asg_client                D  ğŸ“Š Sent file packet 42/52 (221 bytes) - UART send took 0ms, total method time: 0ms
2025-12-17 23:43:39.490  3972-4009  ComManager              com.mentra.asg_client                D  UART read: 59 bytes
2025-12-17 23:43:39.490  3972-4009  K900MessageParser       com.mentra.asg_client                D  Removed 59 bytes from buffer, 0 remaining
2025-12-17 23:43:39.491  3972-4009  BaseBluetoothManager    com.mentra.asg_client                D  Bluetooth data received: 52 bytes
2025-12-17 23:43:39.491  3972-4009  AsgClientServiceV2      com.mentra.asg_client                D  ğŸ“¥ Bluetooth onDataReceived() called
2025-12-17 23:43:39.491  3972-4009  AsgClientServiceV2      com.mentra.asg_client                I  ğŸ“¥ Received 52 bytes from Bluetooth
2025-12-17 23:43:39.492  3972-4009  AsgClientServiceV2      com.mentra.asg_client                D  ğŸ“‹ Data preview: {"C":"cs_flts","B":{"type":49,"state":1,"index":43}}
2025-12-17 23:43:39.492  3972-4009  AsgClientServiceV2      com.mentra.asg_client                D  ğŸ”„ Delegating data processing to CommandProcessor
2025-12-17 23:43:39.492  3972-4009  JsonParser              com.mentra.asg_client                D  âœ… Successfully parsed direct JSON JSON: {"C":"cs_flts","B":{"type":49,"state":1,"index":43}}...
2025-12-17 23:43:39.493  3972-4009  CommandProcessor        com.mentra.asg_client                D  ğŸ“Š processJsonCommand() started{"C":"cs_flts","B":{"type":49,"state":1,"index":43}}
2025-12-17 23:43:39.495  3972-4009  CommandProtocolDetector com.mentra.asg_client                D  ğŸ“¦ Detected K900 protocol format: cs_flts
2025-12-17 23:43:39.496  3972-4009  CommandProtocolDetector com.mentra.asg_client                D  ğŸ” Protocol detected: ProtocolDetectionResult{type=K900 Protocol, commandType='k900_cs_flts', messageId=-1, valid=true}
2025-12-17 23:43:39.496  3972-4009  CommandProcessor        com.mentra.asg_client                I  ğŸ¯ Processing K900 protocol command
2025-12-17 23:43:39.497  3972-4009  K900CommandHandler      com.mentra.asg_client                D  ğŸ“¦ Received K900 command: cs_flts
2025-12-17 23:43:39.497  3972-4009  K900CommandHandler      com.mentra.asg_client                D  ğŸ“¦ File transfer ACK: state=1, index=43
2025-12-17 23:43:39.497  3972-4009  AsgClientServiceManager com.mentra.asg_client                D  ğŸ“¶ getBluetoothManager() called - returning: valid
2025-12-17 23:43:39.498  3972-4009  K900BluetoothManager    com.mentra.asg_client                D  ğŸ“Š File transfer ACK: state=1, index=43 (0-based: 42), ACK received after 20ms, consecutiveFailures=0, currentPacketIndex=42
2025-12-17 23:43:39.499  3972-4009  CommandProcessor        com.mentra.asg_client                W  âš ï¸ No command data extracted - processing complete{"C":"cs_flts","B":{"type":49,"state":1,"index":43}}
2025-12-17 23:43:39.499  3972-4009  AsgClientServiceV2      com.mentra.asg_client                D  âœ… Data processing delegated successfully
2025-12-17 23:43:39.574  3972-4278  K900BluetoothManager    com.mentra.asg_client                D  ğŸ“Š Sent file packet 43/52 (221 bytes) - UART send took 0ms, total method time: 0ms
2025-12-17 23:43:39.586  3972-4009  ComManager              com.mentra.asg_client                D  UART read: 59 bytes
2025-12-17 23:43:39.586  3972-4009  K900MessageParser       com.mentra.asg_client                D  Removed 59 bytes from buffer, 0 remaining
2025-12-17 23:43:39.587  3972-4009  BaseBluetoothManager    com.mentra.asg_client                D  Bluetooth data received: 52 bytes
2025-12-17 23:43:39.587  3972-4009  AsgClientServiceV2      com.mentra.asg_client                D  ğŸ“¥ Bluetooth onDataReceived() called
2025-12-17 23:43:39.587  3972-4009  AsgClientServiceV2      com.mentra.asg_client                I  ğŸ“¥ Received 52 bytes from Bluetooth
2025-12-17 23:43:39.587  3972-4009  AsgClientServiceV2      com.mentra.asg_client                D  ğŸ“‹ Data preview: {"C":"cs_flts","B":{"type":49,"state":1,"index":44}}
2025-12-17 23:43:39.588  3972-4009  AsgClientServiceV2      com.mentra.asg_client                D  ğŸ”„ Delegating data processing to CommandProcessor
2025-12-17 23:43:39.588  3972-4009  JsonParser              com.mentra.asg_client                D  âœ… Successfully parsed direct JSON JSON: {"C":"cs_flts","B":{"type":49,"state":1,"index":44}}...
2025-12-17 23:43:39.589  3972-4009  CommandProcessor        com.mentra.asg_client                D  ğŸ“Š processJsonCommand() started{"C":"cs_flts","B":{"type":49,"state":1,"index":44}}
2025-12-17 23:43:39.591  3972-4009  CommandProtocolDetector com.mentra.asg_client                D  ğŸ“¦ Detected K900 protocol format: cs_flts
