2025-12-17 23:43:36.638  3972-4009  CommandProcessor        com.mentra.asg_client                D  ğŸ“Š processJsonCommand() started{"C":"cs_flts","B":{"type":49,"state":1,"index":12}}
2025-12-17 23:43:36.640  3972-4009  CommandProtocolDetector com.mentra.asg_client                D  ğŸ“¦ Detected K900 protocol format: cs_flts
2025-12-17 23:43:36.641  3972-4009  CommandProtocolDetector com.mentra.asg_client                D  ğŸ” Protocol detected: ProtocolDetectionResult{type=K900 Protocol, commandType='k900_cs_flts', messageId=-1, valid=true}
2025-12-17 23:43:36.641  3972-4009  CommandProcessor        com.mentra.asg_client                I  ğŸ¯ Processing K900 protocol command
2025-12-17 23:43:36.642  3972-4009  K900CommandHandler      com.mentra.asg_client                D  ğŸ“¦ Received K900 command: cs_flts
2025-12-17 23:43:36.642  3972-4009  K900CommandHandler      com.mentra.asg_client                D  ğŸ“¦ File transfer ACK: state=1, index=12
2025-12-17 23:43:36.642  3972-4009  AsgClientServiceManager com.mentra.asg_client                D  ğŸ“¶ getBluetoothManager() called - returning: valid
2025-12-17 23:43:36.642  3972-4009  K900BluetoothManager    com.mentra.asg_client                D  ğŸ“Š File transfer ACK: state=1, index=12 (0-based: 11), ACK received after 18ms, consecutiveFailures=0, currentPacketIndex=11
2025-12-17 23:43:36.643  3972-4009  CommandProcessor        com.mentra.asg_client                W  âš ï¸ No command data extracted - processing complete{"C":"cs_flts","B":{"type":49,"state":1,"index":12}}
2025-12-17 23:43:36.643  3972-4009  AsgClientServiceV2      com.mentra.asg_client                D  âœ… Data processing delegated successfully
2025-12-17 23:43:36.719  3972-4278  K900BluetoothManager    com.mentra.asg_client                D  ğŸ“Š Sent file packet 12/52 (221 bytes) - UART send took 0ms, total method time: 0ms
2025-12-17 23:43:36.726  3972-4009  ComManager              com.mentra.asg_client                D  UART read: 59 bytes
2025-12-17 23:43:36.727  3972-4009  K900MessageParser       com.mentra.asg_client                D  Removed 59 bytes from buffer, 0 remaining
2025-12-17 23:43:36.727  3972-4009  BaseBluetoothManager    com.mentra.asg_client                D  Bluetooth data received: 52 bytes
2025-12-17 23:43:36.727  3972-4009  AsgClientServiceV2      com.mentra.asg_client                D  ğŸ“¥ Bluetooth onDataReceived() called
2025-12-17 23:43:36.727  3972-4009  AsgClientServiceV2      com.mentra.asg_client                I  ğŸ“¥ Received 52 bytes from Bluetooth
2025-12-17 23:43:36.728  3972-4009  AsgClientServiceV2      com.mentra.asg_client                D  ğŸ“‹ Data preview: {"C":"cs_flts","B":{"type":49,"state":1,"index":13}}
2025-12-17 23:43:36.728  3972-4009  AsgClientServiceV2      com.mentra.asg_client                D  ğŸ”„ Delegating data processing to CommandProcessor
2025-12-17 23:43:36.728  3972-4009  JsonParser              com.mentra.asg_client                D  âœ… Successfully parsed direct JSON JSON: {"C":"cs_flts","B":{"type":49,"state":1,"index":13}}...
2025-12-17 23:43:36.728  3972-4009  CommandProcessor        com.mentra.asg_client                D  ğŸ“Š processJsonCommand() started{"C":"cs_flts","B":{"type":49,"state":1,"index":13}}
2025-12-17 23:43:36.729  3972-4009  CommandProtocolDetector com.mentra.asg_client                D  ğŸ“¦ Detected K900 protocol format: cs_flts
2025-12-17 23:43:36.733  3972-4009  CommandProtocolDetector com.mentra.asg_client                D  ğŸ” Protocol detected: ProtocolDetectionResult{type=K900 Protocol, commandType='k900_cs_flts', messageId=-1, valid=true}
2025-12-17 23:43:36.733  3972-4009  CommandProcessor        com.mentra.asg_client                I  ğŸ¯ Processing K900 protocol command
2025-12-17 23:43:36.733  3972-4009  K900CommandHandler      com.mentra.asg_client                D  ğŸ“¦ Received K900 command: cs_flts
2025-12-17 23:43:36.733  3972-4009  K900CommandHandler      com.mentra.asg_client                D  ğŸ“¦ File transfer ACK: state=1, index=13
2025-12-17 23:43:36.733  3972-4009  AsgClientServiceManager com.mentra.asg_client                D  ğŸ“¶ getBluetoothManager() called - returning: valid
2025-12-17 23:43:36.733  3972-4009  K900BluetoothManager    com.mentra.asg_client                D  ğŸ“Š File transfer ACK: state=1, index=13 (0-based: 12), ACK received after 15ms, consecutiveFailures=0, currentPacketIndex=12
2025-12-17 23:43:36.734  3972-4009  CommandProcessor        com.mentra.asg_client                W  âš ï¸ No command data extracted - processing complete{"C":"cs_flts","B":{"type":49,"state":1,"index":13}}
2025-12-17 23:43:36.734  3972-4009  AsgClientServiceV2      com.mentra.asg_client                D  âœ… Data processing delegated successfully
2025-12-17 23:43:36.809  3972-4278  K900BluetoothManager    com.mentra.asg_client                D  ğŸ“Š Sent file packet 13/52 (221 bytes) - UART send took 0ms, total method time: 0ms
2025-12-17 23:43:36.820  3972-4009  ComManager              com.mentra.asg_client                D  UART read: 59 bytes
2025-12-17 23:43:36.821  3972-4009  K900MessageParser       com.mentra.asg_client                D  Removed 59 bytes from buffer, 0 remaining
2025-12-17 23:43:36.821  3972-4009  BaseBluetoothManager    com.mentra.asg_client                D  Bluetooth data received: 52 bytes
2025-12-17 23:43:36.821  3972-4009  AsgClientServiceV2      com.mentra.asg_client                D  ğŸ“¥ Bluetooth onDataReceived() called
2025-12-17 23:43:36.821  3972-4009  AsgClientServiceV2      com.mentra.asg_client                I  ğŸ“¥ Received 52 bytes from Bluetooth
2025-12-17 23:43:36.821  3972-4009  AsgClientServiceV2      com.mentra.asg_client                D  ğŸ“‹ Data preview: {"C":"cs_flts","B":{"type":49,"state":1,"index":14}}
2025-12-17 23:43:36.822  3972-4009  AsgClientServiceV2      com.mentra.asg_client                D  ğŸ”„ Delegating data processing to CommandProcessor
2025-12-17 23:43:36.822  3972-4009  JsonParser              com.mentra.asg_client                D  âœ… Successfully parsed direct JSON JSON: {"C":"cs_flts","B":{"type":49,"state":1,"index":14}}...
2025-12-17 23:43:36.822  3972-4009  CommandProcessor        com.mentra.asg_client                D  ğŸ“Š processJsonCommand() started{"C":"cs_flts","B":{"type":49,"state":1,"index":14}}
2025-12-17 23:43:36.823  3972-4009  CommandProtocolDetector com.mentra.asg_client                D  ğŸ“¦ Detected K900 protocol format: cs_flts
2025-12-17 23:43:36.824  3972-4009  CommandProtocolDetector com.mentra.asg_client                D  ğŸ” Protocol detected: ProtocolDetectionResult{type=K900 Protocol, commandType='k900_cs_flts', messageId=-1, valid=true}
2025-12-17 23:43:36.824  3972-4009  CommandProcessor        com.mentra.asg_client                I  ğŸ¯ Processing K900 protocol command
2025-12-17 23:43:36.824  3972-4009  K900CommandHandler      com.mentra.asg_client                D  ğŸ“¦ Received K900 command: cs_flts
2025-12-17 23:43:36.825  3972-4009  K900CommandHandler      com.mentra.asg_client                D  ğŸ“¦ File transfer ACK: state=1, index=14
2025-12-17 23:43:36.825  3972-4009  AsgClientServiceManager com.mentra.asg_client                D  ğŸ“¶ getBluetoothManager() called - returning: valid
2025-12-17 23:43:36.825  3972-4009  K900BluetoothManager    com.mentra.asg_client                D  ğŸ“Š File transfer ACK: state=1, index=14 (0-based: 13), ACK received after 16ms, consecutiveFailures=0, currentPacketIndex=13
2025-12-17 23:43:36.826  3972-4009  CommandProcessor        com.mentra.asg_client                W  âš ï¸ No command data extracted - processing complete{"C":"cs_flts","B":{"type":49,"state":1,"index":14}}
2025-12-17 23:43:36.826  3972-4009  AsgClientServiceV2      com.mentra.asg_client                D  âœ… Data processing delegated successfully
2025-12-17 23:43:36.901  3972-4278  K900BluetoothManager    com.mentra.asg_client                D  ğŸ“Š Sent file packet 14/52 (221 bytes) - UART send took 0ms, total method time: 1ms
2025-12-17 23:43:36.913  3972-4009  ComManager              com.mentra.asg_client                D  UART read: 59 bytes
2025-12-17 23:43:36.913  3972-4009  K900MessageParser       com.mentra.asg_client                D  Removed 59 bytes from buffer, 0 remaining
2025-12-17 23:43:36.913  3972-4009  BaseBluetoothManager    com.mentra.asg_client                D  Bluetooth data received: 52 bytes
2025-12-17 23:43:36.913  3972-4009  AsgClientServiceV2      com.mentra.asg_client                D  ğŸ“¥ Bluetooth onDataReceived() called
2025-12-17 23:43:36.913  3972-4009  AsgClientServiceV2      com.mentra.asg_client                I  ğŸ“¥ Received 52 bytes from Bluetooth
2025-12-17 23:43:36.913  3972-4009  AsgClientServiceV2      com.mentra.asg_client                D  ğŸ“‹ Data preview: {"C":"cs_flts","B":{"type":49,"state":1,"index":15}}
2025-12-17 23:43:36.913  3972-4009  AsgClientServiceV2      com.mentra.asg_client                D  ğŸ”„ Delegating data processing to CommandProcessor
2025-12-17 23:43:36.913  3972-4009  JsonParser              com.mentra.asg_client                D  âœ… Successfully parsed direct JSON JSON: {"C":"cs_flts","B":{"type":49,"state":1,"index":15}}...
2025-12-17 23:43:36.914  3972-4009  CommandProcessor        com.mentra.asg_client                D  ğŸ“Š processJsonCommand() started{"C":"cs_flts","B":{"type":49,"state":1,"index":15}}
2025-12-17 23:43:36.914  3972-4009  CommandProtocolDetector com.mentra.asg_client                D  ğŸ“¦ Detected K900 protocol format: cs_flts
2025-12-17 23:43:36.915  3972-4009  CommandProtocolDetector com.mentra.asg_client                D  ğŸ” Protocol detected: ProtocolDetectionResult{type=K900 Protocol, commandType='k900_cs_flts', messageId=-1, valid=true}
2025-12-17 23:43:36.915  3972-4009  CommandProcessor        com.mentra.asg_client                I  ğŸ¯ Processing K900 protocol command
2025-12-17 23:43:36.915  3972-4009  K900CommandHandler      com.mentra.asg_client                D  ğŸ“¦ Received K900 command: cs_flts
2025-12-17 23:43:36.916  3972-4009  K900CommandHandler      com.mentra.asg_client                D  ğŸ“¦ File transfer ACK: state=1, index=15
2025-12-17 23:43:36.916  3972-4009  AsgClientServiceManager com.mentra.asg_client                D  ğŸ“¶ getBluetoothManager() called - returning: valid
2025-12-17 23:43:36.916  3972-4009  K900BluetoothManager    com.mentra.asg_client                D  ğŸ“Š File transfer ACK: state=1, index=15 (0-based: 14), ACK received after 15ms, consecutiveFailures=0, currentPacketIndex=14
2025-12-17 23:43:36.916  3972-4009  CommandProcessor        com.mentra.asg_client                W  âš ï¸ No command data extracted - processing complete{"C":"cs_flts","B":{"type":49,"state":1,"index":15}}
2025-12-17 23:43:36.917  3972-4009  AsgClientServiceV2      com.mentra.asg_client                D  âœ… Data processing delegated successfully
2025-12-17 23:43:36.992  3972-4278  K900BluetoothManager    com.mentra.asg_client                D  ğŸ“Š Sent file packet 15/52 (221 bytes) - UART send took 1ms, total method time: 1ms
2025-12-17 23:43:37.004  3972-4009  ComManager              com.mentra.asg_client                D  UART read: 59 bytes
2025-12-17 23:43:37.004  3972-4009  K900MessageParser       com.mentra.asg_client                D  Removed 59 bytes from buffer, 0 remaining
2025-12-17 23:43:37.004  3972-4009  BaseBluetoothManager    com.mentra.asg_client                D  Bluetooth data received: 52 bytes
2025-12-17 23:43:37.004  3972-4009  AsgClientServiceV2      com.mentra.asg_client                D  ğŸ“¥ Bluetooth onDataReceived() called
2025-12-17 23:43:37.004  3972-4009  AsgClientServiceV2      com.mentra.asg_client                I  ğŸ“¥ Received 52 bytes from Bluetooth
2025-12-17 23:43:37.004  3972-4009  AsgClientServiceV2      com.mentra.asg_client                D  ğŸ“‹ Data preview: {"C":"cs_flts","B":{"type":49,"state":1,"index":16}}
2025-12-17 23:43:37.004  3972-4009  AsgClientServiceV2      com.mentra.asg_client                D  ğŸ”„ Delegating data processing to CommandProcessor
2025-12-17 23:43:37.004  3972-4009  JsonParser              com.mentra.asg_client                D  âœ… Successfully parsed direct JSON JSON: {"C":"cs_flts","B":{"type":49,"state":1,"index":16}}...
2025-12-17 23:43:37.005  3972-4009  CommandProcessor        com.mentra.asg_client                D  ğŸ“Š processJsonCommand() started{"C":"cs_flts","B":{"type":49,"state":1,"index":16}}
2025-12-17 23:43:37.006  3972-4009  CommandProtocolDetector com.mentra.asg_client                D  ğŸ“¦ Detected K900 protocol format: cs_flts
2025-12-17 23:43:37.007  3972-4009  CommandProtocolDetector com.mentra.asg_client                D  ğŸ” Protocol detected: ProtocolDetectionResult{type=K900 Protocol, commandType='k900_cs_flts', messageId=-1, valid=true}
2025-12-17 23:43:37.007  3972-4009  CommandProcessor        com.mentra.asg_client                I  ğŸ¯ Processing K900 protocol command
2025-12-17 23:43:37.007  3972-4009  K900CommandHandler      com.mentra.asg_client                D  ğŸ“¦ Received K900 command: cs_flts
2025-12-17 23:43:37.007  3972-4009  K900CommandHandler      com.mentra.asg_client                D  ğŸ“¦ File transfer ACK: state=1, index=16
2025-12-17 23:43:37.007  3972-4009  AsgClientServiceManager com.mentra.asg_client                D  ğŸ“¶ getBluetoothManager() called - returning: valid
2025-12-17 23:43:37.008  3972-4009  K900BluetoothManager    com.mentra.asg_client                D  ğŸ“Š File transfer ACK: state=1, index=16 (0-based: 15), ACK received after 16ms, consecutiveFailures=0, currentPacketIndex=15
2025-12-17 23:43:37.008  3972-4009  CommandProcessor        com.mentra.asg_client                W  âš ï¸ No command data extracted - processing complete{"C":"cs_flts","B":{"type":49,"state":1,"index":16}}
2025-12-17 23:43:37.009  3972-4009  AsgClientServiceV2      com.mentra.asg_client                D  âœ… Data processing delegated successfully
2025-12-17 23:43:37.084  3972-4278  K900BluetoothManager    com.mentra.asg_client                D  ğŸ“Š Sent file packet 16/52 (221 bytes) - UART send took 1ms, total method time: 1ms
2025-12-17 23:43:37.095  3972-4009  ComManager              com.mentra.asg_client                D  UART read: 59 bytes
2025-12-17 23:43:37.096  3972-4009  K900MessageParser       com.mentra.asg_client                D  Removed 59 bytes from buffer, 0 remaining
2025-12-17 23:43:37.096  3972-4009  BaseBluetoothManager    com.mentra.asg_client                D  Bluetooth data received: 52 bytes
2025-12-17 23:43:37.096  3972-4009  AsgClientServiceV2      com.mentra.asg_client                D  ğŸ“¥ Bluetooth onDataReceived() called
2025-12-17 23:43:37.096  3972-4009  AsgClientServiceV2      com.mentra.asg_client                I  ğŸ“¥ Received 52 bytes from Bluetooth
2025-12-17 23:43:37.096  3972-4009  AsgClientServiceV2      com.mentra.asg_client                D  ğŸ“‹ Data preview: {"C":"cs_flts","B":{"type":49,"state":1,"index":17}}
2025-12-17 23:43:37.096  3972-4009  AsgClientServiceV2      com.mentra.asg_client                D  ğŸ”„ Delegating data processing to CommandProcessor
2025-12-17 23:43:37.097  3972-4009  JsonParser              com.mentra.asg_client                D  âœ… Successfully parsed direct JSON JSON: {"C":"cs_flts","B":{"type":49,"state":1,"index":17}}...
2025-12-17 23:43:37.097  3972-4009  CommandProcessor        com.mentra.asg_client                D  ğŸ“Š processJsonCommand() started{"C":"cs_flts","B":{"type":49,"state":1,"index":17}}
2025-12-17 23:43:37.098  3972-4009  CommandProtocolDetector com.mentra.asg_client                D  ğŸ“¦ Detected K900 protocol format: cs_flts
2025-12-17 23:43:37.098  3972-4009  CommandProtocolDetector com.mentra.asg_client                D  ğŸ” Protocol detected: ProtocolDetectionResult{type=K900 Protocol, commandType='k900_cs_flts', messageId=-1, valid=true}
2025-12-17 23:43:37.099  3972-4009  CommandProcessor        com.mentra.asg_client                I  ğŸ¯ Processing K900 protocol command
2025-12-17 23:43:37.099  3972-4009  K900CommandHandler      com.mentra.asg_client                D  ğŸ“¦ Received K900 command: cs_flts
2025-12-17 23:43:37.099  3972-4009  K900CommandHandler      com.mentra.asg_client                D  ğŸ“¦ File transfer ACK: state=1, index=17
2025-12-17 23:43:37.099  3972-4009  AsgClientServiceManager com.mentra.asg_client                D  ğŸ“¶ getBluetoothManager() called - returning: valid
2025-12-17 23:43:37.099  3972-4009  K900BluetoothManager    com.mentra.asg_client                D  ğŸ“Š File transfer ACK: state=1, index=17 (0-based: 16), ACK received after 15ms, consecutiveFailures=0, currentPacketIndex=16
2025-12-17 23:43:37.100  3972-4009  CommandProcessor        com.mentra.asg_client                W  âš ï¸ No command data extracted - processing complete{"C":"cs_flts","B":{"type":49,"state":1,"index":17}}
2025-12-17 23:43:37.100  3972-4009  AsgClientServiceV2      com.mentra.asg_client                D  âœ… Data processing delegated successfully
2025-12-17 23:43:37.175  3972-4278  K900BluetoothManager    com.mentra.asg_client                D  ğŸ“Š Sent file packet 17/52 (221 bytes) - UART send took 0ms, total method time: 0ms
2025-12-17 23:43:37.187  3972-4009  ComManager              com.mentra.asg_client                D  UART read: 59 bytes
2025-12-17 23:43:37.187  3972-4009  K900MessageParser       com.mentra.asg_client                D  Removed 59 bytes from buffer, 0 remaining
2025-12-17 23:43:37.187  3972-4009  BaseBluetoothManager    com.mentra.asg_client                D  Bluetooth data received: 52 bytes
2025-12-17 23:43:37.187  3972-4009  AsgClientServiceV2      com.mentra.asg_client                D  ğŸ“¥ Bluetooth onDataReceived() called
2025-12-17 23:43:37.188  3972-4009  AsgClientServiceV2      com.mentra.asg_client                I  ğŸ“¥ Received 52 bytes from Bluetooth
2025-12-17 23:43:37.188  3972-4009  AsgClientServiceV2      com.mentra.asg_client                D  ğŸ“‹ Data preview: {"C":"cs_flts","B":{"type":49,"state":1,"index":18}}
2025-12-17 23:43:37.188  3972-4009  AsgClientServiceV2      com.mentra.asg_client                D  ğŸ”„ Delegating data processing to CommandProcessor
2025-12-17 23:43:37.188  3972-4009  JsonParser              com.mentra.asg_client                D  âœ… Successfully parsed direct JSON JSON: {"C":"cs_flts","B":{"type":49,"state":1,"index":18}}...
2025-12-17 23:43:37.189  3972-4009  CommandProcessor        com.mentra.asg_client                D  ğŸ“Š processJsonCommand() started{"C":"cs_flts","B":{"type":49,"state":1,"index":18}}
2025-12-17 23:43:37.189  3972-4009  CommandProtocolDetector com.mentra.asg_client                D  ğŸ“¦ Detected K900 protocol format: cs_flts
2025-12-17 23:43:37.190  3972-4009  CommandProtocolDetector com.mentra.asg_client                D  ğŸ” Protocol detected: ProtocolDetectionResult{type=K900 Protocol, commandType='k900_cs_flts', messageId=-1, valid=true}
2025-12-17 23:43:37.190  3972-4009  CommandProcessor        com.mentra.asg_client                I  ğŸ¯ Processing K900 protocol command
2025-12-17 23:43:37.190  3972-4009  K900CommandHandler      com.mentra.asg_client                D  ğŸ“¦ Received K900 command: cs_flts
2025-12-17 23:43:37.190  3972-4009  K900CommandHandler      com.mentra.asg_client                D  ğŸ“¦ File transfer ACK: state=1, index=18
2025-12-17 23:43:37.191  3972-4009  AsgClientServiceManager com.mentra.asg_client                D  ğŸ“¶ getBluetoothManager() called - returning: valid
2025-12-17 23:43:37.191  3972-4009  K900BluetoothManager    com.mentra.asg_client                D  ğŸ“Š File transfer ACK: state=1, index=18 (0-based: 17), ACK received after 16ms, consecutiveFailures=0, currentPacketIndex=17
2025-12-17 23:43:37.191  3972-4009  CommandProcessor        com.mentra.asg_client                W  âš ï¸ No command data extracted - processing complete{"C":"cs_flts","B":{"type":49,"state":1,"index":18}}
2025-12-17 23:43:37.192  3972-4009  AsgClientServiceV2      com.mentra.asg_client                D  âœ… Data processing delegated successfully
2025-12-17 23:43:37.267  3972-4278  K900BluetoothManager    com.mentra.asg_client                D  ğŸ“Š Sent file packet 18/52 (221 bytes) - UART send took 1ms, total method time: 1ms
2025-12-17 23:43:37.278  3972-4009  ComManager              com.mentra.asg_client                D  UART read: 59 bytes
2025-12-17 23:43:37.278  3972-4009  K900MessageParser       com.mentra.asg_client                D  Removed 59 bytes from buffer, 0 remaining
2025-12-17 23:43:37.279  3972-4009  BaseBluetoothManager    com.mentra.asg_client                D  Bluetooth data received: 52 bytes
2025-12-17 23:43:37.279  3972-4009  AsgClientServiceV2      com.mentra.asg_client                D  ğŸ“¥ Bluetooth onDataReceived() called
2025-12-17 23:43:37.279  3972-4009  AsgClientServiceV2      com.mentra.asg_client                I  ğŸ“¥ Received 52 bytes from Bluetooth
2025-12-17 23:43:37.279  3972-4009  AsgClientServiceV2      com.mentra.asg_client                D  ğŸ“‹ Data preview: {"C":"cs_flts","B":{"type":49,"state":1,"index":19}}
2025-12-17 23:43:37.279  3972-4009  AsgClientServiceV2      com.mentra.asg_client                D  ğŸ”„ Delegating data processing to CommandProcessor
2025-12-17 23:43:37.279  3972-4009  JsonParser              com.mentra.asg_client                D  âœ… Successfully parsed direct JSON JSON: {"C":"cs_flts","B":{"type":49,"state":1,"index":19}}...
2025-12-17 23:43:37.280  3972-4009  CommandProcessor        com.mentra.asg_client                D  ğŸ“Š processJsonCommand() started{"C":"cs_flts","B":{"type":49,"state":1,"index":19}}
2025-12-17 23:43:37.281  3972-4009  CommandProtocolDetector com.mentra.asg_client                D  ğŸ“¦ Detected K900 protocol format: cs_flts
2025-12-17 23:43:37.282  3972-4009  CommandProtocolDetector com.mentra.asg_client                D  ğŸ” Protocol detected: ProtocolDetectionResult{type=K900 Protocol, commandType='k900_cs_flts', messageId=-1, valid=true}
2025-12-17 23:43:37.283  3972-4009  CommandProcessor        com.mentra.asg_client                I  ğŸ¯ Processing K900 protocol command
2025-12-17 23:43:37.283  3972-4009  K900CommandHandler      com.mentra.asg_client                D  ğŸ“¦ Received K900 command: cs_flts
2025-12-17 23:43:37.283  3972-4009  K900CommandHandler      com.mentra.asg_client                D  ğŸ“¦ File transfer ACK: state=1, index=19
2025-12-17 23:43:37.283  3972-4009  AsgClientServiceManager com.mentra.asg_client                D  ğŸ“¶ getBluetoothManager() called - returning: valid
2025-12-17 23:43:37.283  3972-4009  K900BluetoothManager    com.mentra.asg_client                D  ğŸ“Š File transfer ACK: state=1, index=19 (0-based: 18), ACK received after 16ms, consecutiveFailures=0, currentPacketIndex=18
2025-12-17 23:43:37.284  3972-4009  CommandProcessor        com.mentra.asg_client                W  âš ï¸ No command data extracted - processing complete{"C":"cs_flts","B":{"type":49,"state":1,"index":19}}
2025-12-17 23:43:37.284  3972-4009  AsgClientServiceV2      com.mentra.asg_client                D  âœ… Data processing delegated successfully
2025-12-17 23:43:37.359  3972-4278  K900BluetoothManager    com.mentra.asg_client                D  ğŸ“Š Sent file packet 19/52 (221 bytes) - UART send took 0ms, total method time: 0ms
2025-12-17 23:43:37.370  3972-4009  ComManager              com.mentra.asg_client                D  UART read: 59 bytes
2025-12-17 23:43:37.371  3972-4009  K900MessageParser       com.mentra.asg_client                D  Removed 59 bytes from buffer, 0 remaining
2025-12-17 23:43:37.371  3972-4009  BaseBluetoothManager    com.mentra.asg_client                D  Bluetooth data received: 52 bytes
2025-12-17 23:43:37.371  3972-4009  AsgClientServiceV2      com.mentra.asg_client                D  ğŸ“¥ Bluetooth onDataReceived() called
2025-12-17 23:43:37.371  3972-4009  AsgClientServiceV2      com.mentra.asg_client                I  ğŸ“¥ Received 52 bytes from Bluetooth
2025-12-17 23:43:37.371  3972-4009  AsgClientServiceV2      com.mentra.asg_client                D  ğŸ“‹ Data preview: {"C":"cs_flts","B":{"type":49,"state":1,"index":20}}
2025-12-17 23:43:37.371  3972-4009  AsgClientServiceV2      com.mentra.asg_client                D  ğŸ”„ Delegating data processing to CommandProcessor
2025-12-17 23:43:37.371  3972-4009  JsonParser              com.mentra.asg_client                D  âœ… Successfully parsed direct JSON JSON: {"C":"cs_flts","B":{"type":49,"state":1,"index":20}}...
2025-12-17 23:43:37.372  3972-4009  CommandProcessor        com.mentra.asg_client                D  ğŸ“Š processJsonCommand() started{"C":"cs_flts","B":{"type":49,"state":1,"index":20}}
2025-12-17 23:43:37.373  3972-4009  CommandProtocolDetector com.mentra.asg_client                D  ğŸ“¦ Detected K900 protocol format: cs_flts
2025-12-17 23:43:37.373  3972-4009  CommandProtocolDetector com.mentra.asg_client                D  ğŸ” Protocol detected: ProtocolDetectionResult{type=K900 Protocol, commandType='k900_cs_flts', messageId=-1, valid=true}
2025-12-17 23:43:37.373  3972-4009  CommandProcessor        com.mentra.asg_client                I  ğŸ¯ Processing K900 protocol command
2025-12-17 23:43:37.374  3972-4009  K900CommandHandler      com.mentra.asg_client                D  ğŸ“¦ Received K900 command: cs_flts
2025-12-17 23:43:37.374  3972-4009  K900CommandHandler      com.mentra.asg_client                D  ğŸ“¦ File transfer ACK: state=1, index=20
2025-12-17 23:43:37.374  3972-4009  AsgClientServiceManager com.mentra.asg_client                D  ğŸ“¶ getBluetoothManager() called - returning: valid
2025-12-17 23:43:37.374  3972-4009  K900BluetoothManager    com.mentra.asg_client                D  ğŸ“Š File transfer ACK: state=1, index=20 (0-based: 19), ACK received after 15ms, consecutiveFailures=0, currentPacketIndex=19
2025-12-17 23:43:37.375  3972-4009  CommandProcessor        com.mentra.asg_client                W  âš ï¸ No command data extracted - processing complete{"C":"cs_flts","B":{"type":49,"state":1,"index":20}}
2025-12-17 23:43:37.375  3972-4009  AsgClientServiceV2      com.mentra.asg_client                D  âœ… Data processing delegated successfully
2025-12-17 23:43:37.450  3972-4278  K900BluetoothManager    com.mentra.asg_client                D  ğŸ“Š Sent file packet 20/52 (221 bytes) - UART send took 0ms, total method time: 0ms
2025-12-17 23:43:37.462  3972-4009  ComManager              com.mentra.asg_client                D  UART read: 59 bytes
2025-12-17 23:43:37.462  3972-4009  K900MessageParser       com.mentra.asg_client                D  Removed 59 bytes from buffer, 0 remaining
2025-12-17 23:43:37.462  3972-4009  BaseBluetoothManager    com.mentra.asg_client                D  Bluetooth data received: 52 bytes
2025-12-17 23:43:37.462  3972-4009  AsgClientServiceV2      com.mentra.asg_client                D  ğŸ“¥ Bluetooth onDataReceived() called
2025-12-17 23:43:37.462  3972-4009  AsgClientServiceV2      com.mentra.asg_client                I  ğŸ“¥ Received 52 bytes from Bluetooth
2025-12-17 23:43:37.462  3972-4009  AsgClientServiceV2      com.mentra.asg_client                D  ğŸ“‹ Data preview: {"C":"cs_flts","B":{"type":49,"state":1,"index":21}}
2025-12-17 23:43:37.463  3972-4009  AsgClientServiceV2      com.mentra.asg_client                D  ğŸ”„ Delegating data processing to CommandProcessor
2025-12-17 23:43:37.463  3972-4009  JsonParser              com.mentra.asg_client                D  âœ… Successfully parsed direct JSON JSON: {"C":"cs_flts","B":{"type":49,"state":1,"index":21}}...
2025-12-17 23:43:37.463  3972-4009  CommandProcessor        com.mentra.asg_client                D  ğŸ“Š processJsonCommand() started{"C":"cs_flts","B":{"type":49,"state":1,"index":21}}
2025-12-17 23:43:37.463  3972-4009  CommandProtocolDetector com.mentra.asg_client                D  ğŸ“¦ Detected K900 protocol format: cs_flts
2025-12-17 23:43:37.464  3972-4009  CommandProtocolDetector com.mentra.asg_client                D  ğŸ” Protocol detected: ProtocolDetectionResult{type=K900 Protocol, commandType='k900_cs_flts', messageId=-1, valid=true}
2025-12-17 23:43:37.464  3972-4009  CommandProcessor        com.mentra.asg_client                I  ğŸ¯ Processing K900 protocol command
2025-12-17 23:43:37.464  3972-4009  K900CommandHandler      com.mentra.asg_client                D  ğŸ“¦ Received K900 command: cs_flts
2025-12-17 23:43:37.464  3972-4009  K900CommandHandler      com.mentra.asg_client                D  ğŸ“¦ File transfer ACK: state=1, index=21
2025-12-17 23:43:37.464  3972-4009  AsgClientServiceManager com.mentra.asg_client                D  ğŸ“¶ getBluetoothManager() called - returning: valid
2025-12-17 23:43:37.464  3972-4009  K900BluetoothManager    com.mentra.asg_client                D  ğŸ“Š File transfer ACK: state=1, index=21 (0-based: 20), ACK received after 14ms, consecutiveFailures=0, currentPacketIndex=20
2025-12-17 23:43:37.464  3972-4009  CommandProcessor        com.mentra.asg_client                W  âš ï¸ No command data extracted - processing complete{"C":"cs_flts","B":{"type":49,"state":1,"index":21}}
2025-12-17 23:43:37.464  3972-4009  AsgClientServiceV2      com.mentra.asg_client                D  âœ… Data processing delegated successfully
2025-12-17 23:43:37.540  3972-4278  K900BluetoothManager    com.mentra.asg_client                D  ğŸ“Š Sent file packet 21/52 (221 bytes) - UART send took 0ms, total method time: 1ms
2025-12-17 23:43:37.551  3972-4009  ComManager              com.mentra.asg_client                D  UART read: 59 bytes
2025-12-17 23:43:37.551  3972-4009  K900MessageParser       com.mentra.asg_client                D  Removed 59 bytes from buffer, 0 remaining
2025-12-17 23:43:37.551  3972-4009  BaseBluetoothManager    com.mentra.asg_client                D  Bluetooth data received: 52 bytes
2025-12-17 23:43:37.551  3972-4009  AsgClientServiceV2      com.mentra.asg_client                D  ğŸ“¥ Bluetooth onDataReceived() called
2025-12-17 23:43:37.551  3972-4009  AsgClientServiceV2      com.mentra.asg_client                I  ğŸ“¥ Received 52 bytes from Bluetooth
2025-12-17 23:43:37.551  3972-4009  AsgClientServiceV2      com.mentra.asg_client                D  ğŸ“‹ Data preview: {"C":"cs_flts","B":{"type":49,"state":1,"index":22}}
2025-12-17 23:43:37.551  3972-4009  AsgClientServiceV2      com.mentra.asg_client                D  ğŸ”„ Delegating data processing to CommandProcessor
2025-12-17 23:43:37.551  3972-4009  JsonParser              com.mentra.asg_client                D  âœ… Successfully parsed direct JSON JSON: {"C":"cs_flts","B":{"type":49,"state":1,"index":22}}...
2025-12-17 23:43:37.552  3972-4009  CommandProcessor        com.mentra.asg_client                D  ğŸ“Š processJsonCommand() started{"C":"cs_flts","B":{"type":49,"state":1,"index":22}}
2025-12-17 23:43:37.552  3972-4009  CommandProtocolDetector com.mentra.asg_client                D  ğŸ“¦ Detected K900 protocol format: cs_flts
2025-12-17 23:43:37.553  3972-4009  CommandProtocolDetector com.mentra.asg_client                D  ğŸ” Protocol detected: ProtocolDetectionResult{type=K900 Protocol, commandType='k900_cs_flts', messageId=-1, valid=true}
2025-12-17 23:43:37.553  3972-4009  CommandProcessor        com.mentra.asg_client                I  ğŸ¯ Processing K900 protocol command
2025-12-17 23:43:37.553  3972-4009  K900CommandHandler      com.mentra.asg_client                D  ğŸ“¦ Received K900 command: cs_flts
2025-12-17 23:43:37.554  3972-4009  K900CommandHandler      com.mentra.asg_client                D  ğŸ“¦ File transfer ACK: state=1, index=22
2025-12-17 23:43:37.554  3972-4009  AsgClientServiceManager com.mentra.asg_client                D  ğŸ“¶ getBluetoothManager() called - returning: valid
2025-12-17 23:43:37.554  3972-4009  K900BluetoothManager    com.mentra.asg_client                D  ğŸ“Š File transfer ACK: state=1, index=22 (0-based: 21), ACK received after 14ms, consecutiveFailures=0, currentPacketIndex=21
2025-12-17 23:43:37.555  3972-4009  CommandProcessor        com.mentra.asg_client                W  âš ï¸ No command data extracted - processing complete{"C":"cs_flts","B":{"type":49,"state":1,"index":22}}
2025-12-17 23:43:37.555  3972-4009  AsgClientServiceV2      com.mentra.asg_client                D  âœ… Data processing delegated successfully
2025-12-17 23:43:37.630  3972-4278  K900BluetoothManager    com.mentra.asg_client                D  ğŸ“Š Sent file packet 22/52 (221 bytes) - UART send took 0ms, total method time: 0ms
2025-12-17 23:43:37.641  3972-4009  ComManager              com.mentra.asg_client                D  UART read: 59 bytes
2025-12-17 23:43:37.641  3972-4009  K900MessageParser       com.mentra.asg_client                D  Removed 59 bytes from buffer, 0 remaining
2025-12-17 23:43:37.641  3972-4009  BaseBluetoothManager    com.mentra.asg_client                D  Bluetooth data received: 52 bytes
2025-12-17 23:43:37.641  3972-4009  AsgClientServiceV2      com.mentra.asg_client                D  ğŸ“¥ Bluetooth onDataReceived() called
2025-12-17 23:43:37.641  3972-4009  AsgClientServiceV2      com.mentra.asg_client                I  ğŸ“¥ Received 52 bytes from Bluetooth
2025-12-17 23:43:37.641  3972-4009  AsgClientServiceV2      com.mentra.asg_client                D  ğŸ“‹ Data preview: {"C":"cs_flts","B":{"type":49,"state":1,"index":23}}
2025-12-17 23:43:37.641  3972-4009  AsgClientServiceV2      com.mentra.asg_client                D  ğŸ”„ Delegating data processing to CommandProcessor
2025-12-17 23:43:37.642  3972-4009  JsonParser              com.mentra.asg_client                D  âœ… Successfully parsed direct JSON JSON: {"C":"cs_flts","B":{"type":49,"state":1,"index":23}}...
2025-12-17 23:43:37.642  3972-4009  CommandProcessor        com.mentra.asg_client                D  ğŸ“Š processJsonCommand() started{"C":"cs_flts","B":{"type":49,"state":1,"index":23}}
2025-12-17 23:43:37.643  3972-4009  CommandProtocolDetector com.mentra.asg_client                D  ğŸ“¦ Detected K900 protocol format: cs_flts
2025-12-17 23:43:37.643  3972-4009  CommandProtocolDetector com.mentra.asg_client                D  ğŸ” Protocol detected: ProtocolDetectionResult{type=K900 Protocol, commandType='k900_cs_flts', messageId=-1, valid=true}
2025-12-17 23:43:37.643  3972-4009  CommandProcessor        com.mentra.asg_client                I  ğŸ¯ Processing K900 protocol command
2025-12-17 23:43:37.643  3972-4009  K900CommandHandler      com.mentra.asg_client                D  ğŸ“¦ Received K900 command: cs_flts
2025-12-17 23:43:37.643  3972-4009  K900CommandHandler      com.mentra.asg_client                D  ğŸ“¦ File transfer ACK: state=1, index=23
2025-12-17 23:43:37.643  3972-4009  AsgClientServiceManager com.mentra.asg_client                D  ğŸ“¶ getBluetoothManager() called - returning: valid
2025-12-17 23:43:37.644  3972-4009  K900BluetoothManager    com.mentra.asg_client                D  ğŸ“Š File transfer ACK: state=1, index=23 (0-based: 22), ACK received after 14ms, consecutiveFailures=0, currentPacketIndex=22
2025-12-17 23:43:37.644  3972-4009  CommandProcessor        com.mentra.asg_client                W  âš ï¸ No command data extracted - processing complete{"C":"cs_flts","B":{"type":49,"state":1,"index":23}}
2025-12-17 23:43:37.644  3972-4009  AsgClientServiceV2      com.mentra.asg_client                D  âœ… Data processing delegated successfully
2025-12-17 23:43:37.678  3972-4433  CameraNeo               com.mentra.asg_client                D  Camera keep-alive timer expired, closing camera
2025-12-17 23:43:37.719  3972-4278  K900BluetoothManager    com.mentra.asg_client                D  ğŸ“Š Sent file packet 23/52 (221 bytes) - UART send took 0ms, total method time: 0ms
2025-12-17 23:43:37.730  3972-4009  ComManager              com.mentra.asg_client                D  UART read: 59 bytes
2025-12-17 23:43:37.730  3972-4009  K900MessageParser       com.mentra.asg_client                D  Removed 59 bytes from buffer, 0 remaining
2025-12-17 23:43:37.731  3972-4009  BaseBluetoothManager    com.mentra.asg_client                D  Bluetooth data received: 52 bytes
2025-12-17 23:43:37.731  3972-4009  AsgClientServiceV2      com.mentra.asg_client                D  ğŸ“¥ Bluetooth onDataReceived() called
2025-12-17 23:43:37.731  3972-4009  AsgClientServiceV2      com.mentra.asg_client                I  ğŸ“¥ Received 52 bytes from Bluetooth
2025-12-17 23:43:37.731  3972-4009  AsgClientServiceV2      com.mentra.asg_client                D  ğŸ“‹ Data preview: {"C":"cs_flts","B":{"type":49,"state":1,"index":24}}
2025-12-17 23:43:37.731  3972-4009  AsgClientServiceV2      com.mentra.asg_client                D  ğŸ”„ Delegating data processing to CommandProcessor
2025-12-17 23:43:37.731  3972-4009  JsonParser              com.mentra.asg_client                D  âœ… Successfully parsed direct JSON JSON: {"C":"cs_flts","B":{"type":49,"state":1,"index":24}}...
2025-12-17 23:43:37.732  3972-4009  CommandProcessor        com.mentra.asg_client                D  ğŸ“Š processJsonCommand() started{"C":"cs_flts","B":{"type":49,"state":1,"index":24}}
2025-12-17 23:43:37.733  3972-4009  CommandProtocolDetector com.mentra.asg_client                D  ğŸ“¦ Detected K900 protocol format: cs_flts
2025-12-17 23:43:37.733  3972-4009  CommandProtocolDetector com.mentra.asg_client                D  ğŸ” Protocol detected: ProtocolDetectionResult{type=K900 Protocol, commandType='k900_cs_flts', messageId=-1, valid=true}
2025-12-17 23:43:37.734  3972-4009  CommandProcessor        com.mentra.asg_client                I  ğŸ¯ Processing K900 protocol command
2025-12-17 23:43:37.734  3972-4009  K900CommandHandler      com.mentra.asg_client                D  ğŸ“¦ Received K900 command: cs_flts
2025-12-17 23:43:37.734  3972-4009  K900CommandHandler      com.mentra.asg_client                D  ğŸ“¦ File transfer ACK: state=1, index=24
2025-12-17 23:43:37.734  3972-4009  AsgClientServiceManager com.mentra.asg_client                D  ğŸ“¶ getBluetoothManager() called - returning: valid
2025-12-17 23:43:37.735  3972-4009  K900BluetoothManager    com.mentra.asg_client                D  ğŸ“Š File transfer ACK: state=1, index=24 (0-based: 23), ACK received after 16ms, consecutiveFailures=0, currentPacketIndex=23
2025-12-17 23:43:37.735  3972-4009  CommandProcessor        com.mentra.asg_client                W  âš ï¸ No command data extracted - processing complete{"C":"cs_flts","B":{"type":49,"state":1,"index":24}}
2025-12-17 23:43:37.736  3972-4009  AsgClientServiceV2      com.mentra.asg_client                D  âœ… Data processing delegated successfully
2025-12-17 23:43:37.811  3972-4278  K900BluetoothManager    com.mentra.asg_client                D  ğŸ“Š Sent file packet 24/52 (221 bytes) - UART send took 0ms, total method time: 1ms
2025-12-17 23:43:37.823  3972-4009  ComManager              com.mentra.asg_client                D  UART read: 59 bytes
2025-12-17 23:43:37.823  3972-4009  K900MessageParser       com.mentra.asg_client                D  Removed 59 bytes from buffer, 0 remaining
2025-12-17 23:43:37.824  3972-4009  BaseBluetoothManager    com.mentra.asg_client                D  Bluetooth data received: 52 bytes
2025-12-17 23:43:37.824  3972-4009  AsgClientServiceV2      com.mentra.asg_client                D  ğŸ“¥ Bluetooth onDataReceived() called
2025-12-17 23:43:37.824  3972-4009  AsgClientServiceV2      com.mentra.asg_client                I  ğŸ“¥ Received 52 bytes from Bluetooth
2025-12-17 23:43:37.825  3972-4009  AsgClientServiceV2      com.mentra.asg_client                D  ğŸ“‹ Data preview: {"C":"cs_flts","B":{"type":49,"state":1,"index":25}}
2025-12-17 23:43:37.825  3972-4009  AsgClientServiceV2      com.mentra.asg_client                D  ğŸ”„ Delegating data processing to CommandProcessor
2025-12-17 23:43:37.825  3972-4009  JsonParser              com.mentra.asg_client                D  âœ… Successfully parsed direct JSON JSON: {"C":"cs_flts","B":{"type":49,"state":1,"index":25}}...
2025-12-17 23:43:37.826  3972-4009  CommandProcessor        com.mentra.asg_client                D  ğŸ“Š processJsonCommand() started{"C":"cs_flts","B":{"type":49,"state":1,"index":25}}
2025-12-17 23:43:37.827  3972-4009  CommandProtocolDetector com.mentra.asg_client                D  ğŸ“¦ Detected K900 protocol format: cs_flts
2025-12-17 23:43:37.828  3972-4009  CommandProtocolDetector com.mentra.asg_client                D  ğŸ” Protocol detected: ProtocolDetectionResult{type=K900 Protocol, commandType='k900_cs_flts', messageId=-1, valid=true}
2025-12-17 23:43:37.828  3972-4009  CommandProcessor        com.mentra.asg_client                I  ğŸ¯ Processing K900 protocol command
2025-12-17 23:43:37.828  3972-4009  K900CommandHandler      com.mentra.asg_client                D  ğŸ“¦ Received K900 command: cs_flts
2025-12-17 23:43:37.829  3972-4009  K900CommandHandler      com.mentra.asg_client                D  ğŸ“¦ File transfer ACK: state=1, index=25
2025-12-17 23:43:37.829  3972-4009  AsgClientServiceManager com.mentra.asg_client                D  ğŸ“¶ getBluetoothManager() called - returning: valid
2025-12-17 23:43:37.829  3972-4009  K900BluetoothManager    com.mentra.asg_client                D  ğŸ“Š File transfer ACK: state=1, index=25 (0-based: 24), ACK received after 18ms, consecutiveFailures=0, currentPacketIndex=24
2025-12-17 23:43:37.829  3972-4009  CommandProcessor        com.mentra.asg_client                W  âš ï¸ No command data extracted - processing complete{"C":"cs_flts","B":{"type":49,"state":1,"index":25}}
2025-12-17 23:43:37.830  3972-4009  AsgClientServiceV2      com.mentra.asg_client                D  âœ… Data processing delegated successfully
2025-12-17 23:43:37.869  3972-4341  BufferQueueProducer     com.mentra.asg_client                I  [ImageReader-1280x720f100m12-3972-1](id:f8400000001,api:4,p:516,c:3972) disconnect(): api=4
2025-12-17 23:43:37.874  3972-4341  BufferQueueConsumer     com.mentra.asg_client                I  [ImageReader-1280x720f100m12-3972-1](id:f8400000001,api:0,p:-1,c:3972) disconnect()
2025-12-17 23:43:37.876  3972-4341  WakeLockManager         com.mentra.asg_client                D  CPU wake lock released
2025-12-17 23:43:37.878  3972-4341  WakeLockManager         com.mentra.asg_client                D  Screen wake lock released
2025-12-17 23:43:37.880  3972-3972  CameraNeo               com.mentra.asg_client                D  CameraNeo service destroying - Setting state to IDLE
2025-12-17 23:43:37.881  3972-3972  CameraNeo               com.mentra.asg_client                D  Cancelling camera keep-alive timer
2025-12-17 23:43:37.905  3972-4278  K900BluetoothManager    com.mentra.asg_client                D  ğŸ“Š Sent file packet 25/52 (221 bytes) - UART send took 0ms, total method time: 1ms
2025-12-17 23:43:37.917  3972-4009  ComManager              com.mentra.asg_client                D  UART read: 59 bytes
2025-12-17 23:43:37.917  3972-4009  K900MessageParser       com.mentra.asg_client                D  Removed 59 bytes from buffer, 0 remaining
2025-12-17 23:43:37.918  3972-4009  BaseBluetoothManager    com.mentra.asg_client                D  Bluetooth data received: 52 bytes
2025-12-17 23:43:37.918  3972-4009  AsgClientServiceV2      com.mentra.asg_client                D  ğŸ“¥ Bluetooth onDataReceived() called
2025-12-17 23:43:37.918  3972-4009  AsgClientServiceV2      com.mentra.asg_client                I  ğŸ“¥ Received 52 bytes from Bluetooth
2025-12-17 23:43:37.918  3972-4009  AsgClientServiceV2      com.mentra.asg_client                D  ğŸ“‹ Data preview: {"C":"cs_flts","B":{"type":49,"state":1,"index":26}}
2025-12-17 23:43:37.919  3972-4009  AsgClientServiceV2      com.mentra.asg_client                D  ğŸ”„ Delegating data processing to CommandProcessor
2025-12-17 23:43:37.919  3972-4009  JsonParser              com.mentra.asg_client                D  âœ… Successfully parsed direct JSON JSON: {"C":"cs_flts","B":{"type":49,"state":1,"index":26}}...
2025-12-17 23:43:37.919  3972-4009  CommandProcessor        com.mentra.asg_client                D  ğŸ“Š processJsonCommand() started{"C":"cs_flts","B":{"type":49,"state":1,"index":26}}
2025-12-17 23:43:37.920  3972-4009  CommandProtocolDetector com.mentra.asg_client                D  ğŸ“¦ Detected K900 protocol format: cs_flts
2025-12-17 23:43:37.921  3972-4009  CommandProtocolDetector com.mentra.asg_client                D  ğŸ” Protocol detected: ProtocolDetectionResult{type=K900 Protocol, commandType='k900_cs_flts', messageId=-1, valid=true}
2025-12-17 23:43:37.921  3972-4009  CommandProcessor        com.mentra.asg_client                I  ğŸ¯ Processing K900 protocol command
2025-12-17 23:43:37.921  3972-4009  K900CommandHandler      com.mentra.asg_client                D  ğŸ“¦ Received K900 command: cs_flts
2025-12-17 23:43:37.921  3972-4009  K900CommandHandler      com.mentra.asg_client                D  ğŸ“¦ File transfer ACK: state=1, index=26
2025-12-17 23:43:37.922  3972-4009  AsgClientServiceManager com.mentra.asg_client                D  ğŸ“¶ getBluetoothManager() called - returning: valid
2025-12-17 23:43:37.922  3972-4009  K900BluetoothManager    com.mentra.asg_client                D  ğŸ“Š File transfer ACK: state=1, index=26 (0-based: 25), ACK received after 17ms, consecutiveFailures=0, currentPacketIndex=25
2025-12-17 23:43:37.922  3972-4009  CommandProcessor        com.mentra.asg_client                W  âš ï¸ No command data extracted - processing complete{"C":"cs_flts","B":{"type":49,"state":1,"index":26}}
2025-12-17 23:43:37.923  3972-4009  AsgClientServiceV2      com.mentra.asg_client                D  âœ… Data processing delegated successfully
2025-12-17 23:43:37.998  3972-4278  K900BluetoothManager    com.mentra.asg_client                D  ğŸ“Š Sent file packet 26/52 (221 bytes) - UART send took 0ms, total method time: 0ms
2025-12-17 23:43:38.007  3972-4009  ComManager              com.mentra.asg_client                D  UART read: 59 bytes
2025-12-17 23:43:38.007  3972-4009  K900MessageParser       com.mentra.asg_client                D  Removed 59 bytes from buffer, 0 remaining
2025-12-17 23:43:38.007  3972-4009  BaseBluetoothManager    com.mentra.asg_client                D  Bluetooth data received: 52 bytes
2025-12-17 23:43:38.007  3972-4009  AsgClientServiceV2      com.mentra.asg_client                D  ğŸ“¥ Bluetooth onDataReceived() called
2025-12-17 23:43:38.007  3972-4009  AsgClientServiceV2      com.mentra.asg_client                I  ğŸ“¥ Received 52 bytes from Bluetooth
2025-12-17 23:43:38.008  3972-4009  AsgClientServiceV2      com.mentra.asg_client                D  ğŸ“‹ Data preview: {"C":"cs_flts","B":{"type":49,"state":1,"index":27}}
2025-12-17 23:43:38.008  3972-4009  AsgClientServiceV2      com.mentra.asg_client                D  ğŸ”„ Delegating data processing to CommandProcessor
2025-12-17 23:43:38.008  3972-4009  JsonParser              com.mentra.asg_client                D  âœ… Successfully parsed direct JSON JSON: {"C":"cs_flts","B":{"type":49,"state":1,"index":27}}...
2025-12-17 23:43:38.008  3972-4009  CommandProcessor        com.mentra.asg_client                D  ğŸ“Š processJsonCommand() started{"C":"cs_flts","B":{"type":49,"state":1,"index":27}}
2025-12-17 23:43:38.009  3972-4009  CommandProtocolDetector com.mentra.asg_client                D  ğŸ“¦ Detected K900 protocol format: cs_flts
2025-12-17 23:43:38.010  3972-4009  CommandProtocolDetector com.mentra.asg_client                D  ğŸ” Protocol detected: ProtocolDetectionResult{type=K900 Protocol, commandType='k900_cs_flts', messageId=-1, valid=true}
2025-12-17 23:43:38.010  3972-4009  CommandProcessor        com.mentra.asg_client                I  ğŸ¯ Processing K900 protocol command
2025-12-17 23:43:38.010  3972-4009  K900CommandHandler      com.mentra.asg_client                D  ğŸ“¦ Received K900 command: cs_flts
2025-12-17 23:43:38.010  3972-4009  K900CommandHandler      com.mentra.asg_client                D  ğŸ“¦ File transfer ACK: state=1, index=27
2025-12-17 23:43:38.010  3972-4009  AsgClientServiceManager com.mentra.asg_client                D  ğŸ“¶ getBluetoothManager() called - returning: valid
2025-12-17 23:43:38.010  3972-4009  K900BluetoothManager    com.mentra.asg_client                D  ğŸ“Š File transfer ACK: state=1, index=27 (0-based: 26), ACK received after 13ms, consecutiveFailures=0, currentPacketIndex=26
2025-12-17 23:43:38.011  3972-4009  CommandProcessor        com.mentra.asg_client                W  âš ï¸ No command data extracted - processing complete{"C":"cs_flts","B":{"type":49,"state":1,"index":27}}
2025-12-17 23:43:38.011  3972-4009  AsgClientServiceV2      com.mentra.asg_client                D  âœ… Data processing delegated successfully
2025-12-17 23:43:38.086  3972-4278  K900BluetoothManager    com.mentra.asg_client                D  ğŸ“Š Sent file packet 27/52 (221 bytes) - UART send took 0ms, total method time: 0ms
2025-12-17 23:43:38.095  3972-4009  ComManager              com.mentra.asg_client                D  UART read: 59 bytes
2025-12-17 23:43:38.095  3972-4009  K900MessageParser       com.mentra.asg_client                D  Removed 59 bytes from buffer, 0 remaining
2025-12-17 23:43:38.095  3972-4009  BaseBluetoothManager    com.mentra.asg_client                D  Bluetooth data received: 52 bytes
2025-12-17 23:43:38.096  3972-4009  AsgClientServiceV2      com.mentra.asg_client                D  ğŸ“¥ Bluetooth onDataReceived() called
2025-12-17 23:43:38.096  3972-4009  AsgClientServiceV2      com.mentra.asg_client                I  ğŸ“¥ Received 52 bytes from Bluetooth
2025-12-17 23:43:38.096  3972-4009  AsgClientServiceV2      com.mentra.asg_client                D  ğŸ“‹ Data preview: {"C":"cs_flts","B":{"type":49,"state":1,"index":28}}
